[1.568s] DEBUG:colcon:Command line arguments: ['/usr/bin/colcon', 'build']
[1.571s] DEBUG:colcon:Parsed command line arguments: Namespace(log_base=None, log_level=None, verb_name='build', build_base='build', install_base='install', merge_install=False, symlink_install=False, test_result_base=None, continue_on_error=False, executor='parallel', parallel_workers=4, event_handlers=None, ignore_user_meta=False, metas=['./colcon.meta'], base_paths=['.'], packages_ignore=None, packages_ignore_regex=None, paths=None, packages_up_to=None, packages_up_to_regex=None, packages_above=None, packages_above_and_dependencies=None, packages_above_depth=None, packages_select_by_dep=None, packages_skip_by_dep=None, packages_skip_up_to=None, packages_select_build_failed=False, packages_skip_build_finished=False, packages_select_test_failures=False, packages_skip_test_passed=False, packages_select=None, packages_skip=None, packages_select_regex=None, packages_skip_regex=None, packages_start=None, packages_end=None, allow_overriding=[], cmake_args=None, cmake_target=None, cmake_target_skip_unavailable=False, cmake_clean_cache=False, cmake_clean_first=False, cmake_force_configure=False, ament_cmake_args=None, catkin_cmake_args=None, catkin_skip_building_tests=False, verb_parser=<colcon_defaults.argument_parser.defaults.DefaultArgumentsDecorator object at 0x70f2b8f0e710>, verb_extension=<colcon_core.verb.build.BuildVerb object at 0x70f2b8f0e140>, main=<bound method BuildVerb.main of <colcon_core.verb.build.BuildVerb object at 0x70f2b8f0e140>>)
[2.903s] Level 1:colcon.colcon_core.package_discovery:discover_packages(colcon_meta) check parameters
[2.903s] Level 1:colcon.colcon_core.package_discovery:discover_packages(recursive) check parameters
[2.903s] Level 1:colcon.colcon_core.package_discovery:discover_packages(ignore) check parameters
[2.903s] Level 1:colcon.colcon_core.package_discovery:discover_packages(path) check parameters
[2.903s] Level 1:colcon.colcon_core.package_discovery:discover_packages(colcon_meta) discover
[2.903s] Level 1:colcon.colcon_core.package_discovery:discover_packages(recursive) discover
[2.903s] INFO:colcon.colcon_core.package_discovery:Crawling recursively for packages in '/home/brairlab/ros2_ws'
[2.903s] Level 1:colcon.colcon_core.package_identification:_identify(.) by extensions ['ignore', 'ignore_ament_install']
[2.904s] Level 1:colcon.colcon_core.package_identification:_identify(.) by extension 'ignore'
[2.904s] Level 1:colcon.colcon_core.package_identification:_identify(.) by extension 'ignore_ament_install'
[2.904s] Level 1:colcon.colcon_core.package_identification:_identify(.) by extensions ['colcon_pkg']
[2.904s] Level 1:colcon.colcon_core.package_identification:_identify(.) by extension 'colcon_pkg'
[2.904s] Level 1:colcon.colcon_core.package_identification:_identify(.) by extensions ['colcon_meta']
[2.904s] Level 1:colcon.colcon_core.package_identification:_identify(.) by extension 'colcon_meta'
[2.904s] Level 1:colcon.colcon_core.package_identification:_identify(.) by extensions ['ros']
[2.904s] Level 1:colcon.colcon_core.package_identification:_identify(.) by extension 'ros'
[3.060s] Level 1:colcon.colcon_core.package_identification:_identify(.) by extensions ['cmake', 'python']
[3.068s] Level 1:colcon.colcon_core.package_identification:_identify(.) by extension 'cmake'
[3.068s] Level 1:colcon.colcon_core.package_identification:_identify(.) by extension 'python'
[3.068s] Level 1:colcon.colcon_core.package_identification:_identify(.) by extensions ['python_setup_py']
[3.068s] Level 1:colcon.colcon_core.package_identification:_identify(.) by extension 'python_setup_py'
[3.068s] Level 1:colcon.colcon_core.package_identification:_identify(build) by extensions ['ignore', 'ignore_ament_install']
[3.068s] Level 1:colcon.colcon_core.package_identification:_identify(build) by extension 'ignore'
[3.068s] Level 1:colcon.colcon_core.package_identification:_identify(build) ignored
[3.068s] Level 1:colcon.colcon_core.package_identification:_identify(install) by extensions ['ignore', 'ignore_ament_install']
[3.068s] Level 1:colcon.colcon_core.package_identification:_identify(install) by extension 'ignore'
[3.068s] Level 1:colcon.colcon_core.package_identification:_identify(install) ignored
[3.106s] Level 1:colcon.colcon_core.package_identification:_identify(log) by extensions ['ignore', 'ignore_ament_install']
[3.107s] Level 1:colcon.colcon_core.package_identification:_identify(log) by extension 'ignore'
[3.107s] Level 1:colcon.colcon_core.package_identification:_identify(log) ignored
[3.108s] Level 1:colcon.colcon_core.package_identification:_identify(src) by extensions ['ignore', 'ignore_ament_install']
[3.108s] Level 1:colcon.colcon_core.package_identification:_identify(src) by extension 'ignore'
[3.108s] Level 1:colcon.colcon_core.package_identification:_identify(src) by extension 'ignore_ament_install'
[3.108s] Level 1:colcon.colcon_core.package_identification:_identify(src) by extensions ['colcon_pkg']
[3.108s] Level 1:colcon.colcon_core.package_identification:_identify(src) by extension 'colcon_pkg'
[3.108s] Level 1:colcon.colcon_core.package_identification:_identify(src) by extensions ['colcon_meta']
[3.108s] Level 1:colcon.colcon_core.package_identification:_identify(src) by extension 'colcon_meta'
[3.110s] Level 1:colcon.colcon_core.package_identification:_identify(src) by extensions ['ros']
[3.110s] Level 1:colcon.colcon_core.package_identification:_identify(src) by extension 'ros'
[3.111s] Level 1:colcon.colcon_core.package_identification:_identify(src) by extensions ['cmake', 'python']
[3.111s] Level 1:colcon.colcon_core.package_identification:_identify(src) by extension 'cmake'
[3.111s] Level 1:colcon.colcon_core.package_identification:_identify(src) by extension 'python'
[3.111s] Level 1:colcon.colcon_core.package_identification:_identify(src) by extensions ['python_setup_py']
[3.111s] Level 1:colcon.colcon_core.package_identification:_identify(src) by extension 'python_setup_py'
[3.114s] Level 1:colcon.colcon_core.package_identification:_identify(src/action_tutorials_interfaces) by extensions ['ignore', 'ignore_ament_install']
[3.128s] Level 1:colcon.colcon_core.package_identification:_identify(src/action_tutorials_interfaces) by extension 'ignore'
[3.128s] Level 1:colcon.colcon_core.package_identification:_identify(src/action_tutorials_interfaces) by extension 'ignore_ament_install'
[3.129s] Level 1:colcon.colcon_core.package_identification:_identify(src/action_tutorials_interfaces) by extensions ['colcon_pkg']
[3.129s] Level 1:colcon.colcon_core.package_identification:_identify(src/action_tutorials_interfaces) by extension 'colcon_pkg'
[3.129s] Level 1:colcon.colcon_core.package_identification:_identify(src/action_tutorials_interfaces) by extensions ['colcon_meta']
[3.129s] Level 1:colcon.colcon_core.package_identification:_identify(src/action_tutorials_interfaces) by extension 'colcon_meta'
[3.129s] Level 1:colcon.colcon_core.package_identification:_identify(src/action_tutorials_interfaces) by extensions ['ros']
[3.130s] Level 1:colcon.colcon_core.package_identification:_identify(src/action_tutorials_interfaces) by extension 'ros'
[3.205s] DEBUG:colcon.colcon_core.package_identification:Package 'src/action_tutorials_interfaces' with type 'ros.ament_cmake' and name 'action_tutorials_interfaces'
[3.217s] Level 1:colcon.colcon_core.package_identification:_identify(src/action_tutorials_py) by extensions ['ignore', 'ignore_ament_install']
[3.217s] Level 1:colcon.colcon_core.package_identification:_identify(src/action_tutorials_py) by extension 'ignore'
[3.218s] Level 1:colcon.colcon_core.package_identification:_identify(src/action_tutorials_py) by extension 'ignore_ament_install'
[3.218s] Level 1:colcon.colcon_core.package_identification:_identify(src/action_tutorials_py) by extensions ['colcon_pkg']
[3.218s] Level 1:colcon.colcon_core.package_identification:_identify(src/action_tutorials_py) by extension 'colcon_pkg'
[3.218s] Level 1:colcon.colcon_core.package_identification:_identify(src/action_tutorials_py) by extensions ['colcon_meta']
[3.218s] Level 1:colcon.colcon_core.package_identification:_identify(src/action_tutorials_py) by extension 'colcon_meta'
[3.218s] Level 1:colcon.colcon_core.package_identification:_identify(src/action_tutorials_py) by extensions ['ros']
[3.218s] Level 1:colcon.colcon_core.package_identification:_identify(src/action_tutorials_py) by extension 'ros'
[3.250s] DEBUG:colcon.colcon_core.package_identification:Package 'src/action_tutorials_py' with type 'ros.ament_python' and name 'action_tutorials_py'
[3.259s] Level 1:colcon.colcon_core.package_identification:_identify(src/build) by extensions ['ignore', 'ignore_ament_install']
[3.259s] Level 1:colcon.colcon_core.package_identification:_identify(src/build) by extension 'ignore'
[3.262s] Level 1:colcon.colcon_core.package_identification:_identify(src/build) ignored
[3.265s] Level 1:colcon.colcon_core.package_identification:_identify(src/install) by extensions ['ignore', 'ignore_ament_install']
[3.265s] Level 1:colcon.colcon_core.package_identification:_identify(src/install) by extension 'ignore'
[3.265s] Level 1:colcon.colcon_core.package_identification:_identify(src/install) ignored
[3.267s] Level 1:colcon.colcon_core.package_identification:_identify(src/log) by extensions ['ignore', 'ignore_ament_install']
[3.267s] Level 1:colcon.colcon_core.package_identification:_identify(src/log) by extension 'ignore'
[3.267s] Level 1:colcon.colcon_core.package_identification:_identify(src/log) ignored
[3.269s] Level 1:colcon.colcon_core.package_identification:_identify(src/my_package) by extensions ['ignore', 'ignore_ament_install']
[3.270s] Level 1:colcon.colcon_core.package_identification:_identify(src/my_package) by extension 'ignore'
[3.270s] Level 1:colcon.colcon_core.package_identification:_identify(src/my_package) by extension 'ignore_ament_install'
[3.270s] Level 1:colcon.colcon_core.package_identification:_identify(src/my_package) by extensions ['colcon_pkg']
[3.270s] Level 1:colcon.colcon_core.package_identification:_identify(src/my_package) by extension 'colcon_pkg'
[3.270s] Level 1:colcon.colcon_core.package_identification:_identify(src/my_package) by extensions ['colcon_meta']
[3.270s] Level 1:colcon.colcon_core.package_identification:_identify(src/my_package) by extension 'colcon_meta'
[3.270s] Level 1:colcon.colcon_core.package_identification:_identify(src/my_package) by extensions ['ros']
[3.270s] Level 1:colcon.colcon_core.package_identification:_identify(src/my_package) by extension 'ros'
[3.276s] DEBUG:colcon.colcon_core.package_identification:Package 'src/my_package' with type 'ros.ament_python' and name 'my_package'
[3.278s] Level 1:colcon.colcon_core.package_identification:_identify(src/py_pubs) by extensions ['ignore', 'ignore_ament_install']
[3.279s] Level 1:colcon.colcon_core.package_identification:_identify(src/py_pubs) by extension 'ignore'
[3.280s] Level 1:colcon.colcon_core.package_identification:_identify(src/py_pubs) by extension 'ignore_ament_install'
[3.280s] Level 1:colcon.colcon_core.package_identification:_identify(src/py_pubs) by extensions ['colcon_pkg']
[3.280s] Level 1:colcon.colcon_core.package_identification:_identify(src/py_pubs) by extension 'colcon_pkg'
[3.280s] Level 1:colcon.colcon_core.package_identification:_identify(src/py_pubs) by extensions ['colcon_meta']
[3.280s] Level 1:colcon.colcon_core.package_identification:_identify(src/py_pubs) by extension 'colcon_meta'
[3.280s] Level 1:colcon.colcon_core.package_identification:_identify(src/py_pubs) by extensions ['ros']
[3.280s] Level 1:colcon.colcon_core.package_identification:_identify(src/py_pubs) by extension 'ros'
[3.286s] DEBUG:colcon.colcon_core.package_identification:Package 'src/py_pubs' with type 'ros.ament_python' and name 'py_pubs'
[3.288s] Level 1:colcon.colcon_core.package_identification:_identify(src/py_srvcli) by extensions ['ignore', 'ignore_ament_install']
[3.289s] Level 1:colcon.colcon_core.package_identification:_identify(src/py_srvcli) by extension 'ignore'
[3.289s] Level 1:colcon.colcon_core.package_identification:_identify(src/py_srvcli) by extension 'ignore_ament_install'
[3.289s] Level 1:colcon.colcon_core.package_identification:_identify(src/py_srvcli) by extensions ['colcon_pkg']
[3.289s] Level 1:colcon.colcon_core.package_identification:_identify(src/py_srvcli) by extension 'colcon_pkg'
[3.289s] Level 1:colcon.colcon_core.package_identification:_identify(src/py_srvcli) by extensions ['colcon_meta']
[3.289s] Level 1:colcon.colcon_core.package_identification:_identify(src/py_srvcli) by extension 'colcon_meta'
[3.289s] Level 1:colcon.colcon_core.package_identification:_identify(src/py_srvcli) by extensions ['ros']
[3.289s] Level 1:colcon.colcon_core.package_identification:_identify(src/py_srvcli) by extension 'ros'
[3.296s] DEBUG:colcon.colcon_core.package_identification:Package 'src/py_srvcli' with type 'ros.ament_python' and name 'py_srvcli'
[3.299s] Level 1:colcon.colcon_core.package_identification:_identify(src/python_parameters) by extensions ['ignore', 'ignore_ament_install']
[3.299s] Level 1:colcon.colcon_core.package_identification:_identify(src/python_parameters) by extension 'ignore'
[3.299s] Level 1:colcon.colcon_core.package_identification:_identify(src/python_parameters) by extension 'ignore_ament_install'
[3.300s] Level 1:colcon.colcon_core.package_identification:_identify(src/python_parameters) by extensions ['colcon_pkg']
[3.300s] Level 1:colcon.colcon_core.package_identification:_identify(src/python_parameters) by extension 'colcon_pkg'
[3.300s] Level 1:colcon.colcon_core.package_identification:_identify(src/python_parameters) by extensions ['colcon_meta']
[3.300s] Level 1:colcon.colcon_core.package_identification:_identify(src/python_parameters) by extension 'colcon_meta'
[3.300s] Level 1:colcon.colcon_core.package_identification:_identify(src/python_parameters) by extensions ['ros']
[3.300s] Level 1:colcon.colcon_core.package_identification:_identify(src/python_parameters) by extension 'ros'
[3.303s] DEBUG:colcon.colcon_core.package_identification:Package 'src/python_parameters' with type 'ros.ament_python' and name 'python_parameters'
[3.306s] Level 1:colcon.colcon_core.package_identification:_identify(src/tutorial_interfaces) by extensions ['ignore', 'ignore_ament_install']
[3.307s] Level 1:colcon.colcon_core.package_identification:_identify(src/tutorial_interfaces) by extension 'ignore'
[3.307s] Level 1:colcon.colcon_core.package_identification:_identify(src/tutorial_interfaces) by extension 'ignore_ament_install'
[3.307s] Level 1:colcon.colcon_core.package_identification:_identify(src/tutorial_interfaces) by extensions ['colcon_pkg']
[3.307s] Level 1:colcon.colcon_core.package_identification:_identify(src/tutorial_interfaces) by extension 'colcon_pkg'
[3.307s] Level 1:colcon.colcon_core.package_identification:_identify(src/tutorial_interfaces) by extensions ['colcon_meta']
[3.307s] Level 1:colcon.colcon_core.package_identification:_identify(src/tutorial_interfaces) by extension 'colcon_meta'
[3.308s] Level 1:colcon.colcon_core.package_identification:_identify(src/tutorial_interfaces) by extensions ['ros']
[3.308s] Level 1:colcon.colcon_core.package_identification:_identify(src/tutorial_interfaces) by extension 'ros'
[3.312s] DEBUG:colcon.colcon_core.package_identification:Package 'src/tutorial_interfaces' with type 'ros.ament_cmake' and name 'tutorial_interfaces'
[3.313s] Level 1:colcon.colcon_core.package_discovery:discover_packages(recursive) using defaults
[3.313s] Level 1:colcon.colcon_core.package_discovery:discover_packages(ignore) discover
[3.313s] Level 1:colcon.colcon_core.package_discovery:discover_packages(ignore) using defaults
[3.313s] Level 1:colcon.colcon_core.package_discovery:discover_packages(path) discover
[3.313s] Level 1:colcon.colcon_core.package_discovery:discover_packages(path) using defaults
[3.736s] Level 1:colcon.colcon_core.package_discovery:discover_packages(prefix_path) check parameters
[3.736s] Level 1:colcon.colcon_core.package_discovery:discover_packages(prefix_path) discover
[3.760s] DEBUG:colcon.colcon_installed_package_information.package_discovery:Found 184 installed packages in /opt/ros/humble
[3.767s] Level 1:colcon.colcon_core.package_discovery:discover_packages(prefix_path) using defaults
[3.858s] Level 5:colcon.colcon_core.verb:set package 'action_tutorials_interfaces' build argument 'cmake_args' from command line to 'None'
[3.858s] Level 5:colcon.colcon_core.verb:set package 'action_tutorials_interfaces' build argument 'cmake_target' from command line to 'None'
[3.858s] Level 5:colcon.colcon_core.verb:set package 'action_tutorials_interfaces' build argument 'cmake_target_skip_unavailable' from command line to 'False'
[3.858s] Level 5:colcon.colcon_core.verb:set package 'action_tutorials_interfaces' build argument 'cmake_clean_cache' from command line to 'False'
[3.858s] Level 5:colcon.colcon_core.verb:set package 'action_tutorials_interfaces' build argument 'cmake_clean_first' from command line to 'False'
[3.858s] Level 5:colcon.colcon_core.verb:set package 'action_tutorials_interfaces' build argument 'cmake_force_configure' from command line to 'False'
[3.858s] Level 5:colcon.colcon_core.verb:set package 'action_tutorials_interfaces' build argument 'ament_cmake_args' from command line to 'None'
[3.858s] Level 5:colcon.colcon_core.verb:set package 'action_tutorials_interfaces' build argument 'catkin_cmake_args' from command line to 'None'
[3.858s] Level 5:colcon.colcon_core.verb:set package 'action_tutorials_interfaces' build argument 'catkin_skip_building_tests' from command line to 'False'
[3.858s] DEBUG:colcon.colcon_core.verb:Building package 'action_tutorials_interfaces' with the following arguments: {'ament_cmake_args': None, 'build_base': '/home/brairlab/ros2_ws/build/action_tutorials_interfaces', 'catkin_cmake_args': None, 'catkin_skip_building_tests': False, 'cmake_args': None, 'cmake_clean_cache': False, 'cmake_clean_first': False, 'cmake_force_configure': False, 'cmake_target': None, 'cmake_target_skip_unavailable': False, 'install_base': '/home/brairlab/ros2_ws/install/action_tutorials_interfaces', 'merge_install': False, 'path': '/home/brairlab/ros2_ws/src/action_tutorials_interfaces', 'symlink_install': False, 'test_result_base': None}
[3.859s] Level 5:colcon.colcon_core.verb:set package 'my_package' build argument 'cmake_args' from command line to 'None'
[3.859s] Level 5:colcon.colcon_core.verb:set package 'my_package' build argument 'cmake_target' from command line to 'None'
[3.859s] Level 5:colcon.colcon_core.verb:set package 'my_package' build argument 'cmake_target_skip_unavailable' from command line to 'False'
[3.859s] Level 5:colcon.colcon_core.verb:set package 'my_package' build argument 'cmake_clean_cache' from command line to 'False'
[3.859s] Level 5:colcon.colcon_core.verb:set package 'my_package' build argument 'cmake_clean_first' from command line to 'False'
[3.859s] Level 5:colcon.colcon_core.verb:set package 'my_package' build argument 'cmake_force_configure' from command line to 'False'
[3.859s] Level 5:colcon.colcon_core.verb:set package 'my_package' build argument 'ament_cmake_args' from command line to 'None'
[3.859s] Level 5:colcon.colcon_core.verb:set package 'my_package' build argument 'catkin_cmake_args' from command line to 'None'
[3.859s] Level 5:colcon.colcon_core.verb:set package 'my_package' build argument 'catkin_skip_building_tests' from command line to 'False'
[3.859s] DEBUG:colcon.colcon_core.verb:Building package 'my_package' with the following arguments: {'ament_cmake_args': None, 'build_base': '/home/brairlab/ros2_ws/build/my_package', 'catkin_cmake_args': None, 'catkin_skip_building_tests': False, 'cmake_args': None, 'cmake_clean_cache': False, 'cmake_clean_first': False, 'cmake_force_configure': False, 'cmake_target': None, 'cmake_target_skip_unavailable': False, 'install_base': '/home/brairlab/ros2_ws/install/my_package', 'merge_install': False, 'path': '/home/brairlab/ros2_ws/src/my_package', 'symlink_install': False, 'test_result_base': None}
[3.860s] Level 5:colcon.colcon_core.verb:set package 'py_pubs' build argument 'cmake_args' from command line to 'None'
[3.860s] Level 5:colcon.colcon_core.verb:set package 'py_pubs' build argument 'cmake_target' from command line to 'None'
[3.860s] Level 5:colcon.colcon_core.verb:set package 'py_pubs' build argument 'cmake_target_skip_unavailable' from command line to 'False'
[3.860s] Level 5:colcon.colcon_core.verb:set package 'py_pubs' build argument 'cmake_clean_cache' from command line to 'False'
[3.860s] Level 5:colcon.colcon_core.verb:set package 'py_pubs' build argument 'cmake_clean_first' from command line to 'False'
[3.860s] Level 5:colcon.colcon_core.verb:set package 'py_pubs' build argument 'cmake_force_configure' from command line to 'False'
[3.860s] Level 5:colcon.colcon_core.verb:set package 'py_pubs' build argument 'ament_cmake_args' from command line to 'None'
[3.860s] Level 5:colcon.colcon_core.verb:set package 'py_pubs' build argument 'catkin_cmake_args' from command line to 'None'
[3.860s] Level 5:colcon.colcon_core.verb:set package 'py_pubs' build argument 'catkin_skip_building_tests' from command line to 'False'
[3.860s] DEBUG:colcon.colcon_core.verb:Building package 'py_pubs' with the following arguments: {'ament_cmake_args': None, 'build_base': '/home/brairlab/ros2_ws/build/py_pubs', 'catkin_cmake_args': None, 'catkin_skip_building_tests': False, 'cmake_args': None, 'cmake_clean_cache': False, 'cmake_clean_first': False, 'cmake_force_configure': False, 'cmake_target': None, 'cmake_target_skip_unavailable': False, 'install_base': '/home/brairlab/ros2_ws/install/py_pubs', 'merge_install': False, 'path': '/home/brairlab/ros2_ws/src/py_pubs', 'symlink_install': False, 'test_result_base': None}
[3.861s] Level 5:colcon.colcon_core.verb:set package 'py_srvcli' build argument 'cmake_args' from command line to 'None'
[3.861s] Level 5:colcon.colcon_core.verb:set package 'py_srvcli' build argument 'cmake_target' from command line to 'None'
[3.861s] Level 5:colcon.colcon_core.verb:set package 'py_srvcli' build argument 'cmake_target_skip_unavailable' from command line to 'False'
[3.861s] Level 5:colcon.colcon_core.verb:set package 'py_srvcli' build argument 'cmake_clean_cache' from command line to 'False'
[3.861s] Level 5:colcon.colcon_core.verb:set package 'py_srvcli' build argument 'cmake_clean_first' from command line to 'False'
[3.861s] Level 5:colcon.colcon_core.verb:set package 'py_srvcli' build argument 'cmake_force_configure' from command line to 'False'
[3.861s] Level 5:colcon.colcon_core.verb:set package 'py_srvcli' build argument 'ament_cmake_args' from command line to 'None'
[3.861s] Level 5:colcon.colcon_core.verb:set package 'py_srvcli' build argument 'catkin_cmake_args' from command line to 'None'
[3.861s] Level 5:colcon.colcon_core.verb:set package 'py_srvcli' build argument 'catkin_skip_building_tests' from command line to 'False'
[3.861s] DEBUG:colcon.colcon_core.verb:Building package 'py_srvcli' with the following arguments: {'ament_cmake_args': None, 'build_base': '/home/brairlab/ros2_ws/build/py_srvcli', 'catkin_cmake_args': None, 'catkin_skip_building_tests': False, 'cmake_args': None, 'cmake_clean_cache': False, 'cmake_clean_first': False, 'cmake_force_configure': False, 'cmake_target': None, 'cmake_target_skip_unavailable': False, 'install_base': '/home/brairlab/ros2_ws/install/py_srvcli', 'merge_install': False, 'path': '/home/brairlab/ros2_ws/src/py_srvcli', 'symlink_install': False, 'test_result_base': None}
[3.886s] Level 5:colcon.colcon_core.verb:set package 'python_parameters' build argument 'cmake_args' from command line to 'None'
[3.894s] Level 5:colcon.colcon_core.verb:set package 'python_parameters' build argument 'cmake_target' from command line to 'None'
[3.894s] Level 5:colcon.colcon_core.verb:set package 'python_parameters' build argument 'cmake_target_skip_unavailable' from command line to 'False'
[3.894s] Level 5:colcon.colcon_core.verb:set package 'python_parameters' build argument 'cmake_clean_cache' from command line to 'False'
[3.897s] Level 5:colcon.colcon_core.verb:set package 'python_parameters' build argument 'cmake_clean_first' from command line to 'False'
[3.897s] Level 5:colcon.colcon_core.verb:set package 'python_parameters' build argument 'cmake_force_configure' from command line to 'False'
[3.897s] Level 5:colcon.colcon_core.verb:set package 'python_parameters' build argument 'ament_cmake_args' from command line to 'None'
[3.897s] Level 5:colcon.colcon_core.verb:set package 'python_parameters' build argument 'catkin_cmake_args' from command line to 'None'
[3.898s] Level 5:colcon.colcon_core.verb:set package 'python_parameters' build argument 'catkin_skip_building_tests' from command line to 'False'
[3.898s] DEBUG:colcon.colcon_core.verb:Building package 'python_parameters' with the following arguments: {'ament_cmake_args': None, 'build_base': '/home/brairlab/ros2_ws/build/python_parameters', 'catkin_cmake_args': None, 'catkin_skip_building_tests': False, 'cmake_args': None, 'cmake_clean_cache': False, 'cmake_clean_first': False, 'cmake_force_configure': False, 'cmake_target': None, 'cmake_target_skip_unavailable': False, 'install_base': '/home/brairlab/ros2_ws/install/python_parameters', 'merge_install': False, 'path': '/home/brairlab/ros2_ws/src/python_parameters', 'symlink_install': False, 'test_result_base': None}
[3.899s] Level 5:colcon.colcon_core.verb:set package 'tutorial_interfaces' build argument 'cmake_args' from command line to 'None'
[3.899s] Level 5:colcon.colcon_core.verb:set package 'tutorial_interfaces' build argument 'cmake_target' from command line to 'None'
[3.899s] Level 5:colcon.colcon_core.verb:set package 'tutorial_interfaces' build argument 'cmake_target_skip_unavailable' from command line to 'False'
[3.899s] Level 5:colcon.colcon_core.verb:set package 'tutorial_interfaces' build argument 'cmake_clean_cache' from command line to 'False'
[3.899s] Level 5:colcon.colcon_core.verb:set package 'tutorial_interfaces' build argument 'cmake_clean_first' from command line to 'False'
[3.899s] Level 5:colcon.colcon_core.verb:set package 'tutorial_interfaces' build argument 'cmake_force_configure' from command line to 'False'
[3.899s] Level 5:colcon.colcon_core.verb:set package 'tutorial_interfaces' build argument 'ament_cmake_args' from command line to 'None'
[3.899s] Level 5:colcon.colcon_core.verb:set package 'tutorial_interfaces' build argument 'catkin_cmake_args' from command line to 'None'
[3.899s] Level 5:colcon.colcon_core.verb:set package 'tutorial_interfaces' build argument 'catkin_skip_building_tests' from command line to 'False'
[3.899s] DEBUG:colcon.colcon_core.verb:Building package 'tutorial_interfaces' with the following arguments: {'ament_cmake_args': None, 'build_base': '/home/brairlab/ros2_ws/build/tutorial_interfaces', 'catkin_cmake_args': None, 'catkin_skip_building_tests': False, 'cmake_args': None, 'cmake_clean_cache': False, 'cmake_clean_first': False, 'cmake_force_configure': False, 'cmake_target': None, 'cmake_target_skip_unavailable': False, 'install_base': '/home/brairlab/ros2_ws/install/tutorial_interfaces', 'merge_install': False, 'path': '/home/brairlab/ros2_ws/src/tutorial_interfaces', 'symlink_install': False, 'test_result_base': None}
[3.900s] Level 5:colcon.colcon_core.verb:set package 'action_tutorials_py' build argument 'cmake_args' from command line to 'None'
[3.900s] Level 5:colcon.colcon_core.verb:set package 'action_tutorials_py' build argument 'cmake_target' from command line to 'None'
[3.900s] Level 5:colcon.colcon_core.verb:set package 'action_tutorials_py' build argument 'cmake_target_skip_unavailable' from command line to 'False'
[3.900s] Level 5:colcon.colcon_core.verb:set package 'action_tutorials_py' build argument 'cmake_clean_cache' from command line to 'False'
[3.900s] Level 5:colcon.colcon_core.verb:set package 'action_tutorials_py' build argument 'cmake_clean_first' from command line to 'False'
[3.900s] Level 5:colcon.colcon_core.verb:set package 'action_tutorials_py' build argument 'cmake_force_configure' from command line to 'False'
[3.900s] Level 5:colcon.colcon_core.verb:set package 'action_tutorials_py' build argument 'ament_cmake_args' from command line to 'None'
[3.900s] Level 5:colcon.colcon_core.verb:set package 'action_tutorials_py' build argument 'catkin_cmake_args' from command line to 'None'
[3.900s] Level 5:colcon.colcon_core.verb:set package 'action_tutorials_py' build argument 'catkin_skip_building_tests' from command line to 'False'
[3.900s] DEBUG:colcon.colcon_core.verb:Building package 'action_tutorials_py' with the following arguments: {'ament_cmake_args': None, 'build_base': '/home/brairlab/ros2_ws/build/action_tutorials_py', 'catkin_cmake_args': None, 'catkin_skip_building_tests': False, 'cmake_args': None, 'cmake_clean_cache': False, 'cmake_clean_first': False, 'cmake_force_configure': False, 'cmake_target': None, 'cmake_target_skip_unavailable': False, 'install_base': '/home/brairlab/ros2_ws/install/action_tutorials_py', 'merge_install': False, 'path': '/home/brairlab/ros2_ws/src/action_tutorials_py', 'symlink_install': False, 'test_result_base': None}
[3.901s] INFO:colcon.colcon_core.executor:Executing jobs using 'parallel' executor
[3.904s] DEBUG:colcon.colcon_parallel_executor.executor.parallel:run_until_complete
[3.904s] INFO:colcon.colcon_ros.task.ament_cmake.build:Building ROS package in '/home/brairlab/ros2_ws/src/action_tutorials_interfaces' with build type 'ament_cmake'
[3.905s] INFO:colcon.colcon_cmake.task.cmake.build:Building CMake package in '/home/brairlab/ros2_ws/src/action_tutorials_interfaces'
[3.995s] INFO:colcon.colcon_core.plugin_system:Skipping extension 'colcon_core.shell.bat': Not used on non-Windows systems
[3.997s] INFO:colcon.colcon_core.shell:Skip shell extension 'powershell' for command environment: Not usable outside of PowerShell
[3.999s] DEBUG:colcon.colcon_core.shell:Skip shell extension 'dsv' for command environment
[4.010s] INFO:colcon.colcon_ros.task.ament_python.build:Building ROS package in '/home/brairlab/ros2_ws/src/my_package' with build type 'ament_python'
[4.011s] Level 1:colcon.colcon_core.shell:create_environment_hook('my_package', 'ament_prefix_path')
[4.012s] INFO:colcon.colcon_core.shell:Creating environment hook '/home/brairlab/ros2_ws/install/my_package/share/my_package/hook/ament_prefix_path.ps1'
[4.023s] INFO:colcon.colcon_core.shell:Creating environment descriptor '/home/brairlab/ros2_ws/install/my_package/share/my_package/hook/ament_prefix_path.dsv'
[4.026s] INFO:colcon.colcon_core.shell:Creating environment hook '/home/brairlab/ros2_ws/install/my_package/share/my_package/hook/ament_prefix_path.sh'
[4.033s] INFO:colcon.colcon_core.shell:Skip shell extension 'powershell' for command environment: Not usable outside of PowerShell
[4.034s] DEBUG:colcon.colcon_core.shell:Skip shell extension 'dsv' for command environment
[4.050s] INFO:colcon.colcon_ros.task.ament_python.build:Building ROS package in '/home/brairlab/ros2_ws/src/py_pubs' with build type 'ament_python'
[4.050s] Level 1:colcon.colcon_core.shell:create_environment_hook('py_pubs', 'ament_prefix_path')
[4.051s] INFO:colcon.colcon_core.shell:Creating environment hook '/home/brairlab/ros2_ws/install/py_pubs/share/py_pubs/hook/ament_prefix_path.ps1'
[4.054s] INFO:colcon.colcon_core.shell:Creating environment descriptor '/home/brairlab/ros2_ws/install/py_pubs/share/py_pubs/hook/ament_prefix_path.dsv'
[4.056s] INFO:colcon.colcon_core.shell:Creating environment hook '/home/brairlab/ros2_ws/install/py_pubs/share/py_pubs/hook/ament_prefix_path.sh'
[4.062s] INFO:colcon.colcon_core.shell:Skip shell extension 'powershell' for command environment: Not usable outside of PowerShell
[4.062s] DEBUG:colcon.colcon_core.shell:Skip shell extension 'dsv' for command environment
[4.111s] INFO:colcon.colcon_ros.task.ament_python.build:Building ROS package in '/home/brairlab/ros2_ws/src/py_srvcli' with build type 'ament_python'
[4.112s] Level 1:colcon.colcon_core.shell:create_environment_hook('py_srvcli', 'ament_prefix_path')
[4.114s] INFO:colcon.colcon_core.shell:Creating environment hook '/home/brairlab/ros2_ws/install/py_srvcli/share/py_srvcli/hook/ament_prefix_path.ps1'
[4.134s] INFO:colcon.colcon_core.shell:Creating environment descriptor '/home/brairlab/ros2_ws/install/py_srvcli/share/py_srvcli/hook/ament_prefix_path.dsv'
[4.143s] INFO:colcon.colcon_core.shell:Creating environment hook '/home/brairlab/ros2_ws/install/py_srvcli/share/py_srvcli/hook/ament_prefix_path.sh'
[4.146s] INFO:colcon.colcon_core.shell:Skip shell extension 'powershell' for command environment: Not usable outside of PowerShell
[4.146s] DEBUG:colcon.colcon_core.shell:Skip shell extension 'dsv' for command environment
[4.219s] DEBUG:colcon.colcon_core.event_handler.log_command:Invoking command in '/home/brairlab/ros2_ws/build/action_tutorials_interfaces': CMAKE_PREFIX_PATH=/opt/ros/humble /usr/bin/cmake --build /home/brairlab/ros2_ws/build/action_tutorials_interfaces -- -j4 -l4
[5.379s] INFO:colcon.colcon_core.task.python.build:Building Python package in '/home/brairlab/ros2_ws/src/my_package'
[5.391s] INFO:colcon.colcon_core.shell:Skip shell extension 'powershell' for command environment: Not usable outside of PowerShell
[5.392s] DEBUG:colcon.colcon_core.shell:Skip shell extension 'dsv' for command environment
[6.524s] INFO:colcon.colcon_core.task.python.build:Building Python package in '/home/brairlab/ros2_ws/src/py_pubs'
[6.529s] INFO:colcon.colcon_core.shell:Skip shell extension 'powershell' for command environment: Not usable outside of PowerShell
[6.529s] DEBUG:colcon.colcon_core.shell:Skip shell extension 'dsv' for command environment
[7.697s] INFO:colcon.colcon_core.task.python.build:Building Python package in '/home/brairlab/ros2_ws/src/py_srvcli'
[7.705s] INFO:colcon.colcon_core.shell:Skip shell extension 'powershell' for command environment: Not usable outside of PowerShell
[7.706s] DEBUG:colcon.colcon_core.shell:Skip shell extension 'dsv' for command environment
[11.246s] DEBUG:colcon.colcon_core.event_handler.log_command:Invoking command in '/home/brairlab/ros2_ws/src/my_package': PYTHONPATH=/home/brairlab/ros2_ws/build/my_package/prefix_override:/usr/lib/python3/dist-packages/colcon_core/task/python/colcon_distutils_commands:/home/brairlab/ros2_ws/install/my_package/lib/python3.10/site-packages:${PYTHONPATH} /usr/bin/python3 -W ignore:setup.py install is deprecated -W ignore:easy_install command is deprecated setup.py egg_info --egg-base ../../build/my_package build --build-base /home/brairlab/ros2_ws/build/my_package/build install --record /home/brairlab/ros2_ws/build/my_package/install.log --single-version-externally-managed install_data
[11.371s] DEBUG:colcon.colcon_core.event_handler.log_command:Invoking command in '/home/brairlab/ros2_ws/src/py_pubs': PYTHONPATH=/home/brairlab/ros2_ws/build/py_pubs/prefix_override:/usr/lib/python3/dist-packages/colcon_core/task/python/colcon_distutils_commands:/home/brairlab/ros2_ws/install/py_pubs/lib/python3.10/site-packages:${PYTHONPATH} /usr/bin/python3 -W ignore:setup.py install is deprecated -W ignore:easy_install command is deprecated setup.py egg_info --egg-base ../../build/py_pubs build --build-base /home/brairlab/ros2_ws/build/py_pubs/build install --record /home/brairlab/ros2_ws/build/py_pubs/install.log --single-version-externally-managed install_data
[11.478s] DEBUG:colcon.colcon_core.event_handler.log_command:Invoking command in '/home/brairlab/ros2_ws/src/py_srvcli': PYTHONPATH=/home/brairlab/ros2_ws/build/py_srvcli/prefix_override:/usr/lib/python3/dist-packages/colcon_core/task/python/colcon_distutils_commands:/home/brairlab/ros2_ws/install/py_srvcli/lib/python3.10/site-packages:${PYTHONPATH} /usr/bin/python3 -W ignore:setup.py install is deprecated -W ignore:easy_install command is deprecated setup.py egg_info --egg-base ../../build/py_srvcli build --build-base /home/brairlab/ros2_ws/build/py_srvcli/build install --record /home/brairlab/ros2_ws/build/py_srvcli/install.log --single-version-externally-managed install_data
[12.823s] DEBUG:colcon.colcon_core.event_handler.log_command:Invoked command in '/home/brairlab/ros2_ws/src/my_package' returned '0': PYTHONPATH=/home/brairlab/ros2_ws/build/my_package/prefix_override:/usr/lib/python3/dist-packages/colcon_core/task/python/colcon_distutils_commands:/home/brairlab/ros2_ws/install/my_package/lib/python3.10/site-packages:${PYTHONPATH} /usr/bin/python3 -W ignore:setup.py install is deprecated -W ignore:easy_install command is deprecated setup.py egg_info --egg-base ../../build/my_package build --build-base /home/brairlab/ros2_ws/build/my_package/build install --record /home/brairlab/ros2_ws/build/my_package/install.log --single-version-externally-managed install_data
[12.964s] Level 1:colcon.colcon_core.environment:checking '/home/brairlab/ros2_ws/install/my_package' for CMake module files
[12.965s] Level 1:colcon.colcon_core.environment:checking '/home/brairlab/ros2_ws/install/my_package' for CMake config files
[12.966s] Level 1:colcon.colcon_core.environment:checking '/home/brairlab/ros2_ws/install/my_package/lib'
[12.966s] Level 1:colcon.colcon_core.environment:checking '/home/brairlab/ros2_ws/install/my_package/bin'
[12.966s] Level 1:colcon.colcon_core.environment:checking '/home/brairlab/ros2_ws/install/my_package/lib/pkgconfig/my_package.pc'
[12.966s] Level 1:colcon.colcon_core.environment:checking '/home/brairlab/ros2_ws/install/my_package/lib/python3.10/site-packages'
[12.966s] Level 1:colcon.colcon_core.shell:create_environment_hook('my_package', 'pythonpath')
[12.967s] INFO:colcon.colcon_core.shell:Creating environment hook '/home/brairlab/ros2_ws/install/my_package/share/my_package/hook/pythonpath.ps1'
[12.970s] INFO:colcon.colcon_core.shell:Creating environment descriptor '/home/brairlab/ros2_ws/install/my_package/share/my_package/hook/pythonpath.dsv'
[12.971s] INFO:colcon.colcon_core.shell:Creating environment hook '/home/brairlab/ros2_ws/install/my_package/share/my_package/hook/pythonpath.sh'
[12.978s] Level 1:colcon.colcon_core.environment:checking '/home/brairlab/ros2_ws/install/my_package/bin'
[12.978s] Level 1:colcon.colcon_core.environment:create_environment_scripts_only(my_package)
[12.979s] INFO:colcon.colcon_core.shell:Creating package script '/home/brairlab/ros2_ws/install/my_package/share/my_package/package.ps1'
[12.986s] INFO:colcon.colcon_core.shell:Creating package descriptor '/home/brairlab/ros2_ws/install/my_package/share/my_package/package.dsv'
[13.001s] INFO:colcon.colcon_core.shell:Creating package script '/home/brairlab/ros2_ws/install/my_package/share/my_package/package.sh'
[13.027s] INFO:colcon.colcon_core.shell:Creating package script '/home/brairlab/ros2_ws/install/my_package/share/my_package/package.bash'
[13.086s] INFO:colcon.colcon_core.shell:Creating package script '/home/brairlab/ros2_ws/install/my_package/share/my_package/package.zsh'
[13.101s] Level 1:colcon.colcon_core.environment:create_file_with_runtime_dependencies(/home/brairlab/ros2_ws/install/my_package/share/colcon-core/packages/my_package)
[13.111s] INFO:colcon.colcon_ros.task.ament_python.build:Building ROS package in '/home/brairlab/ros2_ws/src/python_parameters' with build type 'ament_python'
[13.111s] Level 1:colcon.colcon_core.shell:create_environment_hook('python_parameters', 'ament_prefix_path')
[13.112s] INFO:colcon.colcon_core.shell:Creating environment hook '/home/brairlab/ros2_ws/install/python_parameters/share/python_parameters/hook/ament_prefix_path.ps1'
[13.112s] INFO:colcon.colcon_core.shell:Creating environment descriptor '/home/brairlab/ros2_ws/install/python_parameters/share/python_parameters/hook/ament_prefix_path.dsv'
[13.114s] INFO:colcon.colcon_core.shell:Creating environment hook '/home/brairlab/ros2_ws/install/python_parameters/share/python_parameters/hook/ament_prefix_path.sh'
[13.115s] INFO:colcon.colcon_core.shell:Skip shell extension 'powershell' for command environment: Not usable outside of PowerShell
[13.115s] DEBUG:colcon.colcon_core.shell:Skip shell extension 'dsv' for command environment
[13.145s] DEBUG:colcon.colcon_core.event_handler.log_command:Invoked command in '/home/brairlab/ros2_ws/build/action_tutorials_interfaces' returned '0': CMAKE_PREFIX_PATH=/opt/ros/humble /usr/bin/cmake --build /home/brairlab/ros2_ws/build/action_tutorials_interfaces -- -j4 -l4
[13.650s] DEBUG:colcon.colcon_core.event_handler.log_command:Invoking command in '/home/brairlab/ros2_ws/build/action_tutorials_interfaces': CMAKE_PREFIX_PATH=/opt/ros/humble /usr/bin/cmake --install /home/brairlab/ros2_ws/build/action_tutorials_interfaces
[15.619s] INFO:colcon.colcon_core.task.python.build:Building Python package in '/home/brairlab/ros2_ws/src/python_parameters'
[15.620s] INFO:colcon.colcon_core.shell:Skip shell extension 'powershell' for command environment: Not usable outside of PowerShell
[15.621s] DEBUG:colcon.colcon_core.shell:Skip shell extension 'dsv' for command environment
[15.711s] Level 1:colcon.colcon_core.environment:create_environment_scripts_only(action_tutorials_interfaces)
[15.712s] Level 1:colcon.colcon_core.environment:checking '/home/brairlab/ros2_ws/install/action_tutorials_interfaces' for CMake module files
[15.713s] Level 1:colcon.colcon_core.environment:checking '/home/brairlab/ros2_ws/install/action_tutorials_interfaces' for CMake config files
[15.713s] Level 1:colcon.colcon_core.shell:create_environment_hook('action_tutorials_interfaces', 'cmake_prefix_path')
[15.714s] INFO:colcon.colcon_core.shell:Creating environment hook '/home/brairlab/ros2_ws/install/action_tutorials_interfaces/share/action_tutorials_interfaces/hook/cmake_prefix_path.ps1'
[15.714s] INFO:colcon.colcon_core.shell:Creating environment descriptor '/home/brairlab/ros2_ws/install/action_tutorials_interfaces/share/action_tutorials_interfaces/hook/cmake_prefix_path.dsv'
[15.715s] INFO:colcon.colcon_core.shell:Creating environment hook '/home/brairlab/ros2_ws/install/action_tutorials_interfaces/share/action_tutorials_interfaces/hook/cmake_prefix_path.sh'
[15.718s] Level 1:colcon.colcon_core.environment:checking '/home/brairlab/ros2_ws/install/action_tutorials_interfaces/lib'
[15.718s] Level 1:colcon.colcon_core.shell:create_environment_hook('action_tutorials_interfaces', 'ld_library_path_lib')
[15.712s] DEBUG:colcon.colcon_core.event_handler.log_command:Invoked command in '/home/brairlab/ros2_ws/build/action_tutorials_interfaces' returned '0': CMAKE_PREFIX_PATH=/opt/ros/humble /usr/bin/cmake --install /home/brairlab/ros2_ws/build/action_tutorials_interfaces
[15.719s] INFO:colcon.colcon_core.shell:Creating environment hook '/home/brairlab/ros2_ws/install/action_tutorials_interfaces/share/action_tutorials_interfaces/hook/ld_library_path_lib.ps1'
[15.720s] INFO:colcon.colcon_core.shell:Creating environment descriptor '/home/brairlab/ros2_ws/install/action_tutorials_interfaces/share/action_tutorials_interfaces/hook/ld_library_path_lib.dsv'
[15.721s] INFO:colcon.colcon_core.shell:Creating environment hook '/home/brairlab/ros2_ws/install/action_tutorials_interfaces/share/action_tutorials_interfaces/hook/ld_library_path_lib.sh'
[15.724s] Level 1:colcon.colcon_core.environment:checking '/home/brairlab/ros2_ws/install/action_tutorials_interfaces/bin'
[15.724s] Level 1:colcon.colcon_core.environment:checking '/home/brairlab/ros2_ws/install/action_tutorials_interfaces/lib/pkgconfig/action_tutorials_interfaces.pc'
[15.725s] Level 1:colcon.colcon_core.environment:checking '/home/brairlab/ros2_ws/install/action_tutorials_interfaces/lib/python3.10/site-packages'
[15.727s] Level 1:colcon.colcon_core.environment:checking '/home/brairlab/ros2_ws/install/action_tutorials_interfaces/bin'
[15.729s] INFO:colcon.colcon_core.shell:Creating package script '/home/brairlab/ros2_ws/install/action_tutorials_interfaces/share/action_tutorials_interfaces/package.ps1'
[15.731s] INFO:colcon.colcon_core.shell:Creating package descriptor '/home/brairlab/ros2_ws/install/action_tutorials_interfaces/share/action_tutorials_interfaces/package.dsv'
[15.733s] INFO:colcon.colcon_core.shell:Creating package script '/home/brairlab/ros2_ws/install/action_tutorials_interfaces/share/action_tutorials_interfaces/package.sh'
[15.735s] INFO:colcon.colcon_core.shell:Creating package script '/home/brairlab/ros2_ws/install/action_tutorials_interfaces/share/action_tutorials_interfaces/package.bash'
[15.736s] INFO:colcon.colcon_core.shell:Creating package script '/home/brairlab/ros2_ws/install/action_tutorials_interfaces/share/action_tutorials_interfaces/package.zsh'
[15.737s] Level 1:colcon.colcon_core.environment:create_file_with_runtime_dependencies(/home/brairlab/ros2_ws/install/action_tutorials_interfaces/share/colcon-core/packages/action_tutorials_interfaces)
[15.739s] Level 1:colcon.colcon_core.environment:create_environment_scripts_only(action_tutorials_interfaces)
[15.740s] Level 1:colcon.colcon_core.environment:checking '/home/brairlab/ros2_ws/install/action_tutorials_interfaces' for CMake module files
[15.741s] Level 1:colcon.colcon_core.environment:checking '/home/brairlab/ros2_ws/install/action_tutorials_interfaces' for CMake config files
[15.742s] Level 1:colcon.colcon_core.shell:create_environment_hook('action_tutorials_interfaces', 'cmake_prefix_path')
[15.742s] INFO:colcon.colcon_core.shell:Creating environment hook '/home/brairlab/ros2_ws/install/action_tutorials_interfaces/share/action_tutorials_interfaces/hook/cmake_prefix_path.ps1'
[15.743s] INFO:colcon.colcon_core.shell:Creating environment descriptor '/home/brairlab/ros2_ws/install/action_tutorials_interfaces/share/action_tutorials_interfaces/hook/cmake_prefix_path.dsv'
[15.744s] INFO:colcon.colcon_core.shell:Creating environment hook '/home/brairlab/ros2_ws/install/action_tutorials_interfaces/share/action_tutorials_interfaces/hook/cmake_prefix_path.sh'
[15.749s] Level 1:colcon.colcon_core.environment:checking '/home/brairlab/ros2_ws/install/action_tutorials_interfaces/lib'
[15.750s] Level 1:colcon.colcon_core.shell:create_environment_hook('action_tutorials_interfaces', 'ld_library_path_lib')
[15.750s] INFO:colcon.colcon_core.shell:Creating environment hook '/home/brairlab/ros2_ws/install/action_tutorials_interfaces/share/action_tutorials_interfaces/hook/ld_library_path_lib.ps1'
[15.751s] INFO:colcon.colcon_core.shell:Creating environment descriptor '/home/brairlab/ros2_ws/install/action_tutorials_interfaces/share/action_tutorials_interfaces/hook/ld_library_path_lib.dsv'
[15.754s] INFO:colcon.colcon_core.shell:Creating environment hook '/home/brairlab/ros2_ws/install/action_tutorials_interfaces/share/action_tutorials_interfaces/hook/ld_library_path_lib.sh'
[15.755s] Level 1:colcon.colcon_core.environment:checking '/home/brairlab/ros2_ws/install/action_tutorials_interfaces/bin'
[15.755s] Level 1:colcon.colcon_core.environment:checking '/home/brairlab/ros2_ws/install/action_tutorials_interfaces/lib/pkgconfig/action_tutorials_interfaces.pc'
[15.755s] Level 1:colcon.colcon_core.environment:checking '/home/brairlab/ros2_ws/install/action_tutorials_interfaces/lib/python3.10/site-packages'
[15.756s] Level 1:colcon.colcon_core.environment:checking '/home/brairlab/ros2_ws/install/action_tutorials_interfaces/bin'
[15.756s] INFO:colcon.colcon_core.shell:Creating package script '/home/brairlab/ros2_ws/install/action_tutorials_interfaces/share/action_tutorials_interfaces/package.ps1'
[15.758s] INFO:colcon.colcon_core.shell:Creating package descriptor '/home/brairlab/ros2_ws/install/action_tutorials_interfaces/share/action_tutorials_interfaces/package.dsv'
[15.761s] INFO:colcon.colcon_core.shell:Creating package script '/home/brairlab/ros2_ws/install/action_tutorials_interfaces/share/action_tutorials_interfaces/package.sh'
[15.767s] INFO:colcon.colcon_core.shell:Creating package script '/home/brairlab/ros2_ws/install/action_tutorials_interfaces/share/action_tutorials_interfaces/package.bash'
[15.768s] INFO:colcon.colcon_core.shell:Creating package script '/home/brairlab/ros2_ws/install/action_tutorials_interfaces/share/action_tutorials_interfaces/package.zsh'
[15.770s] Level 1:colcon.colcon_core.environment:create_file_with_runtime_dependencies(/home/brairlab/ros2_ws/install/action_tutorials_interfaces/share/colcon-core/packages/action_tutorials_interfaces)
[15.772s] Level 1:colcon.colcon_core.environment:checking '/home/brairlab/ros2_ws/install/py_srvcli' for CMake module files
[15.781s] DEBUG:colcon.colcon_core.event_handler.log_command:Invoked command in '/home/brairlab/ros2_ws/src/py_srvcli' returned '0': PYTHONPATH=/home/brairlab/ros2_ws/build/py_srvcli/prefix_override:/usr/lib/python3/dist-packages/colcon_core/task/python/colcon_distutils_commands:/home/brairlab/ros2_ws/install/py_srvcli/lib/python3.10/site-packages:${PYTHONPATH} /usr/bin/python3 -W ignore:setup.py install is deprecated -W ignore:easy_install command is deprecated setup.py egg_info --egg-base ../../build/py_srvcli build --build-base /home/brairlab/ros2_ws/build/py_srvcli/build install --record /home/brairlab/ros2_ws/build/py_srvcli/install.log --single-version-externally-managed install_data
[15.788s] Level 1:colcon.colcon_core.environment:checking '/home/brairlab/ros2_ws/install/py_srvcli' for CMake config files
[15.798s] Level 1:colcon.colcon_core.environment:checking '/home/brairlab/ros2_ws/install/py_srvcli/lib'
[15.799s] Level 1:colcon.colcon_core.environment:checking '/home/brairlab/ros2_ws/install/py_srvcli/bin'
[15.799s] Level 1:colcon.colcon_core.environment:checking '/home/brairlab/ros2_ws/install/py_srvcli/lib/pkgconfig/py_srvcli.pc'
[15.799s] Level 1:colcon.colcon_core.environment:checking '/home/brairlab/ros2_ws/install/py_srvcli/lib/python3.10/site-packages'
[15.799s] Level 1:colcon.colcon_core.shell:create_environment_hook('py_srvcli', 'pythonpath')
[15.800s] INFO:colcon.colcon_core.shell:Creating environment hook '/home/brairlab/ros2_ws/install/py_srvcli/share/py_srvcli/hook/pythonpath.ps1'
[15.803s] INFO:colcon.colcon_core.shell:Creating environment descriptor '/home/brairlab/ros2_ws/install/py_srvcli/share/py_srvcli/hook/pythonpath.dsv'
[15.804s] INFO:colcon.colcon_core.shell:Creating environment hook '/home/brairlab/ros2_ws/install/py_srvcli/share/py_srvcli/hook/pythonpath.sh'
[15.807s] Level 1:colcon.colcon_core.environment:checking '/home/brairlab/ros2_ws/install/py_srvcli/bin'
[15.808s] Level 1:colcon.colcon_core.environment:create_environment_scripts_only(py_srvcli)
[15.809s] INFO:colcon.colcon_core.shell:Creating package script '/home/brairlab/ros2_ws/install/py_srvcli/share/py_srvcli/package.ps1'
[15.811s] INFO:colcon.colcon_core.shell:Creating package descriptor '/home/brairlab/ros2_ws/install/py_srvcli/share/py_srvcli/package.dsv'
[15.812s] INFO:colcon.colcon_core.shell:Creating package script '/home/brairlab/ros2_ws/install/py_srvcli/share/py_srvcli/package.sh'
[15.815s] INFO:colcon.colcon_core.shell:Creating package script '/home/brairlab/ros2_ws/install/py_srvcli/share/py_srvcli/package.bash'
[15.817s] INFO:colcon.colcon_core.shell:Creating package script '/home/brairlab/ros2_ws/install/py_srvcli/share/py_srvcli/package.zsh'
[15.819s] Level 1:colcon.colcon_core.environment:create_file_with_runtime_dependencies(/home/brairlab/ros2_ws/install/py_srvcli/share/colcon-core/packages/py_srvcli)
[15.821s] Level 1:colcon.colcon_core.environment:checking '/home/brairlab/ros2_ws/install/py_pubs' for CMake module files
[15.828s] Level 1:colcon.colcon_core.environment:checking '/home/brairlab/ros2_ws/install/py_pubs' for CMake config files
[15.876s] DEBUG:colcon.colcon_core.event_handler.log_command:Invoked command in '/home/brairlab/ros2_ws/src/py_pubs' returned '0': PYTHONPATH=/home/brairlab/ros2_ws/build/py_pubs/prefix_override:/usr/lib/python3/dist-packages/colcon_core/task/python/colcon_distutils_commands:/home/brairlab/ros2_ws/install/py_pubs/lib/python3.10/site-packages:${PYTHONPATH} /usr/bin/python3 -W ignore:setup.py install is deprecated -W ignore:easy_install command is deprecated setup.py egg_info --egg-base ../../build/py_pubs build --build-base /home/brairlab/ros2_ws/build/py_pubs/build install --record /home/brairlab/ros2_ws/build/py_pubs/install.log --single-version-externally-managed install_data
[15.878s] Level 1:colcon.colcon_core.environment:checking '/home/brairlab/ros2_ws/install/py_pubs/lib'
[15.879s] Level 1:colcon.colcon_core.environment:checking '/home/brairlab/ros2_ws/install/py_pubs/bin'
[15.879s] Level 1:colcon.colcon_core.environment:checking '/home/brairlab/ros2_ws/install/py_pubs/lib/pkgconfig/py_pubs.pc'
[15.880s] Level 1:colcon.colcon_core.environment:checking '/home/brairlab/ros2_ws/install/py_pubs/lib/python3.10/site-packages'
[15.880s] Level 1:colcon.colcon_core.shell:create_environment_hook('py_pubs', 'pythonpath')
[15.882s] INFO:colcon.colcon_core.shell:Creating environment hook '/home/brairlab/ros2_ws/install/py_pubs/share/py_pubs/hook/pythonpath.ps1'
[15.883s] INFO:colcon.colcon_core.shell:Creating environment descriptor '/home/brairlab/ros2_ws/install/py_pubs/share/py_pubs/hook/pythonpath.dsv'
[15.943s] INFO:colcon.colcon_core.shell:Creating environment hook '/home/brairlab/ros2_ws/install/py_pubs/share/py_pubs/hook/pythonpath.sh'
[15.949s] Level 1:colcon.colcon_core.environment:checking '/home/brairlab/ros2_ws/install/py_pubs/bin'
[15.949s] Level 1:colcon.colcon_core.environment:create_environment_scripts_only(py_pubs)
[15.950s] INFO:colcon.colcon_core.shell:Creating package script '/home/brairlab/ros2_ws/install/py_pubs/share/py_pubs/package.ps1'
[15.972s] INFO:colcon.colcon_core.shell:Creating package descriptor '/home/brairlab/ros2_ws/install/py_pubs/share/py_pubs/package.dsv'
[15.976s] INFO:colcon.colcon_core.shell:Creating package script '/home/brairlab/ros2_ws/install/py_pubs/share/py_pubs/package.sh'
[16.005s] INFO:colcon.colcon_core.shell:Creating package script '/home/brairlab/ros2_ws/install/py_pubs/share/py_pubs/package.bash'
[16.008s] INFO:colcon.colcon_core.shell:Creating package script '/home/brairlab/ros2_ws/install/py_pubs/share/py_pubs/package.zsh'
[16.009s] Level 1:colcon.colcon_core.environment:create_file_with_runtime_dependencies(/home/brairlab/ros2_ws/install/py_pubs/share/colcon-core/packages/py_pubs)
[16.013s] INFO:colcon.colcon_ros.task.ament_cmake.build:Building ROS package in '/home/brairlab/ros2_ws/src/tutorial_interfaces' with build type 'ament_cmake'
[16.014s] INFO:colcon.colcon_cmake.task.cmake.build:Building CMake package in '/home/brairlab/ros2_ws/src/tutorial_interfaces'
[16.015s] INFO:colcon.colcon_core.shell:Skip shell extension 'powershell' for command environment: Not usable outside of PowerShell
[16.015s] DEBUG:colcon.colcon_core.shell:Skip shell extension 'dsv' for command environment
[16.097s] INFO:colcon.colcon_ros.task.ament_python.build:Building ROS package in '/home/brairlab/ros2_ws/src/action_tutorials_py' with build type 'ament_python'
[16.097s] Level 1:colcon.colcon_core.shell:create_environment_hook('action_tutorials_py', 'ament_prefix_path')
[16.103s] INFO:colcon.colcon_core.shell:Creating environment hook '/home/brairlab/ros2_ws/install/action_tutorials_py/share/action_tutorials_py/hook/ament_prefix_path.ps1'
[16.116s] INFO:colcon.colcon_core.shell:Creating environment descriptor '/home/brairlab/ros2_ws/install/action_tutorials_py/share/action_tutorials_py/hook/ament_prefix_path.dsv'
[16.117s] INFO:colcon.colcon_core.shell:Creating environment hook '/home/brairlab/ros2_ws/install/action_tutorials_py/share/action_tutorials_py/hook/ament_prefix_path.sh'
[16.130s] INFO:colcon.colcon_core.shell:Skip shell extension 'powershell' for command environment: Not usable outside of PowerShell
[16.130s] DEBUG:colcon.colcon_core.shell:Skip shell extension 'dsv' for command environment
[16.407s] DEBUG:colcon.colcon_core.event_handler.log_command:Invoking command in '/home/brairlab/ros2_ws/build/tutorial_interfaces': CMAKE_PREFIX_PATH=/opt/ros/humble /usr/bin/cmake /home/brairlab/ros2_ws/src/tutorial_interfaces -DCMAKE_INSTALL_PREFIX=/home/brairlab/ros2_ws/install/tutorial_interfaces
[18.339s] INFO:colcon.colcon_core.task.python.build:Building Python package in '/home/brairlab/ros2_ws/src/action_tutorials_py'
[18.365s] INFO:colcon.colcon_core.shell:Skip shell extension 'powershell' for command environment: Not usable outside of PowerShell
[18.366s] DEBUG:colcon.colcon_core.shell:Skip shell extension 'dsv' for command environment
[19.389s] DEBUG:colcon.colcon_core.event_handler.log_command:Invoking command in '/home/brairlab/ros2_ws/src/python_parameters': PYTHONPATH=/home/brairlab/ros2_ws/build/python_parameters/prefix_override:/usr/lib/python3/dist-packages/colcon_core/task/python/colcon_distutils_commands:/home/brairlab/ros2_ws/install/python_parameters/lib/python3.10/site-packages:${PYTHONPATH} /usr/bin/python3 -W ignore:setup.py install is deprecated -W ignore:easy_install command is deprecated setup.py egg_info --egg-base ../../build/python_parameters build --build-base /home/brairlab/ros2_ws/build/python_parameters/build install --record /home/brairlab/ros2_ws/build/python_parameters/install.log --single-version-externally-managed install_data
[21.319s] Level 1:colcon.colcon_core.environment:checking '/home/brairlab/ros2_ws/install/python_parameters' for CMake module files
[21.331s] Level 1:colcon.colcon_core.environment:checking '/home/brairlab/ros2_ws/install/python_parameters' for CMake config files
[21.332s] DEBUG:colcon.colcon_core.event_handler.log_command:Invoked command in '/home/brairlab/ros2_ws/src/python_parameters' returned '0': PYTHONPATH=/home/brairlab/ros2_ws/build/python_parameters/prefix_override:/usr/lib/python3/dist-packages/colcon_core/task/python/colcon_distutils_commands:/home/brairlab/ros2_ws/install/python_parameters/lib/python3.10/site-packages:${PYTHONPATH} /usr/bin/python3 -W ignore:setup.py install is deprecated -W ignore:easy_install command is deprecated setup.py egg_info --egg-base ../../build/python_parameters build --build-base /home/brairlab/ros2_ws/build/python_parameters/build install --record /home/brairlab/ros2_ws/build/python_parameters/install.log --single-version-externally-managed install_data
[21.355s] Level 1:colcon.colcon_core.environment:checking '/home/brairlab/ros2_ws/install/python_parameters/lib'
[21.355s] Level 1:colcon.colcon_core.environment:checking '/home/brairlab/ros2_ws/install/python_parameters/bin'
[21.355s] Level 1:colcon.colcon_core.environment:checking '/home/brairlab/ros2_ws/install/python_parameters/lib/pkgconfig/python_parameters.pc'
[21.358s] Level 1:colcon.colcon_core.environment:checking '/home/brairlab/ros2_ws/install/python_parameters/lib/python3.10/site-packages'
[21.358s] Level 1:colcon.colcon_core.shell:create_environment_hook('python_parameters', 'pythonpath')
[21.363s] INFO:colcon.colcon_core.shell:Creating environment hook '/home/brairlab/ros2_ws/install/python_parameters/share/python_parameters/hook/pythonpath.ps1'
[21.414s] INFO:colcon.colcon_core.shell:Creating environment descriptor '/home/brairlab/ros2_ws/install/python_parameters/share/python_parameters/hook/pythonpath.dsv'
[21.428s] INFO:colcon.colcon_core.shell:Creating environment hook '/home/brairlab/ros2_ws/install/python_parameters/share/python_parameters/hook/pythonpath.sh'
[21.435s] Level 1:colcon.colcon_core.environment:checking '/home/brairlab/ros2_ws/install/python_parameters/bin'
[21.435s] Level 1:colcon.colcon_core.environment:create_environment_scripts_only(python_parameters)
[21.436s] INFO:colcon.colcon_core.shell:Creating package script '/home/brairlab/ros2_ws/install/python_parameters/share/python_parameters/package.ps1'
[21.439s] INFO:colcon.colcon_core.shell:Creating package descriptor '/home/brairlab/ros2_ws/install/python_parameters/share/python_parameters/package.dsv'
[21.442s] INFO:colcon.colcon_core.shell:Creating package script '/home/brairlab/ros2_ws/install/python_parameters/share/python_parameters/package.sh'
[21.447s] INFO:colcon.colcon_core.shell:Creating package script '/home/brairlab/ros2_ws/install/python_parameters/share/python_parameters/package.bash'
[21.449s] INFO:colcon.colcon_core.shell:Creating package script '/home/brairlab/ros2_ws/install/python_parameters/share/python_parameters/package.zsh'
[21.453s] Level 1:colcon.colcon_core.environment:create_file_with_runtime_dependencies(/home/brairlab/ros2_ws/install/python_parameters/share/colcon-core/packages/python_parameters)
[21.771s] DEBUG:colcon.colcon_core.event_handler.log_command:Invoking command in '/home/brairlab/ros2_ws/src/action_tutorials_py': AMENT_PREFIX_PATH=/home/brairlab/ros2_ws/install/action_tutorials_interfaces:${AMENT_PREFIX_PATH} CMAKE_PREFIX_PATH=/home/brairlab/ros2_ws/install/action_tutorials_interfaces LD_LIBRARY_PATH=/home/brairlab/ros2_ws/install/action_tutorials_interfaces/lib:${LD_LIBRARY_PATH} PYTHONPATH=/home/brairlab/ros2_ws/build/action_tutorials_py/prefix_override:/usr/lib/python3/dist-packages/colcon_core/task/python/colcon_distutils_commands:/home/brairlab/ros2_ws/install/action_tutorials_py/lib/python3.10/site-packages:/home/brairlab/ros2_ws/install/action_tutorials_interfaces/local/lib/python3.10/dist-packages:${PYTHONPATH} /usr/bin/python3 -W ignore:setup.py install is deprecated -W ignore:easy_install command is deprecated setup.py egg_info --egg-base ../../build/action_tutorials_py build --build-base /home/brairlab/ros2_ws/build/action_tutorials_py/build install --record /home/brairlab/ros2_ws/build/action_tutorials_py/install.log --single-version-externally-managed install_data
[22.737s] Level 1:colcon.colcon_core.environment:checking '/home/brairlab/ros2_ws/install/action_tutorials_py' for CMake module files
[22.739s] Level 1:colcon.colcon_core.environment:checking '/home/brairlab/ros2_ws/install/action_tutorials_py' for CMake config files
[22.746s] Level 1:colcon.colcon_core.environment:checking '/home/brairlab/ros2_ws/install/action_tutorials_py/lib'
[22.748s] DEBUG:colcon.colcon_core.event_handler.log_command:Invoked command in '/home/brairlab/ros2_ws/src/action_tutorials_py' returned '0': AMENT_PREFIX_PATH=/home/brairlab/ros2_ws/install/action_tutorials_interfaces:${AMENT_PREFIX_PATH} CMAKE_PREFIX_PATH=/home/brairlab/ros2_ws/install/action_tutorials_interfaces LD_LIBRARY_PATH=/home/brairlab/ros2_ws/install/action_tutorials_interfaces/lib:${LD_LIBRARY_PATH} PYTHONPATH=/home/brairlab/ros2_ws/build/action_tutorials_py/prefix_override:/usr/lib/python3/dist-packages/colcon_core/task/python/colcon_distutils_commands:/home/brairlab/ros2_ws/install/action_tutorials_py/lib/python3.10/site-packages:/home/brairlab/ros2_ws/install/action_tutorials_interfaces/local/lib/python3.10/dist-packages:${PYTHONPATH} /usr/bin/python3 -W ignore:setup.py install is deprecated -W ignore:easy_install command is deprecated setup.py egg_info --egg-base ../../build/action_tutorials_py build --build-base /home/brairlab/ros2_ws/build/action_tutorials_py/build install --record /home/brairlab/ros2_ws/build/action_tutorials_py/install.log --single-version-externally-managed install_data
[22.750s] Level 1:colcon.colcon_core.environment:checking '/home/brairlab/ros2_ws/install/action_tutorials_py/bin'
[22.750s] Level 1:colcon.colcon_core.environment:checking '/home/brairlab/ros2_ws/install/action_tutorials_py/lib/pkgconfig/action_tutorials_py.pc'
[22.751s] Level 1:colcon.colcon_core.environment:checking '/home/brairlab/ros2_ws/install/action_tutorials_py/lib/python3.10/site-packages'
[22.753s] Level 1:colcon.colcon_core.shell:create_environment_hook('action_tutorials_py', 'pythonpath')
[22.841s] INFO:colcon.colcon_core.shell:Creating environment hook '/home/brairlab/ros2_ws/install/action_tutorials_py/share/action_tutorials_py/hook/pythonpath.ps1'
[22.885s] INFO:colcon.colcon_core.shell:Creating environment descriptor '/home/brairlab/ros2_ws/install/action_tutorials_py/share/action_tutorials_py/hook/pythonpath.dsv'
[22.887s] INFO:colcon.colcon_core.shell:Creating environment hook '/home/brairlab/ros2_ws/install/action_tutorials_py/share/action_tutorials_py/hook/pythonpath.sh'
[22.931s] Level 1:colcon.colcon_core.environment:checking '/home/brairlab/ros2_ws/install/action_tutorials_py/bin'
[22.932s] Level 1:colcon.colcon_core.environment:create_environment_scripts_only(action_tutorials_py)
[22.933s] INFO:colcon.colcon_core.shell:Creating package script '/home/brairlab/ros2_ws/install/action_tutorials_py/share/action_tutorials_py/package.ps1'
[22.934s] INFO:colcon.colcon_core.shell:Creating package descriptor '/home/brairlab/ros2_ws/install/action_tutorials_py/share/action_tutorials_py/package.dsv'
[22.938s] INFO:colcon.colcon_core.shell:Creating package script '/home/brairlab/ros2_ws/install/action_tutorials_py/share/action_tutorials_py/package.sh'
[23.008s] INFO:colcon.colcon_core.shell:Creating package script '/home/brairlab/ros2_ws/install/action_tutorials_py/share/action_tutorials_py/package.bash'
[23.011s] INFO:colcon.colcon_core.shell:Creating package script '/home/brairlab/ros2_ws/install/action_tutorials_py/share/action_tutorials_py/package.zsh'
[23.012s] Level 1:colcon.colcon_core.environment:create_file_with_runtime_dependencies(/home/brairlab/ros2_ws/install/action_tutorials_py/share/colcon-core/packages/action_tutorials_py)
[23.946s] DEBUG:colcon.colcon_core.event_handler.log_command:Invoked command in '/home/brairlab/ros2_ws/build/tutorial_interfaces' returned '1': CMAKE_PREFIX_PATH=/opt/ros/humble /usr/bin/cmake /home/brairlab/ros2_ws/src/tutorial_interfaces -DCMAKE_INSTALL_PREFIX=/home/brairlab/ros2_ws/install/tutorial_interfaces
[24.213s] Level 1:colcon.colcon_core.environment:create_environment_scripts_only(tutorial_interfaces)
[24.214s] Level 1:colcon.colcon_core.environment:checking '/home/brairlab/ros2_ws/install/tutorial_interfaces' for CMake module files
[24.215s] Level 1:colcon.colcon_core.environment:checking '/home/brairlab/ros2_ws/install/tutorial_interfaces' for CMake config files
[24.215s] Level 1:colcon.colcon_core.environment:checking '/home/brairlab/ros2_ws/install/tutorial_interfaces/bin'
[24.215s] Level 1:colcon.colcon_core.environment:checking '/home/brairlab/ros2_ws/install/tutorial_interfaces/lib/pkgconfig/tutorial_interfaces.pc'
[24.216s] Level 1:colcon.colcon_core.environment:checking '/home/brairlab/ros2_ws/install/tutorial_interfaces/lib/python3.10/site-packages'
[24.223s] Level 1:colcon.colcon_core.environment:checking '/home/brairlab/ros2_ws/install/tutorial_interfaces/bin'
[24.223s] INFO:colcon.colcon_core.shell:Creating package script '/home/brairlab/ros2_ws/install/tutorial_interfaces/share/tutorial_interfaces/package.ps1'
[24.228s] INFO:colcon.colcon_core.shell:Creating package descriptor '/home/brairlab/ros2_ws/install/tutorial_interfaces/share/tutorial_interfaces/package.dsv'
[24.229s] INFO:colcon.colcon_core.shell:Creating package script '/home/brairlab/ros2_ws/install/tutorial_interfaces/share/tutorial_interfaces/package.sh'
[24.230s] INFO:colcon.colcon_core.shell:Creating package script '/home/brairlab/ros2_ws/install/tutorial_interfaces/share/tutorial_interfaces/package.bash'
[24.238s] INFO:colcon.colcon_core.shell:Creating package script '/home/brairlab/ros2_ws/install/tutorial_interfaces/share/tutorial_interfaces/package.zsh'
[24.241s] Level 1:colcon.colcon_core.environment:create_file_with_runtime_dependencies(/home/brairlab/ros2_ws/install/tutorial_interfaces/share/colcon-core/packages/tutorial_interfaces)
[24.260s] DEBUG:colcon.colcon_parallel_executor.executor.parallel:closing loop
[24.264s] DEBUG:colcon.colcon_parallel_executor.executor.parallel:loop closed
[24.264s] DEBUG:colcon.colcon_parallel_executor.executor.parallel:run_until_complete finished with '1'
[24.265s] DEBUG:colcon.colcon_core.event_reactor:joining thread
[24.344s] INFO:colcon.colcon_core.plugin_system:Skipping extension 'colcon_notification.desktop_notification.terminal_notifier': Not used on non-Darwin systems
[24.345s] INFO:colcon.colcon_core.plugin_system:Skipping extension 'colcon_notification.desktop_notification.win32': Not used on non-Windows systems
[24.345s] INFO:colcon.colcon_notification.desktop_notification:Sending desktop notification using 'notify2'
[24.706s] DEBUG:colcon.colcon_core.event_reactor:joined thread
[24.706s] INFO:colcon.colcon_core.shell:Creating prefix script '/home/brairlab/ros2_ws/install/local_setup.ps1'
[24.711s] INFO:colcon.colcon_core.shell:Creating prefix util module '/home/brairlab/ros2_ws/install/_local_setup_util_ps1.py'
[24.718s] INFO:colcon.colcon_core.shell:Creating prefix chain script '/home/brairlab/ros2_ws/install/setup.ps1'
[24.722s] INFO:colcon.colcon_core.shell:Creating prefix script '/home/brairlab/ros2_ws/install/local_setup.sh'
[24.727s] INFO:colcon.colcon_core.shell:Creating prefix util module '/home/brairlab/ros2_ws/install/_local_setup_util_sh.py'
[24.731s] INFO:colcon.colcon_core.shell:Creating prefix chain script '/home/brairlab/ros2_ws/install/setup.sh'
[24.739s] INFO:colcon.colcon_core.shell:Creating prefix script '/home/brairlab/ros2_ws/install/local_setup.bash'
[24.745s] INFO:colcon.colcon_core.shell:Creating prefix chain script '/home/brairlab/ros2_ws/install/setup.bash'
[24.809s] INFO:colcon.colcon_core.shell:Creating prefix script '/home/brairlab/ros2_ws/install/local_setup.zsh'
[24.819s] INFO:colcon.colcon_core.shell:Creating prefix chain script '/home/brairlab/ros2_ws/install/setup.zsh'
