[2.332s] Invoking command in '/home/brairlab/ros2_ws/src/py_pubs': PYTHONPATH=/home/brairlab/ros2_ws/build/py_pubs/prefix_override:/usr/lib/python3/dist-packages/colcon_core/task/python/colcon_distutils_commands:/home/brairlab/ros2_ws/install/py_pubs/lib/python3.10/site-packages:${PYTHONPATH} /usr/bin/python3 -W ignore:setup.py install is deprecated -W ignore:easy_install command is deprecated setup.py egg_info --egg-base ../../build/py_pubs build --build-base /home/brairlab/ros2_ws/build/py_pubs/build install --record /home/brairlab/ros2_ws/build/py_pubs/install.log --single-version-externally-managed install_data
[2.574s] running egg_info
[2.575s] writing ../../build/py_pubs/py_pubs.egg-info/PKG-INFO
[2.576s] writing dependency_links to ../../build/py_pubs/py_pubs.egg-info/dependency_links.txt
[2.577s] writing entry points to ../../build/py_pubs/py_pubs.egg-info/entry_points.txt
[2.577s] writing requirements to ../../build/py_pubs/py_pubs.egg-info/requires.txt
[2.578s] writing top-level names to ../../build/py_pubs/py_pubs.egg-info/top_level.txt
[2.582s] reading manifest file '../../build/py_pubs/py_pubs.egg-info/SOURCES.txt'
[2.584s] adding license file 'LICENSE'
[2.584s] writing manifest file '../../build/py_pubs/py_pubs.egg-info/SOURCES.txt'
[2.584s] running build
[2.585s] running build_py
[2.586s] copying py_pubs/publisher_member_function.py -> /home/brairlab/ros2_ws/build/py_pubs/build/lib/py_pubs
[2.586s] running install
[2.587s] running install_lib
[2.592s] copying /home/brairlab/ros2_ws/build/py_pubs/build/lib/py_pubs/publisher_member_function.py -> /home/brairlab/ros2_ws/install/py_pubs/lib/python3.10/site-packages/py_pubs
[2.593s] byte-compiling /home/brairlab/ros2_ws/install/py_pubs/lib/python3.10/site-packages/py_pubs/publisher_member_function.py to publisher_member_function.cpython-310.pyc
[2.593s] running install_data
[2.593s] running install_egg_info
[2.593s] removing '/home/brairlab/ros2_ws/install/py_pubs/lib/python3.10/site-packages/py_pubs-0.0.0-py3.10.egg-info' (and everything under it)
[2.603s] Copying ../../build/py_pubs/py_pubs.egg-info to /home/brairlab/ros2_ws/install/py_pubs/lib/python3.10/site-packages/py_pubs-0.0.0-py3.10.egg-info
[2.604s] running install_scripts
[2.627s] Installing talker script to /home/brairlab/ros2_ws/install/py_pubs/lib/py_pubs
[2.628s] writing list of installed files to '/home/brairlab/ros2_ws/build/py_pubs/install.log'
[2.656s] Invoked command in '/home/brairlab/ros2_ws/src/py_pubs' returned '0': PYTHONPATH=/home/brairlab/ros2_ws/build/py_pubs/prefix_override:/usr/lib/python3/dist-packages/colcon_core/task/python/colcon_distutils_commands:/home/brairlab/ros2_ws/install/py_pubs/lib/python3.10/site-packages:${PYTHONPATH} /usr/bin/python3 -W ignore:setup.py install is deprecated -W ignore:easy_install command is deprecated setup.py egg_info --egg-base ../../build/py_pubs build --build-base /home/brairlab/ros2_ws/build/py_pubs/build install --record /home/brairlab/ros2_ws/build/py_pubs/install.log --single-version-externally-managed install_data
