[0.270s] Invoking command in '/home/brairlab/ros2_ws/build/action_tutorials_interfaces': CMAKE_PREFIX_PATH=/opt/ros/humble /usr/bin/cmake --build /home/brairlab/ros2_ws/build/action_tutorials_interfaces -- -j4 -l4
[2.631s] [  3%] Built target action_tutorials_interfaces__cpp
[2.644s] [  3%] Built target ament_cmake_python_copy_action_tutorials_interfaces
[2.644s] [ 12%] Built target action_tutorials_interfaces__rosidl_typesupport_fastrtps_cpp
[2.645s] [ 22%] Built target action_tutorials_interfaces__rosidl_typesupport_introspection_cpp
[2.646s] running egg_info
[2.647s] writing action_tutorials_interfaces.egg-info/PKG-INFO
[2.647s] writing dependency_links to action_tutorials_interfaces.egg-info/dependency_links.txt
[2.647s] writing top-level names to action_tutorials_interfaces.egg-info/top_level.txt
[2.647s] reading manifest file 'action_tutorials_interfaces.egg-info/SOURCES.txt'
[2.647s] writing manifest file 'action_tutorials_interfaces.egg-info/SOURCES.txt'
[2.751s] [ 22%] Built target ament_cmake_python_build_action_tutorials_interfaces_egg
[2.985s] [ 32%] Built target action_tutorials_interfaces__rosidl_typesupport_cpp
[3.158s] [ 41%] Built target action_tutorials_interfaces__rosidl_generator_c
[3.480s] [ 51%] Built target action_tutorials_interfaces__rosidl_typesupport_fastrtps_c
[3.785s] [ 61%] Built target action_tutorials_interfaces__rosidl_typesupport_c
[3.969s] [ 70%] Built target action_tutorials_interfaces__rosidl_typesupport_introspection_c
[4.192s] [ 70%] Built target action_tutorials_interfaces
[4.754s] [ 74%] Built target action_tutorials_interfaces__py
[7.415s] [ 80%] Built target action_tutorials_interfaces__rosidl_generator_py
[10.178s] [ 87%] Built target action_tutorials_interfaces__rosidl_typesupport_fastrtps_c__pyext
[10.626s] [ 93%] Built target action_tutorials_interfaces__rosidl_typesupport_c__pyext
[11.313s] [100%] Built target action_tutorials_interfaces__rosidl_typesupport_introspection_c__pyext
[11.935s] Invoked command in '/home/brairlab/ros2_ws/build/action_tutorials_interfaces' returned '0': CMAKE_PREFIX_PATH=/opt/ros/humble /usr/bin/cmake --build /home/brairlab/ros2_ws/build/action_tutorials_interfaces -- -j4 -l4
[12.449s] Invoking command in '/home/brairlab/ros2_ws/build/action_tutorials_interfaces': CMAKE_PREFIX_PATH=/opt/ros/humble /usr/bin/cmake --install /home/brairlab/ros2_ws/build/action_tutorials_interfaces
[12.622s] -- Install configuration: ""
[12.623s] -- Up-to-date: /home/brairlab/ros2_ws/install/action_tutorials_interfaces/share/ament_index/resource_index/rosidl_interfaces/action_tutorials_interfaces
[12.623s] -- Up-to-date: /home/brairlab/ros2_ws/install/action_tutorials_interfaces/include/action_tutorials_interfaces/action_tutorials_interfaces
[12.764s] -- Up-to-date: /home/brairlab/ros2_ws/install/action_tutorials_interfaces/include/action_tutorials_interfaces/action_tutorials_interfaces/action
[12.764s] -- Up-to-date: /home/brairlab/ros2_ws/install/action_tutorials_interfaces/include/action_tutorials_interfaces/action_tutorials_interfaces/action/detail
[12.765s] -- Up-to-date: /home/brairlab/ros2_ws/install/action_tutorials_interfaces/include/action_tutorials_interfaces/action_tutorials_interfaces/action/detail/fibonacci__functions.h
[12.765s] -- Up-to-date: /home/brairlab/ros2_ws/install/action_tutorials_interfaces/include/action_tutorials_interfaces/action_tutorials_interfaces/action/detail/fibonacci__functions.c
[13.249s] -- Up-to-date: /home/brairlab/ros2_ws/install/action_tutorials_interfaces/include/action_tutorials_interfaces/action_tutorials_interfaces/action/detail/fibonacci__struct.h
[13.249s] -- Up-to-date: /home/brairlab/ros2_ws/install/action_tutorials_interfaces/include/action_tutorials_interfaces/action_tutorials_interfaces/action/detail/fibonacci__type_support.h
[13.249s] -- Up-to-date: /home/brairlab/ros2_ws/install/action_tutorials_interfaces/include/action_tutorials_interfaces/action_tutorials_interfaces/action/fibonacci.h
[13.259s] -- Up-to-date: /home/brairlab/ros2_ws/install/action_tutorials_interfaces/include/action_tutorials_interfaces/action_tutorials_interfaces/msg
[13.259s] -- Up-to-date: /home/brairlab/ros2_ws/install/action_tutorials_interfaces/include/action_tutorials_interfaces/action_tutorials_interfaces/msg/rosidl_generator_c__visibility_control.h
[13.270s] -- Up-to-date: /home/brairlab/ros2_ws/install/action_tutorials_interfaces/share/action_tutorials_interfaces/environment/library_path.sh
[13.298s] -- Up-to-date: /home/brairlab/ros2_ws/install/action_tutorials_interfaces/share/action_tutorials_interfaces/environment/library_path.dsv
[13.299s] -- Up-to-date: /home/brairlab/ros2_ws/install/action_tutorials_interfaces/lib/libaction_tutorials_interfaces__rosidl_generator_c.so
[13.299s] -- Up-to-date: /home/brairlab/ros2_ws/install/action_tutorials_interfaces/include/action_tutorials_interfaces/action_tutorials_interfaces
[13.299s] -- Up-to-date: /home/brairlab/ros2_ws/install/action_tutorials_interfaces/include/action_tutorials_interfaces/action_tutorials_interfaces/action
[13.299s] -- Up-to-date: /home/brairlab/ros2_ws/install/action_tutorials_interfaces/include/action_tutorials_interfaces/action_tutorials_interfaces/action/detail
[13.299s] -- Up-to-date: /home/brairlab/ros2_ws/install/action_tutorials_interfaces/include/action_tutorials_interfaces/action_tutorials_interfaces/action/detail/fibonacci__rosidl_typesupport_fastrtps_c.h
[13.299s] -- Up-to-date: /home/brairlab/ros2_ws/install/action_tutorials_interfaces/include/action_tutorials_interfaces/action_tutorials_interfaces/msg
[13.299s] -- Up-to-date: /home/brairlab/ros2_ws/install/action_tutorials_interfaces/include/action_tutorials_interfaces/action_tutorials_interfaces/msg/rosidl_typesupport_fastrtps_c__visibility_control.h
[13.300s] -- Up-to-date: /home/brairlab/ros2_ws/install/action_tutorials_interfaces/lib/libaction_tutorials_interfaces__rosidl_typesupport_fastrtps_c.so
[13.300s] -- Up-to-date: /home/brairlab/ros2_ws/install/action_tutorials_interfaces/include/action_tutorials_interfaces/action_tutorials_interfaces
[13.300s] -- Up-to-date: /home/brairlab/ros2_ws/install/action_tutorials_interfaces/include/action_tutorials_interfaces/action_tutorials_interfaces/action
[13.300s] -- Up-to-date: /home/brairlab/ros2_ws/install/action_tutorials_interfaces/include/action_tutorials_interfaces/action_tutorials_interfaces/action/detail
[13.300s] -- Up-to-date: /home/brairlab/ros2_ws/install/action_tutorials_interfaces/include/action_tutorials_interfaces/action_tutorials_interfaces/action/detail/fibonacci__type_support.c
[13.300s] -- Up-to-date: /home/brairlab/ros2_ws/install/action_tutorials_interfaces/include/action_tutorials_interfaces/action_tutorials_interfaces/action/detail/fibonacci__rosidl_typesupport_introspection_c.h
[13.301s] -- Up-to-date: /home/brairlab/ros2_ws/install/action_tutorials_interfaces/include/action_tutorials_interfaces/action_tutorials_interfaces/msg
[13.301s] -- Up-to-date: /home/brairlab/ros2_ws/install/action_tutorials_interfaces/include/action_tutorials_interfaces/action_tutorials_interfaces/msg/rosidl_typesupport_introspection_c__visibility_control.h
[13.301s] -- Up-to-date: /home/brairlab/ros2_ws/install/action_tutorials_interfaces/lib/libaction_tutorials_interfaces__rosidl_typesupport_introspection_c.so
[13.301s] -- Up-to-date: /home/brairlab/ros2_ws/install/action_tutorials_interfaces/lib/libaction_tutorials_interfaces__rosidl_typesupport_c.so
[13.301s] -- Up-to-date: /home/brairlab/ros2_ws/install/action_tutorials_interfaces/include/action_tutorials_interfaces/action_tutorials_interfaces
[13.301s] -- Up-to-date: /home/brairlab/ros2_ws/install/action_tutorials_interfaces/include/action_tutorials_interfaces/action_tutorials_interfaces/action
[13.301s] -- Up-to-date: /home/brairlab/ros2_ws/install/action_tutorials_interfaces/include/action_tutorials_interfaces/action_tutorials_interfaces/action/detail
[13.302s] -- Up-to-date: /home/brairlab/ros2_ws/install/action_tutorials_interfaces/include/action_tutorials_interfaces/action_tutorials_interfaces/action/detail/fibonacci__struct.hpp
[13.358s] -- Up-to-date: /home/brairlab/ros2_ws/install/action_tutorials_interfaces/include/action_tutorials_interfaces/action_tutorials_interfaces/action/detail/fibonacci__builder.hpp
[13.359s] -- Up-to-date: /home/brairlab/ros2_ws/install/action_tutorials_interfaces/include/action_tutorials_interfaces/action_tutorials_interfaces/action/detail/fibonacci__traits.hpp
[13.359s] -- Up-to-date: /home/brairlab/ros2_ws/install/action_tutorials_interfaces/include/action_tutorials_interfaces/action_tutorials_interfaces/action/fibonacci.hpp
[13.369s] -- Up-to-date: /home/brairlab/ros2_ws/install/action_tutorials_interfaces/include/action_tutorials_interfaces/action_tutorials_interfaces
[13.369s] -- Up-to-date: /home/brairlab/ros2_ws/install/action_tutorials_interfaces/include/action_tutorials_interfaces/action_tutorials_interfaces/action
[13.370s] -- Up-to-date: /home/brairlab/ros2_ws/install/action_tutorials_interfaces/include/action_tutorials_interfaces/action_tutorials_interfaces/action/detail
[13.370s] -- Up-to-date: /home/brairlab/ros2_ws/install/action_tutorials_interfaces/include/action_tutorials_interfaces/action_tutorials_interfaces/action/detail/fibonacci__rosidl_typesupport_fastrtps_cpp.hpp
[13.370s] -- Up-to-date: /home/brairlab/ros2_ws/install/action_tutorials_interfaces/include/action_tutorials_interfaces/action_tutorials_interfaces/action/detail/dds_fastrtps
[13.371s] -- Up-to-date: /home/brairlab/ros2_ws/install/action_tutorials_interfaces/include/action_tutorials_interfaces/action_tutorials_interfaces/msg
[13.371s] -- Up-to-date: /home/brairlab/ros2_ws/install/action_tutorials_interfaces/include/action_tutorials_interfaces/action_tutorials_interfaces/msg/rosidl_typesupport_fastrtps_cpp__visibility_control.h
[13.371s] -- Up-to-date: /home/brairlab/ros2_ws/install/action_tutorials_interfaces/lib/libaction_tutorials_interfaces__rosidl_typesupport_fastrtps_cpp.so
[13.372s] -- Up-to-date: /home/brairlab/ros2_ws/install/action_tutorials_interfaces/include/action_tutorials_interfaces/action_tutorials_interfaces
[13.372s] -- Up-to-date: /home/brairlab/ros2_ws/install/action_tutorials_interfaces/include/action_tutorials_interfaces/action_tutorials_interfaces/action
[13.372s] -- Up-to-date: /home/brairlab/ros2_ws/install/action_tutorials_interfaces/include/action_tutorials_interfaces/action_tutorials_interfaces/action/detail
[13.372s] -- Up-to-date: /home/brairlab/ros2_ws/install/action_tutorials_interfaces/include/action_tutorials_interfaces/action_tutorials_interfaces/action/detail/fibonacci__type_support.cpp
[13.373s] -- Up-to-date: /home/brairlab/ros2_ws/install/action_tutorials_interfaces/include/action_tutorials_interfaces/action_tutorials_interfaces/action/detail/fibonacci__rosidl_typesupport_introspection_cpp.hpp
[13.373s] -- Up-to-date: /home/brairlab/ros2_ws/install/action_tutorials_interfaces/lib/libaction_tutorials_interfaces__rosidl_typesupport_introspection_cpp.so
[13.373s] -- Up-to-date: /home/brairlab/ros2_ws/install/action_tutorials_interfaces/lib/libaction_tutorials_interfaces__rosidl_typesupport_cpp.so
[13.373s] -- Up-to-date: /home/brairlab/ros2_ws/install/action_tutorials_interfaces/share/action_tutorials_interfaces/environment/pythonpath.sh
[13.373s] -- Up-to-date: /home/brairlab/ros2_ws/install/action_tutorials_interfaces/share/action_tutorials_interfaces/environment/pythonpath.dsv
[13.373s] -- Up-to-date: /home/brairlab/ros2_ws/install/action_tutorials_interfaces/local/lib/python3.10/dist-packages/action_tutorials_interfaces-0.0.0-py3.10.egg-info
[13.373s] -- Installing: /home/brairlab/ros2_ws/install/action_tutorials_interfaces/local/lib/python3.10/dist-packages/action_tutorials_interfaces-0.0.0-py3.10.egg-info/top_level.txt
[13.374s] -- Installing: /home/brairlab/ros2_ws/install/action_tutorials_interfaces/local/lib/python3.10/dist-packages/action_tutorials_interfaces-0.0.0-py3.10.egg-info/SOURCES.txt
[13.374s] -- Installing: /home/brairlab/ros2_ws/install/action_tutorials_interfaces/local/lib/python3.10/dist-packages/action_tutorials_interfaces-0.0.0-py3.10.egg-info/dependency_links.txt
[13.374s] -- Installing: /home/brairlab/ros2_ws/install/action_tutorials_interfaces/local/lib/python3.10/dist-packages/action_tutorials_interfaces-0.0.0-py3.10.egg-info/PKG-INFO
[13.374s] -- Up-to-date: /home/brairlab/ros2_ws/install/action_tutorials_interfaces/local/lib/python3.10/dist-packages/action_tutorials_interfaces
[13.374s] -- Up-to-date: /home/brairlab/ros2_ws/install/action_tutorials_interfaces/local/lib/python3.10/dist-packages/action_tutorials_interfaces/_action_tutorials_interfaces_s.ep.rosidl_typesupport_introspection_c.c
[13.374s] -- Up-to-date: /home/brairlab/ros2_ws/install/action_tutorials_interfaces/local/lib/python3.10/dist-packages/action_tutorials_interfaces/libaction_tutorials_interfaces__rosidl_generator_py.so
[13.374s] -- Up-to-date: /home/brairlab/ros2_ws/install/action_tutorials_interfaces/local/lib/python3.10/dist-packages/action_tutorials_interfaces/action_tutorials_interfaces_s__rosidl_typesupport_c.cpython-310-x86_64-linux-gnu.so
[13.374s] -- Up-to-date: /home/brairlab/ros2_ws/install/action_tutorials_interfaces/local/lib/python3.10/dist-packages/action_tutorials_interfaces/action_tutorials_interfaces_s__rosidl_typesupport_fastrtps_c.cpython-310-x86_64-linux-gnu.so
[13.374s] -- Up-to-date: /home/brairlab/ros2_ws/install/action_tutorials_interfaces/local/lib/python3.10/dist-packages/action_tutorials_interfaces/action
[13.374s] -- Up-to-date: /home/brairlab/ros2_ws/install/action_tutorials_interfaces/local/lib/python3.10/dist-packages/action_tutorials_interfaces/action/_fibonacci_s.c
[13.375s] -- Up-to-date: /home/brairlab/ros2_ws/install/action_tutorials_interfaces/local/lib/python3.10/dist-packages/action_tutorials_interfaces/action/_fibonacci.py
[13.375s] -- Up-to-date: /home/brairlab/ros2_ws/install/action_tutorials_interfaces/local/lib/python3.10/dist-packages/action_tutorials_interfaces/action/__init__.py
[13.375s] -- Up-to-date: /home/brairlab/ros2_ws/install/action_tutorials_interfaces/local/lib/python3.10/dist-packages/action_tutorials_interfaces/_action_tutorials_interfaces_s.ep.rosidl_typesupport_c.c
[13.375s] -- Up-to-date: /home/brairlab/ros2_ws/install/action_tutorials_interfaces/local/lib/python3.10/dist-packages/action_tutorials_interfaces/__init__.py
[13.375s] -- Up-to-date: /home/brairlab/ros2_ws/install/action_tutorials_interfaces/local/lib/python3.10/dist-packages/action_tutorials_interfaces/action_tutorials_interfaces_s__rosidl_typesupport_introspection_c.cpython-310-x86_64-linux-gnu.so
[13.375s] -- Up-to-date: /home/brairlab/ros2_ws/install/action_tutorials_interfaces/local/lib/python3.10/dist-packages/action_tutorials_interfaces/_action_tutorials_interfaces_s.ep.rosidl_typesupport_fastrtps_c.c
[13.733s] Listing '/home/brairlab/ros2_ws/install/action_tutorials_interfaces/local/lib/python3.10/dist-packages/action_tutorials_interfaces'...
[13.734s] Listing '/home/brairlab/ros2_ws/install/action_tutorials_interfaces/local/lib/python3.10/dist-packages/action_tutorials_interfaces/action'...
[14.166s] -- Up-to-date: /home/brairlab/ros2_ws/install/action_tutorials_interfaces/local/lib/python3.10/dist-packages/action_tutorials_interfaces/action_tutorials_interfaces_s__rosidl_typesupport_fastrtps_c.cpython-310-x86_64-linux-gnu.so
[14.167s] -- Up-to-date: /home/brairlab/ros2_ws/install/action_tutorials_interfaces/local/lib/python3.10/dist-packages/action_tutorials_interfaces/action_tutorials_interfaces_s__rosidl_typesupport_introspection_c.cpython-310-x86_64-linux-gnu.so
[14.167s] -- Up-to-date: /home/brairlab/ros2_ws/install/action_tutorials_interfaces/local/lib/python3.10/dist-packages/action_tutorials_interfaces/action_tutorials_interfaces_s__rosidl_typesupport_c.cpython-310-x86_64-linux-gnu.so
[14.172s] -- Up-to-date: /home/brairlab/ros2_ws/install/action_tutorials_interfaces/lib/libaction_tutorials_interfaces__rosidl_generator_py.so
[14.173s] -- Up-to-date: /home/brairlab/ros2_ws/install/action_tutorials_interfaces/share/action_tutorials_interfaces/action/Fibonacci.idl
[14.175s] -- Up-to-date: /home/brairlab/ros2_ws/install/action_tutorials_interfaces/share/action_tutorials_interfaces/action/Fibonacci.action
[14.189s] -- Up-to-date: /home/brairlab/ros2_ws/install/action_tutorials_interfaces/share/ament_index/resource_index/package_run_dependencies/action_tutorials_interfaces
[14.193s] -- Up-to-date: /home/brairlab/ros2_ws/install/action_tutorials_interfaces/share/ament_index/resource_index/parent_prefix_path/action_tutorials_interfaces
[14.268s] -- Up-to-date: /home/brairlab/ros2_ws/install/action_tutorials_interfaces/share/action_tutorials_interfaces/environment/ament_prefix_path.sh
[14.268s] -- Up-to-date: /home/brairlab/ros2_ws/install/action_tutorials_interfaces/share/action_tutorials_interfaces/environment/ament_prefix_path.dsv
[14.269s] -- Up-to-date: /home/brairlab/ros2_ws/install/action_tutorials_interfaces/share/action_tutorials_interfaces/environment/path.sh
[14.269s] -- Up-to-date: /home/brairlab/ros2_ws/install/action_tutorials_interfaces/share/action_tutorials_interfaces/environment/path.dsv
[14.269s] -- Up-to-date: /home/brairlab/ros2_ws/install/action_tutorials_interfaces/share/action_tutorials_interfaces/local_setup.bash
[14.269s] -- Up-to-date: /home/brairlab/ros2_ws/install/action_tutorials_interfaces/share/action_tutorials_interfaces/local_setup.sh
[14.269s] -- Up-to-date: /home/brairlab/ros2_ws/install/action_tutorials_interfaces/share/action_tutorials_interfaces/local_setup.zsh
[14.270s] -- Up-to-date: /home/brairlab/ros2_ws/install/action_tutorials_interfaces/share/action_tutorials_interfaces/local_setup.dsv
[14.270s] -- Installing: /home/brairlab/ros2_ws/install/action_tutorials_interfaces/share/action_tutorials_interfaces/package.dsv
[14.270s] -- Up-to-date: /home/brairlab/ros2_ws/install/action_tutorials_interfaces/share/ament_index/resource_index/packages/action_tutorials_interfaces
[14.270s] -- Up-to-date: /home/brairlab/ros2_ws/install/action_tutorials_interfaces/share/action_tutorials_interfaces/cmake/export_action_tutorials_interfaces__rosidl_generator_cExport.cmake
[14.270s] -- Up-to-date: /home/brairlab/ros2_ws/install/action_tutorials_interfaces/share/action_tutorials_interfaces/cmake/export_action_tutorials_interfaces__rosidl_generator_cExport-noconfig.cmake
[14.271s] -- Up-to-date: /home/brairlab/ros2_ws/install/action_tutorials_interfaces/share/action_tutorials_interfaces/cmake/export_action_tutorials_interfaces__rosidl_typesupport_fastrtps_cExport.cmake
[14.271s] -- Up-to-date: /home/brairlab/ros2_ws/install/action_tutorials_interfaces/share/action_tutorials_interfaces/cmake/export_action_tutorials_interfaces__rosidl_typesupport_fastrtps_cExport-noconfig.cmake
[14.271s] -- Up-to-date: /home/brairlab/ros2_ws/install/action_tutorials_interfaces/share/action_tutorials_interfaces/cmake/action_tutorials_interfaces__rosidl_typesupport_introspection_cExport.cmake
[14.271s] -- Up-to-date: /home/brairlab/ros2_ws/install/action_tutorials_interfaces/share/action_tutorials_interfaces/cmake/action_tutorials_interfaces__rosidl_typesupport_introspection_cExport-noconfig.cmake
[14.271s] -- Up-to-date: /home/brairlab/ros2_ws/install/action_tutorials_interfaces/share/action_tutorials_interfaces/cmake/action_tutorials_interfaces__rosidl_typesupport_cExport.cmake
[14.271s] -- Up-to-date: /home/brairlab/ros2_ws/install/action_tutorials_interfaces/share/action_tutorials_interfaces/cmake/action_tutorials_interfaces__rosidl_typesupport_cExport-noconfig.cmake
[14.325s] -- Up-to-date: /home/brairlab/ros2_ws/install/action_tutorials_interfaces/share/action_tutorials_interfaces/cmake/export_action_tutorials_interfaces__rosidl_generator_cppExport.cmake
[14.326s] -- Up-to-date: /home/brairlab/ros2_ws/install/action_tutorials_interfaces/share/action_tutorials_interfaces/cmake/export_action_tutorials_interfaces__rosidl_typesupport_fastrtps_cppExport.cmake
[14.330s] -- Up-to-date: /home/brairlab/ros2_ws/install/action_tutorials_interfaces/share/action_tutorials_interfaces/cmake/export_action_tutorials_interfaces__rosidl_typesupport_fastrtps_cppExport-noconfig.cmake
[14.330s] -- Up-to-date: /home/brairlab/ros2_ws/install/action_tutorials_interfaces/share/action_tutorials_interfaces/cmake/action_tutorials_interfaces__rosidl_typesupport_introspection_cppExport.cmake
[14.330s] -- Up-to-date: /home/brairlab/ros2_ws/install/action_tutorials_interfaces/share/action_tutorials_interfaces/cmake/action_tutorials_interfaces__rosidl_typesupport_introspection_cppExport-noconfig.cmake
[14.334s] -- Up-to-date: /home/brairlab/ros2_ws/install/action_tutorials_interfaces/share/action_tutorials_interfaces/cmake/action_tutorials_interfaces__rosidl_typesupport_cppExport.cmake
[14.375s] -- Up-to-date: /home/brairlab/ros2_ws/install/action_tutorials_interfaces/share/action_tutorials_interfaces/cmake/action_tutorials_interfaces__rosidl_typesupport_cppExport-noconfig.cmake
[14.396s] -- Up-to-date: /home/brairlab/ros2_ws/install/action_tutorials_interfaces/share/action_tutorials_interfaces/cmake/export_action_tutorials_interfaces__rosidl_generator_pyExport.cmake
[14.396s] -- Up-to-date: /home/brairlab/ros2_ws/install/action_tutorials_interfaces/share/action_tutorials_interfaces/cmake/export_action_tutorials_interfaces__rosidl_generator_pyExport-noconfig.cmake
[14.396s] -- Up-to-date: /home/brairlab/ros2_ws/install/action_tutorials_interfaces/share/action_tutorials_interfaces/cmake/rosidl_cmake-extras.cmake
[14.430s] -- Up-to-date: /home/brairlab/ros2_ws/install/action_tutorials_interfaces/share/action_tutorials_interfaces/cmake/ament_cmake_export_dependencies-extras.cmake
[14.431s] -- Up-to-date: /home/brairlab/ros2_ws/install/action_tutorials_interfaces/share/action_tutorials_interfaces/cmake/ament_cmake_export_include_directories-extras.cmake
[14.432s] -- Up-to-date: /home/brairlab/ros2_ws/install/action_tutorials_interfaces/share/action_tutorials_interfaces/cmake/ament_cmake_export_libraries-extras.cmake
[14.432s] -- Up-to-date: /home/brairlab/ros2_ws/install/action_tutorials_interfaces/share/action_tutorials_interfaces/cmake/ament_cmake_export_targets-extras.cmake
[14.432s] -- Up-to-date: /home/brairlab/ros2_ws/install/action_tutorials_interfaces/share/action_tutorials_interfaces/cmake/rosidl_cmake_export_typesupport_targets-extras.cmake
[14.432s] -- Up-to-date: /home/brairlab/ros2_ws/install/action_tutorials_interfaces/share/action_tutorials_interfaces/cmake/rosidl_cmake_export_typesupport_libraries-extras.cmake
[14.432s] -- Up-to-date: /home/brairlab/ros2_ws/install/action_tutorials_interfaces/share/action_tutorials_interfaces/cmake/action_tutorials_interfacesConfig.cmake
[14.432s] -- Up-to-date: /home/brairlab/ros2_ws/install/action_tutorials_interfaces/share/action_tutorials_interfaces/cmake/action_tutorials_interfacesConfig-version.cmake
[14.432s] -- Up-to-date: /home/brairlab/ros2_ws/install/action_tutorials_interfaces/share/action_tutorials_interfaces/package.xml
[14.632s] Invoked command in '/home/brairlab/ros2_ws/build/action_tutorials_interfaces' returned '0': CMAKE_PREFIX_PATH=/opt/ros/humble /usr/bin/cmake --install /home/brairlab/ros2_ws/build/action_tutorials_interfaces
