[0.738s] Invoking command in '/home/brairlab/ros2_ws/src/python_parameters': PYTHONPATH=/home/brairlab/ros2_ws/build/python_parameters/prefix_override:/usr/lib/python3/dist-packages/colcon_core/task/python/colcon_distutils_commands:/home/brairlab/ros2_ws/install/python_parameters/lib/python3.10/site-packages:${PYTHONPATH} /usr/bin/python3 -W ignore:setup.py install is deprecated -W ignore:easy_install command is deprecated setup.py egg_info --egg-base ../../build/python_parameters build --build-base /home/brairlab/ros2_ws/build/python_parameters/build install --record /home/brairlab/ros2_ws/build/python_parameters/install.log --single-version-externally-managed install_data
[1.034s] running egg_info
[1.038s] writing ../../build/python_parameters/python_parameters.egg-info/PKG-INFO
[1.038s] writing dependency_links to ../../build/python_parameters/python_parameters.egg-info/dependency_links.txt
[1.038s] writing entry points to ../../build/python_parameters/python_parameters.egg-info/entry_points.txt
[1.039s] writing requirements to ../../build/python_parameters/python_parameters.egg-info/requires.txt
[1.039s] writing top-level names to ../../build/python_parameters/python_parameters.egg-info/top_level.txt
[1.041s] reading manifest file '../../build/python_parameters/python_parameters.egg-info/SOURCES.txt'
[1.041s] adding license file 'LICENSE'
[1.043s] writing manifest file '../../build/python_parameters/python_parameters.egg-info/SOURCES.txt'
[1.044s] running build
[1.044s] running build_py
[1.044s] copying python_parameters/python_parameters_node.py -> /home/brairlab/ros2_ws/build/python_parameters/build/lib/python_parameters
[1.044s] running install
[1.044s] running install_lib
[1.045s] copying /home/brairlab/ros2_ws/build/python_parameters/build/lib/python_parameters/python_parameters_node.py -> /home/brairlab/ros2_ws/install/python_parameters/lib/python3.10/site-packages/python_parameters
[1.045s] byte-compiling /home/brairlab/ros2_ws/install/python_parameters/lib/python3.10/site-packages/python_parameters/python_parameters_node.py to python_parameters_node.cpython-310.pyc
[1.046s] running install_data
[1.047s] copying package.xml -> /home/brairlab/ros2_ws/install/python_parameters/share/python_parameters
[1.047s] running install_egg_info
[1.051s] removing '/home/brairlab/ros2_ws/install/python_parameters/lib/python3.10/site-packages/python_parameters-0.0.0-py3.10.egg-info' (and everything under it)
[1.051s] Copying ../../build/python_parameters/python_parameters.egg-info to /home/brairlab/ros2_ws/install/python_parameters/lib/python3.10/site-packages/python_parameters-0.0.0-py3.10.egg-info
[1.051s] running install_scripts
[1.089s] Installing minimal_param_node script to /home/brairlab/ros2_ws/install/python_parameters/lib/python_parameters
[1.089s] writing list of installed files to '/home/brairlab/ros2_ws/build/python_parameters/install.log'
[1.119s] Invoked command in '/home/brairlab/ros2_ws/src/python_parameters' returned '0': PYTHONPATH=/home/brairlab/ros2_ws/build/python_parameters/prefix_override:/usr/lib/python3/dist-packages/colcon_core/task/python/colcon_distutils_commands:/home/brairlab/ros2_ws/install/python_parameters/lib/python3.10/site-packages:${PYTHONPATH} /usr/bin/python3 -W ignore:setup.py install is deprecated -W ignore:easy_install command is deprecated setup.py egg_info --egg-base ../../build/python_parameters build --build-base /home/brairlab/ros2_ws/build/python_parameters/build install --record /home/brairlab/ros2_ws/build/python_parameters/install.log --single-version-externally-managed install_data
