[4.223s] Invoking command in '/home/brairlab/ros2_ws/src/my_package': PYTHONPATH=/home/brairlab/ros2_ws/build/my_package/prefix_override:/usr/lib/python3/dist-packages/colcon_core/task/python/colcon_distutils_commands:/home/brairlab/ros2_ws/install/my_package/lib/python3.10/site-packages:${PYTHONPATH} /usr/bin/python3 -W ignore:setup.py install is deprecated -W ignore:easy_install command is deprecated setup.py egg_info --egg-base ../../build/my_package build --build-base /home/brairlab/ros2_ws/build/my_package/build install --record /home/brairlab/ros2_ws/build/my_package/install.log --single-version-externally-managed install_data
[10.912s] running egg_info
[10.912s] writing ../../build/my_package/my_package.egg-info/PKG-INFO
[10.948s] writing dependency_links to ../../build/my_package/my_package.egg-info/dependency_links.txt
[10.964s] writing entry points to ../../build/my_package/my_package.egg-info/entry_points.txt
[10.966s] writing requirements to ../../build/my_package/my_package.egg-info/requires.txt
[10.966s] writing top-level names to ../../build/my_package/my_package.egg-info/top_level.txt
[11.199s] reading manifest file '../../build/my_package/my_package.egg-info/SOURCES.txt'
[11.199s] adding license file 'LICENSE'
[11.200s] writing manifest file '../../build/my_package/my_package.egg-info/SOURCES.txt'
[11.200s] running build
[11.200s] running build_py
[11.219s] running install
[11.271s] running install_lib
[11.309s] running install_data
[11.637s] running install_egg_info
[11.638s] removing '/home/brairlab/ros2_ws/install/my_package/lib/python3.10/site-packages/my_package-0.0.0-py3.10.egg-info' (and everything under it)
[11.638s] Copying ../../build/my_package/my_package.egg-info to /home/brairlab/ros2_ws/install/my_package/lib/python3.10/site-packages/my_package-0.0.0-py3.10.egg-info
[11.638s] running install_scripts
[11.991s] Installing my_node script to /home/brairlab/ros2_ws/install/my_package/lib/my_package
[12.321s] writing list of installed files to '/home/brairlab/ros2_ws/build/my_package/install.log'
[14.436s] Invoked command in '/home/brairlab/ros2_ws/src/my_package' returned '0': PYTHONPATH=/home/brairlab/ros2_ws/build/my_package/prefix_override:/usr/lib/python3/dist-packages/colcon_core/task/python/colcon_distutils_commands:/home/brairlab/ros2_ws/install/my_package/lib/python3.10/site-packages:${PYTHONPATH} /usr/bin/python3 -W ignore:setup.py install is deprecated -W ignore:easy_install command is deprecated setup.py egg_info --egg-base ../../build/my_package build --build-base /home/brairlab/ros2_ws/build/my_package/build install --record /home/brairlab/ros2_ws/build/my_package/install.log --single-version-externally-managed install_data
