[4.267s] Invoking command in '/home/brairlab/ros2_ws/src/py_pubs': PYTHONPATH=/home/brairlab/ros2_ws/build/py_pubs/prefix_override:/usr/lib/python3/dist-packages/colcon_core/task/python/colcon_distutils_commands:/home/brairlab/ros2_ws/install/py_pubs/lib/python3.10/site-packages:${PYTHONPATH} /usr/bin/python3 -W ignore:setup.py install is deprecated -W ignore:easy_install command is deprecated setup.py egg_info --egg-base ../../build/py_pubs build --build-base /home/brairlab/ros2_ws/build/py_pubs/build install --record /home/brairlab/ros2_ws/build/py_pubs/install.log --single-version-externally-managed install_data
[11.150s] running egg_info
[11.173s] writing ../../build/py_pubs/py_pubs.egg-info/PKG-INFO
[11.185s] writing dependency_links to ../../build/py_pubs/py_pubs.egg-info/dependency_links.txt
[11.185s] writing entry points to ../../build/py_pubs/py_pubs.egg-info/entry_points.txt
[11.198s] writing requirements to ../../build/py_pubs/py_pubs.egg-info/requires.txt
[11.245s] writing top-level names to ../../build/py_pubs/py_pubs.egg-info/top_level.txt
[11.303s] reading manifest file '../../build/py_pubs/py_pubs.egg-info/SOURCES.txt'
[11.604s] adding license file 'LICENSE'
[11.612s] writing manifest file '../../build/py_pubs/py_pubs.egg-info/SOURCES.txt'
[11.612s] running build
[11.613s] running build_py
[11.672s] running install
[11.788s] running install_lib
[11.789s] running install_data
[11.790s] running install_egg_info
[11.822s] removing '/home/brairlab/ros2_ws/install/py_pubs/lib/python3.10/site-packages/py_pubs-0.0.0-py3.10.egg-info' (and everything under it)
[11.849s] Copying ../../build/py_pubs/py_pubs.egg-info to /home/brairlab/ros2_ws/install/py_pubs/lib/python3.10/site-packages/py_pubs-0.0.0-py3.10.egg-info
[11.867s] running install_scripts
[13.307s] Installing listener script to /home/brairlab/ros2_ws/install/py_pubs/lib/py_pubs
[13.325s] Installing talker script to /home/brairlab/ros2_ws/install/py_pubs/lib/py_pubs
[13.369s] writing list of installed files to '/home/brairlab/ros2_ws/build/py_pubs/install.log'
[14.740s] Invoked command in '/home/brairlab/ros2_ws/src/py_pubs' returned '0': PYTHONPATH=/home/brairlab/ros2_ws/build/py_pubs/prefix_override:/usr/lib/python3/dist-packages/colcon_core/task/python/colcon_distutils_commands:/home/brairlab/ros2_ws/install/py_pubs/lib/python3.10/site-packages:${PYTHONPATH} /usr/bin/python3 -W ignore:setup.py install is deprecated -W ignore:easy_install command is deprecated setup.py egg_info --egg-base ../../build/py_pubs build --build-base /home/brairlab/ros2_ws/build/py_pubs/build install --record /home/brairlab/ros2_ws/build/py_pubs/install.log --single-version-externally-managed install_data
