[2.812s] DEBUG:colcon:Command line arguments: ['/usr/bin/colcon', 'list', '-p', '--base-paths', '/home/brairlab/ros2_ws']
[2.812s] DEBUG:colcon:Parsed command line arguments: Namespace(log_base=None, log_level=None, verb_name='list', build_base='build', ignore_user_meta=False, metas=['./colcon.meta'], base_paths=['/home/brairlab/ros2_ws'], packages_ignore=None, packages_ignore_regex=None, paths=None, packages_up_to=None, packages_up_to_regex=None, packages_above=None, packages_above_and_dependencies=None, packages_above_depth=None, packages_select_by_dep=None, packages_skip_by_dep=None, packages_skip_up_to=None, packages_select_build_failed=False, packages_skip_build_finished=False, packages_select_test_failures=False, packages_skip_test_passed=False, packages_select=None, packages_skip=None, packages_select_regex=None, packages_skip_regex=None, packages_start=None, packages_end=None, allow_overriding=[], topological_order=False, names_only=False, paths_only=True, topological_graph=False, topological_graph_dot=False, topological_graph_density=False, topological_graph_legend=False, topological_graph_dot_cluster=False, topological_graph_dot_include_skipped=False, verb_parser=<colcon_defaults.argument_parser.defaults.DefaultArgumentsDecorator object at 0x7475c1830430>, verb_extension=<colcon_package_information.verb.list.ListVerb object at 0x7475c19f7340>, main=<bound method ListVerb.main of <colcon_package_information.verb.list.ListVerb object at 0x7475c19f7340>>)
[8.050s] Level 1:colcon.colcon_core.package_discovery:discover_packages(colcon_meta) check parameters
[8.051s] Level 1:colcon.colcon_core.package_discovery:discover_packages(recursive) check parameters
[8.052s] Level 1:colcon.colcon_core.package_discovery:discover_packages(ignore) check parameters
[8.052s] Level 1:colcon.colcon_core.package_discovery:discover_packages(path) check parameters
[8.053s] Level 1:colcon.colcon_core.package_discovery:discover_packages(recursive) discover
[8.055s] INFO:colcon.colcon_core.package_discovery:Crawling recursively for packages in '/home/brairlab/ros2_ws'
[8.055s] Level 1:colcon.colcon_core.package_identification:_identify(/home/brairlab/ros2_ws) by extensions ['ignore', 'ignore_ament_install']
[8.067s] Level 1:colcon.colcon_core.package_identification:_identify(/home/brairlab/ros2_ws) by extension 'ignore'
[8.068s] Level 1:colcon.colcon_core.package_identification:_identify(/home/brairlab/ros2_ws) by extension 'ignore_ament_install'
[8.074s] Level 1:colcon.colcon_core.package_identification:_identify(/home/brairlab/ros2_ws) by extensions ['colcon_pkg']
[8.074s] Level 1:colcon.colcon_core.package_identification:_identify(/home/brairlab/ros2_ws) by extension 'colcon_pkg'
[8.074s] Level 1:colcon.colcon_core.package_identification:_identify(/home/brairlab/ros2_ws) by extensions ['colcon_meta']
[8.074s] Level 1:colcon.colcon_core.package_identification:_identify(/home/brairlab/ros2_ws) by extension 'colcon_meta'
[8.074s] Level 1:colcon.colcon_core.package_identification:_identify(/home/brairlab/ros2_ws) by extensions ['ros']
[8.074s] Level 1:colcon.colcon_core.package_identification:_identify(/home/brairlab/ros2_ws) by extension 'ros'
[8.275s] Level 1:colcon.colcon_core.package_identification:_identify(/home/brairlab/ros2_ws) by extensions ['cmake', 'python']
[8.275s] Level 1:colcon.colcon_core.package_identification:_identify(/home/brairlab/ros2_ws) by extension 'cmake'
[8.275s] Level 1:colcon.colcon_core.package_identification:_identify(/home/brairlab/ros2_ws) by extension 'python'
[8.276s] Level 1:colcon.colcon_core.package_identification:_identify(/home/brairlab/ros2_ws) by extensions ['python_setup_py']
[8.276s] Level 1:colcon.colcon_core.package_identification:_identify(/home/brairlab/ros2_ws) by extension 'python_setup_py'
[8.276s] Level 1:colcon.colcon_core.package_identification:_identify(/home/brairlab/ros2_ws/build) by extensions ['ignore', 'ignore_ament_install']
[8.276s] Level 1:colcon.colcon_core.package_identification:_identify(/home/brairlab/ros2_ws/build) by extension 'ignore'
[8.276s] Level 1:colcon.colcon_core.package_identification:_identify(/home/brairlab/ros2_ws/build) ignored
[8.277s] Level 1:colcon.colcon_core.package_identification:_identify(/home/brairlab/ros2_ws/install) by extensions ['ignore', 'ignore_ament_install']
[8.277s] Level 1:colcon.colcon_core.package_identification:_identify(/home/brairlab/ros2_ws/install) by extension 'ignore'
[8.277s] Level 1:colcon.colcon_core.package_identification:_identify(/home/brairlab/ros2_ws/install) ignored
[8.277s] Level 1:colcon.colcon_core.package_identification:_identify(/home/brairlab/ros2_ws/log) by extensions ['ignore', 'ignore_ament_install']
[8.278s] Level 1:colcon.colcon_core.package_identification:_identify(/home/brairlab/ros2_ws/log) by extension 'ignore'
[8.278s] Level 1:colcon.colcon_core.package_identification:_identify(/home/brairlab/ros2_ws/log) ignored
[8.278s] Level 1:colcon.colcon_core.package_identification:_identify(/home/brairlab/ros2_ws/src) by extensions ['ignore', 'ignore_ament_install']
[8.278s] Level 1:colcon.colcon_core.package_identification:_identify(/home/brairlab/ros2_ws/src) by extension 'ignore'
[8.278s] Level 1:colcon.colcon_core.package_identification:_identify(/home/brairlab/ros2_ws/src) by extension 'ignore_ament_install'
[8.279s] Level 1:colcon.colcon_core.package_identification:_identify(/home/brairlab/ros2_ws/src) by extensions ['colcon_pkg']
[8.280s] Level 1:colcon.colcon_core.package_identification:_identify(/home/brairlab/ros2_ws/src) by extension 'colcon_pkg'
[8.285s] Level 1:colcon.colcon_core.package_identification:_identify(/home/brairlab/ros2_ws/src) by extensions ['colcon_meta']
[8.285s] Level 1:colcon.colcon_core.package_identification:_identify(/home/brairlab/ros2_ws/src) by extension 'colcon_meta'
[8.285s] Level 1:colcon.colcon_core.package_identification:_identify(/home/brairlab/ros2_ws/src) by extensions ['ros']
[8.285s] Level 1:colcon.colcon_core.package_identification:_identify(/home/brairlab/ros2_ws/src) by extension 'ros'
[8.285s] Level 1:colcon.colcon_core.package_identification:_identify(/home/brairlab/ros2_ws/src) by extensions ['cmake', 'python']
[8.286s] Level 1:colcon.colcon_core.package_identification:_identify(/home/brairlab/ros2_ws/src) by extension 'cmake'
[8.286s] Level 1:colcon.colcon_core.package_identification:_identify(/home/brairlab/ros2_ws/src) by extension 'python'
[8.286s] Level 1:colcon.colcon_core.package_identification:_identify(/home/brairlab/ros2_ws/src) by extensions ['python_setup_py']
[8.286s] Level 1:colcon.colcon_core.package_identification:_identify(/home/brairlab/ros2_ws/src) by extension 'python_setup_py'
[8.286s] Level 1:colcon.colcon_core.package_identification:_identify(/home/brairlab/ros2_ws/src/action_tutorials_interfaces) by extensions ['ignore', 'ignore_ament_install']
[8.286s] Level 1:colcon.colcon_core.package_identification:_identify(/home/brairlab/ros2_ws/src/action_tutorials_interfaces) by extension 'ignore'
[8.287s] Level 1:colcon.colcon_core.package_identification:_identify(/home/brairlab/ros2_ws/src/action_tutorials_interfaces) by extension 'ignore_ament_install'
[8.287s] Level 1:colcon.colcon_core.package_identification:_identify(/home/brairlab/ros2_ws/src/action_tutorials_interfaces) by extensions ['colcon_pkg']
[8.287s] Level 1:colcon.colcon_core.package_identification:_identify(/home/brairlab/ros2_ws/src/action_tutorials_interfaces) by extension 'colcon_pkg'
[8.287s] Level 1:colcon.colcon_core.package_identification:_identify(/home/brairlab/ros2_ws/src/action_tutorials_interfaces) by extensions ['colcon_meta']
[8.287s] Level 1:colcon.colcon_core.package_identification:_identify(/home/brairlab/ros2_ws/src/action_tutorials_interfaces) by extension 'colcon_meta'
[8.287s] Level 1:colcon.colcon_core.package_identification:_identify(/home/brairlab/ros2_ws/src/action_tutorials_interfaces) by extensions ['ros']
[8.287s] Level 1:colcon.colcon_core.package_identification:_identify(/home/brairlab/ros2_ws/src/action_tutorials_interfaces) by extension 'ros'
[8.295s] DEBUG:colcon.colcon_core.package_identification:Package '/home/brairlab/ros2_ws/src/action_tutorials_interfaces' with type 'ros.ament_cmake' and name 'action_tutorials_interfaces'
[8.296s] Level 1:colcon.colcon_core.package_identification:_identify(/home/brairlab/ros2_ws/src/action_tutorials_py) by extensions ['ignore', 'ignore_ament_install']
[8.296s] Level 1:colcon.colcon_core.package_identification:_identify(/home/brairlab/ros2_ws/src/action_tutorials_py) by extension 'ignore'
[8.296s] Level 1:colcon.colcon_core.package_identification:_identify(/home/brairlab/ros2_ws/src/action_tutorials_py) by extension 'ignore_ament_install'
[8.296s] Level 1:colcon.colcon_core.package_identification:_identify(/home/brairlab/ros2_ws/src/action_tutorials_py) by extensions ['colcon_pkg']
[8.296s] Level 1:colcon.colcon_core.package_identification:_identify(/home/brairlab/ros2_ws/src/action_tutorials_py) by extension 'colcon_pkg'
[8.296s] Level 1:colcon.colcon_core.package_identification:_identify(/home/brairlab/ros2_ws/src/action_tutorials_py) by extensions ['colcon_meta']
[8.296s] Level 1:colcon.colcon_core.package_identification:_identify(/home/brairlab/ros2_ws/src/action_tutorials_py) by extension 'colcon_meta'
[8.297s] Level 1:colcon.colcon_core.package_identification:_identify(/home/brairlab/ros2_ws/src/action_tutorials_py) by extensions ['ros']
[8.297s] Level 1:colcon.colcon_core.package_identification:_identify(/home/brairlab/ros2_ws/src/action_tutorials_py) by extension 'ros'
[8.298s] DEBUG:colcon.colcon_core.package_identification:Package '/home/brairlab/ros2_ws/src/action_tutorials_py' with type 'ros.ament_python' and name 'action_tutorials_py'
[8.299s] Level 1:colcon.colcon_core.package_identification:_identify(/home/brairlab/ros2_ws/src/build) by extensions ['ignore', 'ignore_ament_install']
[8.299s] Level 1:colcon.colcon_core.package_identification:_identify(/home/brairlab/ros2_ws/src/build) by extension 'ignore'
[8.300s] Level 1:colcon.colcon_core.package_identification:_identify(/home/brairlab/ros2_ws/src/build) ignored
[8.300s] Level 1:colcon.colcon_core.package_identification:_identify(/home/brairlab/ros2_ws/src/install) by extensions ['ignore', 'ignore_ament_install']
[8.300s] Level 1:colcon.colcon_core.package_identification:_identify(/home/brairlab/ros2_ws/src/install) by extension 'ignore'
[8.301s] Level 1:colcon.colcon_core.package_identification:_identify(/home/brairlab/ros2_ws/src/install) ignored
[8.301s] Level 1:colcon.colcon_core.package_identification:_identify(/home/brairlab/ros2_ws/src/log) by extensions ['ignore', 'ignore_ament_install']
[8.301s] Level 1:colcon.colcon_core.package_identification:_identify(/home/brairlab/ros2_ws/src/log) by extension 'ignore'
[8.301s] Level 1:colcon.colcon_core.package_identification:_identify(/home/brairlab/ros2_ws/src/log) ignored
[8.302s] Level 1:colcon.colcon_core.package_identification:_identify(/home/brairlab/ros2_ws/src/my_package) by extensions ['ignore', 'ignore_ament_install']
[8.302s] Level 1:colcon.colcon_core.package_identification:_identify(/home/brairlab/ros2_ws/src/my_package) by extension 'ignore'
[8.302s] Level 1:colcon.colcon_core.package_identification:_identify(/home/brairlab/ros2_ws/src/my_package) by extension 'ignore_ament_install'
[8.302s] Level 1:colcon.colcon_core.package_identification:_identify(/home/brairlab/ros2_ws/src/my_package) by extensions ['colcon_pkg']
[8.302s] Level 1:colcon.colcon_core.package_identification:_identify(/home/brairlab/ros2_ws/src/my_package) by extension 'colcon_pkg'
[8.302s] Level 1:colcon.colcon_core.package_identification:_identify(/home/brairlab/ros2_ws/src/my_package) by extensions ['colcon_meta']
[8.302s] Level 1:colcon.colcon_core.package_identification:_identify(/home/brairlab/ros2_ws/src/my_package) by extension 'colcon_meta'
[8.303s] Level 1:colcon.colcon_core.package_identification:_identify(/home/brairlab/ros2_ws/src/my_package) by extensions ['ros']
[8.303s] Level 1:colcon.colcon_core.package_identification:_identify(/home/brairlab/ros2_ws/src/my_package) by extension 'ros'
[8.304s] DEBUG:colcon.colcon_core.package_identification:Package '/home/brairlab/ros2_ws/src/my_package' with type 'ros.ament_python' and name 'my_package'
[8.305s] Level 1:colcon.colcon_core.package_identification:_identify(/home/brairlab/ros2_ws/src/py_pubs) by extensions ['ignore', 'ignore_ament_install']
[8.305s] Level 1:colcon.colcon_core.package_identification:_identify(/home/brairlab/ros2_ws/src/py_pubs) by extension 'ignore'
[8.305s] Level 1:colcon.colcon_core.package_identification:_identify(/home/brairlab/ros2_ws/src/py_pubs) by extension 'ignore_ament_install'
[8.305s] Level 1:colcon.colcon_core.package_identification:_identify(/home/brairlab/ros2_ws/src/py_pubs) by extensions ['colcon_pkg']
[8.305s] Level 1:colcon.colcon_core.package_identification:_identify(/home/brairlab/ros2_ws/src/py_pubs) by extension 'colcon_pkg'
[8.305s] Level 1:colcon.colcon_core.package_identification:_identify(/home/brairlab/ros2_ws/src/py_pubs) by extensions ['colcon_meta']
[8.305s] Level 1:colcon.colcon_core.package_identification:_identify(/home/brairlab/ros2_ws/src/py_pubs) by extension 'colcon_meta'
[8.305s] Level 1:colcon.colcon_core.package_identification:_identify(/home/brairlab/ros2_ws/src/py_pubs) by extensions ['ros']
[8.305s] Level 1:colcon.colcon_core.package_identification:_identify(/home/brairlab/ros2_ws/src/py_pubs) by extension 'ros'
[8.306s] DEBUG:colcon.colcon_core.package_identification:Package '/home/brairlab/ros2_ws/src/py_pubs' with type 'ros.ament_python' and name 'py_pubs'
[8.307s] Level 1:colcon.colcon_core.package_identification:_identify(/home/brairlab/ros2_ws/src/py_srvcli) by extensions ['ignore', 'ignore_ament_install']
[8.307s] Level 1:colcon.colcon_core.package_identification:_identify(/home/brairlab/ros2_ws/src/py_srvcli) by extension 'ignore'
[8.307s] Level 1:colcon.colcon_core.package_identification:_identify(/home/brairlab/ros2_ws/src/py_srvcli) by extension 'ignore_ament_install'
[8.307s] Level 1:colcon.colcon_core.package_identification:_identify(/home/brairlab/ros2_ws/src/py_srvcli) by extensions ['colcon_pkg']
[8.307s] Level 1:colcon.colcon_core.package_identification:_identify(/home/brairlab/ros2_ws/src/py_srvcli) by extension 'colcon_pkg'
[8.307s] Level 1:colcon.colcon_core.package_identification:_identify(/home/brairlab/ros2_ws/src/py_srvcli) by extensions ['colcon_meta']
[8.307s] Level 1:colcon.colcon_core.package_identification:_identify(/home/brairlab/ros2_ws/src/py_srvcli) by extension 'colcon_meta'
[8.308s] Level 1:colcon.colcon_core.package_identification:_identify(/home/brairlab/ros2_ws/src/py_srvcli) by extensions ['ros']
[8.308s] Level 1:colcon.colcon_core.package_identification:_identify(/home/brairlab/ros2_ws/src/py_srvcli) by extension 'ros'
[8.309s] DEBUG:colcon.colcon_core.package_identification:Package '/home/brairlab/ros2_ws/src/py_srvcli' with type 'ros.ament_python' and name 'py_srvcli'
[8.309s] Level 1:colcon.colcon_core.package_identification:_identify(/home/brairlab/ros2_ws/src/python_parameters) by extensions ['ignore', 'ignore_ament_install']
[8.310s] Level 1:colcon.colcon_core.package_identification:_identify(/home/brairlab/ros2_ws/src/python_parameters) by extension 'ignore'
[8.310s] Level 1:colcon.colcon_core.package_identification:_identify(/home/brairlab/ros2_ws/src/python_parameters) by extension 'ignore_ament_install'
[8.310s] Level 1:colcon.colcon_core.package_identification:_identify(/home/brairlab/ros2_ws/src/python_parameters) by extensions ['colcon_pkg']
[8.310s] Level 1:colcon.colcon_core.package_identification:_identify(/home/brairlab/ros2_ws/src/python_parameters) by extension 'colcon_pkg'
[8.310s] Level 1:colcon.colcon_core.package_identification:_identify(/home/brairlab/ros2_ws/src/python_parameters) by extensions ['colcon_meta']
[8.310s] Level 1:colcon.colcon_core.package_identification:_identify(/home/brairlab/ros2_ws/src/python_parameters) by extension 'colcon_meta'
[8.310s] Level 1:colcon.colcon_core.package_identification:_identify(/home/brairlab/ros2_ws/src/python_parameters) by extensions ['ros']
[8.310s] Level 1:colcon.colcon_core.package_identification:_identify(/home/brairlab/ros2_ws/src/python_parameters) by extension 'ros'
[8.311s] DEBUG:colcon.colcon_core.package_identification:Package '/home/brairlab/ros2_ws/src/python_parameters' with type 'ros.ament_python' and name 'python_parameters'
[8.311s] Level 1:colcon.colcon_core.package_identification:_identify(/home/brairlab/ros2_ws/src/tutorial_interfaces) by extensions ['ignore', 'ignore_ament_install']
[8.311s] Level 1:colcon.colcon_core.package_identification:_identify(/home/brairlab/ros2_ws/src/tutorial_interfaces) by extension 'ignore'
[8.311s] Level 1:colcon.colcon_core.package_identification:_identify(/home/brairlab/ros2_ws/src/tutorial_interfaces) by extension 'ignore_ament_install'
[8.312s] Level 1:colcon.colcon_core.package_identification:_identify(/home/brairlab/ros2_ws/src/tutorial_interfaces) by extensions ['colcon_pkg']
[8.312s] Level 1:colcon.colcon_core.package_identification:_identify(/home/brairlab/ros2_ws/src/tutorial_interfaces) by extension 'colcon_pkg'
[8.312s] Level 1:colcon.colcon_core.package_identification:_identify(/home/brairlab/ros2_ws/src/tutorial_interfaces) by extensions ['colcon_meta']
[8.312s] Level 1:colcon.colcon_core.package_identification:_identify(/home/brairlab/ros2_ws/src/tutorial_interfaces) by extension 'colcon_meta'
[8.312s] Level 1:colcon.colcon_core.package_identification:_identify(/home/brairlab/ros2_ws/src/tutorial_interfaces) by extensions ['ros']
[8.312s] Level 1:colcon.colcon_core.package_identification:_identify(/home/brairlab/ros2_ws/src/tutorial_interfaces) by extension 'ros'
[8.315s] DEBUG:colcon.colcon_core.package_identification:Package '/home/brairlab/ros2_ws/src/tutorial_interfaces' with type 'ros.ament_cmake' and name 'tutorial_interfaces'
[8.315s] Level 1:colcon.colcon_core.package_discovery:discover_packages(recursive) using defaults
