[0.310s] Invoking command in '/home/brairlab/ros2_ws/build/tutorial_interfaces': CMAKE_PREFIX_PATH=/opt/ros/humble /usr/bin/cmake /home/brairlab/ros2_ws/src/tutorial_interfaces -DCMAKE_INSTALL_PREFIX=/home/brairlab/ros2_ws/install/tutorial_interfaces
[0.383s] -- Found geometry_msgs: 4.2.4 (/opt/ros/humble/share/geometry_msgs/cmake)
[2.500s] -- Found rosidl_generator_c: 3.1.5 (/opt/ros/humble/share/rosidl_generator_c/cmake)
[2.529s] -- Found rosidl_adapter: 3.1.5 (/opt/ros/humble/share/rosidl_adapter/cmake)
[2.705s] -- Found rosidl_generator_cpp: 3.1.5 (/opt/ros/humble/share/rosidl_generator_cpp/cmake)
[3.069s] -- Using all available rosidl_typesupport_c: rosidl_typesupport_fastrtps_c;rosidl_typesupport_introspection_c
[3.627s] -- Using all available rosidl_typesupport_cpp: rosidl_typesupport_fastrtps_cpp;rosidl_typesupport_introspection_cpp
[5.216s] -- Found rosidl_default_generators: 1.2.0 (/opt/ros/humble/share/rosidl_default_generators/cmake)
[7.804s] [31mCMake Error at /opt/ros/humble/share/rosidl_adapter/cmake/rosidl_adapt_interfaces.cmake:59 (message):
[7.804s]   execute_process(/usr/bin/python3 -m rosidl_adapter --package-name
[7.804s]   tutorial_interfaces --arguments-file
[7.804s]   /home/brairlab/ros2_ws/build/tutorial_interfaces/rosidl_adapter__arguments__tutorial_interfaces.json
[7.804s]   --output-dir
[7.804s]   /home/brairlab/ros2_ws/build/tutorial_interfaces/rosidl_adapter/tutorial_interfaces
[7.805s]   --output-file
[7.805s]   /home/brairlab/ros2_ws/build/tutorial_interfaces/rosidl_adapter/tutorial_interfaces.idls)
[7.805s]   returned error code 1:
[7.805s] 
[7.805s]   Error processing 'geometry_msgs/point center' of
[7.805s]   'tutorial_interfaces/Sphere': ''point' is an invalid message name.  It
[7.805s]   should have the pattern '^[A-Z][A-Za-z0-9]*$''
[7.805s] 
[7.805s]   Traceback (most recent call last):
[7.805s] 
[7.805s]     File "/usr/lib/python3.10/runpy.py", line 196, in _run_module_as_main
[7.805s]       return _run_code(code, main_globals, None,
[7.805s]     File "/usr/lib/python3.10/runpy.py", line 86, in _run_code
[7.805s]       exec(code, run_globals)
[7.806s]     File "/opt/ros/humble/local/lib/python3.10/dist-packages/rosidl_adapter/__main__.py", line 19, in <module>
[7.806s]       sys.exit(main())
[7.806s]     File "/opt/ros/humble/local/lib/python3.10/dist-packages/rosidl_adapter/main.py", line 53, in main
[7.806s]       abs_idl_file = convert_to_idl(
[7.806s]     File "/opt/ros/humble/local/lib/python3.10/dist-packages/rosidl_adapter/__init__.py", line 19, in convert_to_idl
[7.806s]       return convert_msg_to_idl(
[7.806s]     File "/opt/ros/humble/local/lib/python3.10/dist-packages/rosidl_adapter/msg/__init__.py", line 28, in convert_msg_to_idl
[7.806s]       msg = parse_message_string(package_name, input_file.stem, content)
[7.806s]     File "/opt/ros/humble/local/lib/python3.10/dist-packages/rosidl_adapter/parser.py", line 520, in parse_message_string
[7.806s]       Type(type_string, context_package_name=pkg_name),
[7.806s]     File "/opt/ros/humble/local/lib/python3.10/dist-packages/rosidl_adapter/parser.py", line 277, in __init__
[7.806s]       super(Type, self).__init__(
[7.811s]     File "/opt/ros/humble/local/lib/python3.10/dist-packages/rosidl_adapter/parser.py", line 205, in __init__
[7.812s]       raise InvalidResourceName(
[7.812s] 
[7.812s]   rosidl_adapter.parser.InvalidResourceName: 'point' is an invalid message
[7.812s]   name.  It should have the pattern '^[A-Z][A-Za-z0-9]*$'
[7.812s] 
[7.812s] Call Stack (most recent call first):
[7.812s]   /opt/ros/humble/share/rosidl_cmake/cmake/rosidl_generate_interfaces.cmake:130 (rosidl_adapt_interfaces)
[7.812s]   CMakeLists.txt:10 (rosidl_generate_interfaces)
[7.812s] 
[7.812s] [0m
[7.812s] -- Configuring incomplete, errors occurred!
[7.812s] See also "/home/brairlab/ros2_ws/build/tutorial_interfaces/CMakeFiles/CMakeOutput.log".
[7.850s] Invoked command in '/home/brairlab/ros2_ws/build/tutorial_interfaces' returned '1': CMAKE_PREFIX_PATH=/opt/ros/humble /usr/bin/cmake /home/brairlab/ros2_ws/src/tutorial_interfaces -DCMAKE_INSTALL_PREFIX=/home/brairlab/ros2_ws/install/tutorial_interfaces
