
 Ansys Mechanical Enterprise Academic Student      


 *------------------------------------------------------------------*
 |                                                                  |
 |   W E L C O M E   T O   T H E   A N S Y S (R)  P R O G R A M     |
 |                                                                  |
 *------------------------------------------------------------------*




 ***************************************************************
 *         ANSYS MAPDL 2026 R1          LEGAL NOTICES          *
 ***************************************************************
 *                                                             *
 * Copyright (c) 2026 Synopsys, Inc. and ANSYS, Inc.           *
 * All rights reserved.                                        *
 * Unauthorized use, distribution or duplication is            *
 * prohibited.                                                 *
 *                                                             *
 * Ansys is a registered trademark of Ansys, Inc. or its       *
 * subsidiaries in the United States or other countries.       *
 * See the Ansys, Inc. online documentation or the Ansys, Inc. *
 * documentation CD or online help for the complete Legal      *
 * Notice.                                                     *
 *                                                             *
 ***************************************************************
 *                                                             *
 * THIS ANSYS SOFTWARE PRODUCT AND PROGRAM DOCUMENTATION       *
 * INCLUDE TRADE SECRETS AND CONFIDENTIAL AND PROPRIETARY      *
 * PRODUCTS OF ANSYS, INC., ITS SUBSIDIARIES, OR LICENSORS.    *
 * The software products and documentation are furnished by    *
 * Ansys, Inc. or its subsidiaries under a software license    *
 * agreement that contains provisions concerning               *
 * non-disclosure, copying, length and nature of use,          *
 * compliance with exporting laws, warranties, disclaimers,    *
 * limitations of liability, and remedies, and other           *
 * provisions.  The software products and documentation may be *
 * used, disclosed, transferred, or copied only in accordance  *
 * with the terms and conditions of that software license      *
 * agreement.                                                  *
 *                                                             *
 * Ansys, Inc. is a UL registered                              *
 * ISO 9001:2015 company.                                      *
 *                                                             *
 ***************************************************************
 *                                                             *
 * This product is subject to U.S. laws governing export and   *
 * re-export.                                                  *
 *                                                             *
 * For U.S. Government users, except as specifically granted   *
 * by the Ansys, Inc. software license agreement, the use,     *
 * duplication, or disclosure by the United States Government  *
 * is subject to restrictions stated in the Ansys, Inc.        *
 * software license agreement and FAR 12.212 (for non-DOD      *
 * licenses).                                                  *
 *                                                             *
 ***************************************************************

 2026 R1 
     
 Point Releases and Patches installed:   
     
 Ansys, Inc. License Manager 2026 R1 
 Discovery (full install) 2026 R1
 Core WB Files 2026 R1   
 optiSLang Core UI 2026 R1   
 CFX (includes CFD-Post) 2026 R1 
 Chemkin 2026 R1 
 EnSight 2026 R1 
 FENSAP-ICE 2026 R1  
 Fluent (includes CFD-Post) 2026 R1  
 Polyflow (includes CFD-Post) 2026 R1
 Forte (includes EnSight) 2026 R1
 Rocky 2026 R1   
 TurboGrid 2026 R1   
 ACIS Geometry Interface 2026 R1 
 AutoCAD Geometry Interface 2026 R1  
 Catia, Version 4 Geometry Interface 2026 R1 
 Catia, Version 5 Geometry Interface 2026 R1 
 Catia, Version 6 Geometry Interface 2026 R1 
 Creo Elements/Direct Modeling Geometry Interface 2026 R1
 Creo Parametric Geometry Interface 2026 R1  
 Inventor Geometry Interface 2026 R1 
 JTOpen Geometry Interface 2026 R1   
 NX Geometry Interface 2026 R1   
 Parasolid Geometry Interface  2026 R1   
 Solid Edge Geometry Interface 2026 R1   
 SOLIDWORKS Geometry Interface 2026 R1   
 Speos 2026 R1   
 SpaceClaim 2026 R1  
 Speos RPC 2026 R1   
 Zemax OpticStudio 2026 R1   
 Dynamic Reporting 2026 R1   
 Aqwa 2026 R1
 Autodyn 2026 R1 
 Material Calibration App 2026 R1
 Mechanical Products 2026 R1 
 Motion 2026 R1  
 Academic Student 2026 R1


          *****  MAPDL COMMAND LINE ARGUMENTS  *****
  BATCH MODE REQUESTED (-b)    = NOLIST
  INPUT FILE COPY MODE (-c)    = COPY
  DISTRIBUTED MEMORY PARALLEL REQUESTED
       4 PARALLEL PROCESSES REQUESTED WITH SINGLE THREAD PER PROCESS
    TOTAL OF     4 CORES REQUESTED
  INPUT FILE NAME              = C:\Users\ricca\OneDrive - University of Pisa\III - Nonlinear analysis through FEM\7-Curve fitting\Workshop7A\_ProjectScratch\ScrAB2A\dummy.dat
  OUTPUT FILE NAME             = C:\Users\ricca\OneDrive - University of Pisa\III - Nonlinear analysis through FEM\7-Curve fitting\Workshop7A\_ProjectScratch\ScrAB2A\solve.out
  START-UP FILE MODE           = NOREAD
  STOP FILE MODE               = NOREAD

 RELEASE= 2026 R1              BUILD= 26.1      UP20260202   VERSION=WINDOWS x64 
 CURRENT JOBNAME=file0  17:13:16  JUN 30, 2026  Elapsed Time=       0.094


 PARAMETER _DS_PROGRESS =     999.0000000    

 /INPUT FILE= ds.dat  LINE=       0



 *** NOTE ***                            ELAPSED TIME =       4.860   TIME= 17:13:16
 The /CONFIG,NOELDB command is not valid in a distributed memory         
 parallel solution.  Command is ignored.                                 

 *GET  _WALLSTRT  FROM  ACTI  ITEM=TIME WALL  VALUE= 0.135571039E-02

 TITLE= 
 WS4a-hyper--Static Structural (A5)                                            

  ACT Extensions:
      LSDYNA, 2026.1
      5f463412-bd3e-484b-87e7-cbc0a665e474, wbex
      ANSYSMotion, 2026.1
      20180725-3f81-49eb-9f31-41364844c769, wbex

 SET PARAMETER DIMENSIONS ON  _WB_PROJECTSCRATCH_DIR
  TYPE=STRI  DIMENSIONS=      248        1        1

 PARAMETER _WB_PROJECTSCRATCH_DIR(1) = C:\Users\ricca\OneDrive - University of Pisa\III - Nonlinear analysis through FEM\7-Curve fitting\Workshop7A\_ProjectScratch\ScrAB2A\

 SET PARAMETER DIMENSIONS ON  _WB_SOLVERFILES_DIR
  TYPE=STRI  DIMENSIONS=      248        1        1

 PARAMETER _WB_SOLVERFILES_DIR(1) = C:\Users\ricca\OneDrive - University of Pisa\III - Nonlinear analysis through FEM\7-Curve fitting\Workshop7A\WS4a-hyper_files\dp0\SYS\MECH\

 SET PARAMETER DIMENSIONS ON  _WB_USERFILES_DIR
  TYPE=STRI  DIMENSIONS=      248        1        1

 PARAMETER _WB_USERFILES_DIR(1) = C:\Users\ricca\OneDrive - University of Pisa\III - Nonlinear analysis through FEM\7-Curve fitting\Workshop7A\WS4a-hyper_files\user_files\
 --- Data in consistent BIN units. See Solving Units in the help system for more

 U.S. CUSTOMARY INCH UNITS SPECIFIED FOR INTERNAL    
  LENGTH      = INCHES (IN)
  MASS        = LBF-S**2/IN 
  TIME        = SECONDS (SEC)  
  TEMPERATURE = FAHRENHEIT
  TOFFSET     = 460.0
  FORCE       = LBF
  HEAT        = IN-LBF
  PRESSURE    = PSI (LBF/IN**2)
  ENERGY      = IN-LBF
  POWER       = IN-LBF/SEC

 INPUT  UNITS ARE ALSO SET TO BIN 

 *** MAPDL - ENGINEERING ANALYSIS SYSTEM  RELEASE 2026 R1          26.1     ***
 Ansys Mechanical Enterprise Academic Student      
 01055371  VERSION=WINDOWS x64   17:13:16  JUN 30, 2026 Elapsed Time=      4.882

 WS4a-hyper--Static Structural (A5)                                            



          ***** MAPDL ANALYSIS DEFINITION (PREP7) *****
 *********** Send User Defined Coordinate System(s) ***********
 *********** Nodes for the whole assembly ***********
 *********** Elements for Body 1 'Solid' ***********
 *********** Elements for Body 2 'Solid' ***********
 *********** Elements for Body 3 'Solid' ***********
 *********** Set Reference Temperature ***********
 *********** Send Materials ***********
 ********* Frictionless Supports X *********
 ********* Frictionless Supports Y *********
 ********* Frictionless Supports Z *********


 ***** ROUTINE COMPLETED *****  ELAPSED TIME =         4.896


 --- Number of total nodes = 3309
 --- Number of contact elements = 0
 --- Number of spring elements = 0
 --- Number of bearing elements = 0
 --- Number of solid elements = 528
 --- Number of condensed parts = 0
 --- Number of total elements = 528

 *GET  _WALLBSOL  FROM  ACTI  ITEM=TIME WALL  VALUE= 0.136007981E-02
 ****************************************************************************
 *************************    SOLUTION       ********************************
 ****************************************************************************

 *****  MAPDL SOLUTION ROUTINE  *****


 PERFORM A STATIC ANALYSIS
  THIS WILL BE A NEW ANALYSIS

 LARGE DEFORMATION ANALYSIS

 PARAMETER _THICKRATIO =     0.000000000    

 USE SPARSE MATRIX DIRECT SOLVER

 CONTACT INFORMATION PRINTOUT LEVEL       1

 CHECK INITIAL OPEN/CLOSED STATUS OF SELECTED CONTACT ELEMENTS
      AND LIST DETAILED CONTACT PAIR INFORMATION

 SPLIT CONTACT SURFACES AT SOLVE PHASE

    NUMBER OF SPLITTING TBD BY PROGRAM

 DO NOT COMBINE ELEMENT MATRIX FILES (.emat) AFTER DISTRIBUTED PARALLEL SOLUTION

 DO NOT COMBINE ELEMENT SAVE DATA FILES (.esav) AFTER DISTRIBUTED PARALLEL SOLUTION

 NLDIAG: Nonlinear diagnostics CONT option is set to ON. 
         Writing frequency : each ITERATION.

 DEFINE RESTART CONTROL FOR LOADSTEP LAST
 AT FREQUENCY OF LAST AND NUMBER FOR OVERWRITE IS   -1

 DELETE RESTART FILES OF ENDSTEP
 ****************************************************
 ******************* SOLVE FOR LS 1 OF 1 ****************
 *** Set Displacements ***
 CMBLOCK read of NODE component _CM89UX_XP                                                                                                                                                                                                                                                        completed

 SELECT      COMPONENT _CM89UX_XP                                                                                                                                                                                                                                                      

 SPECIFIED CONSTRAINT UX   FOR SELECTED NODES            1 TO        3309 BY           1
 REAL=  1.96850394       IMAG=  0.00000000    

 ALL SELECT   FOR ITEM=NODE COMPONENT=    
  IN RANGE         1 TO       3309 STEP          1

       3309  NODES (OF       3309  DEFINED) SELECTED BY NSEL  COMMAND.
 *** Component For All Non-Zero UX Displacements ***

 SELECT      COMPONENT _CM89UX_XP                                                                                                                                                                                                                                                      

 DEFINITION OF COMPONENT = _DISPNONZEROUX  ENTITY=NODE

 ALL SELECT   FOR ITEM=NODE COMPONENT=    
  IN RANGE         1 TO       3309 STEP          1

       3309  NODES (OF       3309  DEFINED) SELECTED BY NSEL  COMMAND.

 PRINTOUT RESUMED BY /GOP

 USE AUTOMATIC TIME STEPPING THIS LOAD STEP

 USE      10 SUBSTEPS INITIALLY THIS LOAD STEP FOR ALL  DEGREES OF FREEDOM
 FOR AUTOMATIC TIME STEPPING:
   USE     50 SUBSTEPS AS A MAXIMUM
   USE      5 SUBSTEPS AS A MINIMUM

 TIME=  1.0000    

 ERASE THE CURRENT DATABASE OUTPUT CONTROL TABLE.


 WRITE ALL  ITEMS TO THE DATABASE WITH A FREQUENCY OF NONE
   FOR ALL APPLICABLE ENTITIES

 WRITE NSOL ITEMS TO THE DATABASE WITH A FREQUENCY OF ALL 
   FOR ALL APPLICABLE ENTITIES

 WRITE RSOL ITEMS TO THE DATABASE WITH A FREQUENCY OF ALL 
   FOR ALL APPLICABLE ENTITIES

 WRITE EANG ITEMS TO THE DATABASE WITH A FREQUENCY OF ALL 
   FOR ALL APPLICABLE ENTITIES

 WRITE ETMP ITEMS TO THE DATABASE WITH A FREQUENCY OF ALL 
   FOR ALL APPLICABLE ENTITIES

 WRITE VENG ITEMS TO THE DATABASE WITH A FREQUENCY OF ALL 
   FOR ALL APPLICABLE ENTITIES

 WRITE NLOA ITEMS TO THE DATABASE WITH A FREQUENCY OF ALL 
   FOR ALL APPLICABLE ENTITIES

 WRITE STRS ITEMS TO THE DATABASE WITH A FREQUENCY OF ALL 
   FOR ALL APPLICABLE ENTITIES

 WRITE BKST ITEMS TO THE DATABASE WITH A FREQUENCY OF ALL 
   FOR ALL APPLICABLE ENTITIES

 WRITE EPEL ITEMS TO THE DATABASE WITH A FREQUENCY OF ALL 
   FOR ALL APPLICABLE ENTITIES

 WRITE EPPL ITEMS TO THE DATABASE WITH A FREQUENCY OF ALL 
   FOR ALL APPLICABLE ENTITIES

 WRITE CONT ITEMS TO THE DATABASE WITH A FREQUENCY OF ALL 
   FOR ALL APPLICABLE ENTITIES

 WRITE NLDA ITEMS TO THE DATABASE WITH A FREQUENCY OF ALL 
   FOR ALL APPLICABLE ENTITIES

 NONLINEAR STABILIZATION CONTROL:
 KEY=OFF 


 *GET  ANSINTER_  FROM  ACTI  ITEM=INT        VALUE=  0.00000000    

 *IF  ANSINTER_  ( =   0.00000     )  NE  
      0  ( =   0.00000     )  THEN    

 *ENDIF

 *** NOTE ***                            ELAPSED TIME =       4.931   TIME= 17:13:16
 The automatic domain decomposition logic has selected the MESH domain   
 decomposition method with 4 processes per solution.                     

 *****  MAPDL SOLVE    COMMAND  *****

 *** WARNING ***                         ELAPSED TIME =       4.957   TIME= 17:13:16
 Element shape checking is currently inactive.  Issue SHPP,ON or         
 SHPP,WARN to reactivate, if desired.                                    

 *** NOTE ***                            ELAPSED TIME =       4.959   TIME= 17:13:16
 The model data was checked and warning messages were found.             
  Please review output or errors file ( C:\Users\ricca\OneDrive -        
 University of Pisa\III - Nonlinear analysis through FEM\7-Curve         
 fitting\Workshop7A\_ProjectScratch\ScrAB2A\file0.err ) for these        
 warning messages.                                                       

 *** SELECTION OF ELEMENT TECHNOLOGIES FOR APPLICABLE ELEMENTS ***
      --- GIVE SUGGESTIONS AND RESET THE KEY OPTIONS ---

 ELEMENT TYPE         1 IS SOLID186. KEYOPT(2)=0 IS SUGGESTED. SINCE IT IS
 ASSOCIATED WITH FULLY INCOMPRESSIBLE HYPERELASTIC MATERIALS, KEYOPT(6)=1
 MUST BE USED. THEY HAVE BEEN RESET.
  KEYOPT(1-12)=    0    0    0    0    0    1    0    0    0    0    0    0

 ELEMENT TYPE         2 IS SOLID186. KEYOPT(2)=0 IS SUGGESTED. SINCE IT IS
 ASSOCIATED WITH FULLY INCOMPRESSIBLE HYPERELASTIC MATERIALS, KEYOPT(6)=1
 MUST BE USED. THEY HAVE BEEN RESET.
  KEYOPT(1-12)=    0    0    0    0    0    1    0    0    0    0    0    0

 ELEMENT TYPE         3 IS SOLID186. KEYOPT(2)=0 IS SUGGESTED. SINCE IT IS
 ASSOCIATED WITH FULLY INCOMPRESSIBLE HYPERELASTIC MATERIALS, KEYOPT(6)=1
 MUST BE USED. THEY HAVE BEEN RESET.
  KEYOPT(1-12)=    0    0    0    0    0    1    0    0    0    0    0    0



 *** MAPDL - ENGINEERING ANALYSIS SYSTEM  RELEASE 2026 R1          26.1     ***
 Ansys Mechanical Enterprise Academic Student      
 01055371  VERSION=WINDOWS x64   17:13:16  JUN 30, 2026 Elapsed Time=      4.959

 WS4a-hyper--Static Structural (A5)                                            



                       S O L U T I O N   O P T I O N S

   PROBLEM DIMENSIONALITY. . . . . . . . . . . . .3-D                  
   DEGREES OF FREEDOM. . . . . . UX   UY   UZ  
   ANALYSIS TYPE . . . . . . . . . . . . . . . . .STATIC (STEADY-STATE)
   OFFSET TEMPERATURE FROM ABSOLUTE ZERO . . . . .  459.67    
   NONLINEAR GEOMETRIC EFFECTS . . . . . . . . . .ON
   EQUATION SOLVER OPTION. . . . . . . . . . . . .SPARSE             
   NEWTON-RAPHSON OPTION . . . . . . . . . . . . .PROGRAM CHOSEN   
   GLOBALLY ASSEMBLED MATRIX . . . . . . . . . . .SYMMETRIC  

 *** NOTE ***                            ELAPSED TIME =       4.960   TIME= 17:13:16
 This nonlinear analysis defaults to using the full Newton-Raphson       
 solution procedure.  This can be modified using the NROPT command.      

 *** NOTE ***                            ELAPSED TIME =       4.960   TIME= 17:13:16
 The conditions for direct assembly have been met.  No .emat or .erot    
 files will be produced.                                                 

 *** NOTE ***                            ELAPSED TIME =       4.962   TIME= 17:13:16
 Internal nodes from 3310 to 4365 are created.                           
 1056 internal nodes are used for non-contact elements with mixed        
 formulation.                                                            

  
  
     D I S T R I B U T E D   D O M A I N   D E C O M P O S E R
  
  ...Number of elements: 528
  ...Number of nodes:    4365
  ...Decompose to 4 CPU domains
  ...Element load balance ratio =     1.000


                      L O A D   S T E P   O P T I O N S

   LOAD STEP NUMBER. . . . . . . . . . . . . . . .     1
   TIME AT END OF THE LOAD STEP. . . . . . . . . .  1.0000    
   AUTOMATIC TIME STEPPING . . . . . . . . . . . .    ON
      INITIAL NUMBER OF SUBSTEPS . . . . . . . . .    10
      MAXIMUM NUMBER OF SUBSTEPS . . . . . . . . .    50
      MINIMUM NUMBER OF SUBSTEPS . . . . . . . . .     5
   MAXIMUM NUMBER OF EQUILIBRIUM ITERATIONS. . . .    15
   STEP CHANGE BOUNDARY CONDITIONS . . . . . . . .    NO
   STRESS-STIFFENING . . . . . . . . . . . . . . .    ON
   TERMINATE ANALYSIS IF NOT CONVERGED . . . . . .YES (EXIT)  
   CONVERGENCE CONTROLS. . . . . . . . . . . . . .USE DEFAULTS
   PRINT OUTPUT CONTROLS . . . . . . . . . . . . .NO PRINTOUT
   DATABASE OUTPUT CONTROLS
      ITEM     FREQUENCY   COMPONENT
       ALL       NONE               
      NSOL        ALL               
      RSOL        ALL               
      EANG        ALL               
      ETMP        ALL               
      VENG        ALL               
      NLOA        ALL               
      STRS        ALL               
      BKST        ALL               
      EPEL        ALL               
      EPPL        ALL               
      CONT        ALL               
      NLDA        ALL               


 SOLUTION MONITORING INFO IS WRITTEN TO FILE= file.mntr                                                                                                                                                                                                                                                           



                         ***********  PRECISE MASS SUMMARY  ***********

   TOTAL RIGID BODY MASS MATRIX ABOUT ORIGIN
               Translational mass               |   Coupled translational/rotational mass
        0.15576E-04    0.0000        0.0000     |     0.0000       0.22996E-06  -0.31935E-05
         0.0000       0.15576E-04    0.0000     |   -0.22996E-06    0.0000       0.22709E-04
         0.0000        0.0000       0.15576E-04 |    0.31935E-05  -0.22709E-04    0.0000    
     ------------------------------------------ | ------------------------------------------
                                                |         Rotational mass (inertia)
                                                |    0.97537E-06  -0.51746E-05  -0.33528E-06
                                                |   -0.51746E-05   0.37872E-04  -0.47148E-07
                                                |   -0.33528E-06  -0.47148E-07   0.38838E-04

   TOTAL MASS = 0.15576E-04
     The mass principal axes coincide with the global Cartesian axes

   CENTER OF MASS (X,Y,Z)=    1.4580       0.20503       0.14764E-01

   TOTAL INERTIA ABOUT CENTER OF MASS
        0.31721E-06  -0.51851E-06  -0.10588E-21
       -0.51851E-06   0.47583E-05    0.0000    
       -0.10588E-21    0.0000       0.50733E-05

   PRINCIPAL INERTIAS =   0.25748E-06   0.48180E-05   0.50733E-05
   ORIENTATION VECTORS OF THE INERTIA PRINCIPAL AXES IN GLOBAL CARTESIAN
     ( 0.993, 0.114, 0.000) (-0.114, 0.993,-0.000) (-0.000, 0.000, 1.000) 


  *** MASS SUMMARY BY ELEMENT TYPE ***

  TYPE      MASS
     1  0.579119E-05
     2  0.812042E-05
     3  0.166412E-05

 Range of element maximum matrix coefficients in global coordinates
 Maximum = 55.0441282 at element 311.                                    
 Minimum = 11.89921 at element 122.                                      

   *** ELEMENT MATRIX FORMULATION TIMES
     TYPE    NUMBER     ENAME   TOTAL ELAPSED   AVG ELAPSED

        1       120  SOLID186          0.0253   0.000210758
        2       264  SOLID186          0.0523   0.000197951
        3       144  SOLID186          0.0316   0.000219506
 Elapsed Time at end of element matrix formulation = 5.1578402.          

 ALL CURRENT MAPDL DATA WRITTEN TO FILE NAME= file.rdb
  FOR POSSIBLE RESUME FROM THIS POINT
     FORCE CONVERGENCE VALUE  =   12.25      CRITERION=  0.6127E-01

 DISTRIBUTED SPARSE MATRIX DIRECT SOLVER.
  Number of equations =       10683,    Maximum wavefront =    288


  Memory allocated on only this MPI rank (rank     0)
  -------------------------------------------------------------------
  Equation solver memory allocated                     =    24.944 MB
  Equation solver memory required for in-core mode     =    11.754 MB
  Equation solver memory required for out-of-core mode =     8.008 MB
  Total (solver and non-solver) memory allocated       =   430.885 MB


  Total memory summed across all MPI ranks on this machines
  -------------------------------------------------------------------
  Equation solver memory allocated                     =    98.200 MB
  Equation solver memory required for in-core mode     =    45.800 MB
  Equation solver memory required for out-of-core mode =    31.592 MB
  Total (solver and non-solver) memory allocated       =   873.246 MB

 *** NOTE ***                            ELAPSED TIME =       5.212   TIME= 17:13:16
 The Distributed Sparse Matrix Solver is currently running in the        
 in-core memory mode.  This memory mode uses the most amount of memory   
 in order to avoid using the hard drive as much as possible, which most  
 often results in the fastest solution time.  This mode is recommended   
 if enough physical memory is present to accommodate all of the solver   
 data.                                                                   

 *** WARNING ***                         ELAPSED TIME =       5.212   TIME= 17:13:16
 Pivoting has been activated for the Distributed Sparse Matrix Solver.   
 The memory required may greatly exceed the predicted amount.  In that   
 event, use the DSPOPTION command to change the memory mode and/or       
 memory size used by the Distributed Sparse Matrix Solver.               
 curEqn=   1286  totEqn=   2559 Job CP sec=      1.297
      Factor Done= 105% Factor Wall sec=      0.025 rate=       5.8 GFlops
 curEqn=   2559  totEqn=   2559 Job CP sec=      1.312
      Factor Done= 113% Factor Wall sec=      0.036 rate=       4.4 GFlops
 Distributed sparse solver maximum pivot= 16846662.2 at node 1353 UZ.    
 Distributed sparse solver minimum pivot= 1.90587423 at node 711 UZ.     
 Distributed sparse solver minimum pivot in absolute value= 1.90587423   
 at node 711 UZ.                                                         
     DISP CONVERGENCE VALUE   =  0.1969      CRITERION=  0.9843E-02
    EQUIL ITER   1 COMPLETED.  NEW TRIANG MATRIX.  MAX DOF INC=  0.1969    
     VOLUMETRIC COMPATIBILITY IS NOT SATISFIED FOR    528 U-P ELEMENTS
     FORCE CONVERGENCE VALUE  =  0.1044E-01  CRITERION=  0.5512E-03
     DISP CONVERGENCE VALUE   =  0.6137E-02  CRITERION=  0.9843E-02 <<< CONVERGED
    EQUIL ITER   2 COMPLETED.  NEW TRIANG MATRIX.  MAX DOF INC=  0.6137E-02
     VOLUMETRIC COMPATIBILITY IS NOT SATISFIED FOR    336 U-P ELEMENTS
     FORCE CONVERGENCE VALUE  =  0.1754E-03  CRITERION=  0.5198E-03 <<< CONVERGED
     DISP CONVERGENCE VALUE   =  0.2172E-04  CRITERION=  0.9843E-02 <<< CONVERGED
    EQUIL ITER   3 COMPLETED.  NEW TRIANG MATRIX.  MAX DOF INC= -0.2172E-04
    >>> SOLUTION CONVERGED AFTER EQUILIBRIUM ITERATION   3

   *** ELEMENT RESULT CALCULATION TIMES
     TYPE    NUMBER     ENAME   TOTAL ELAPSED   AVG ELAPSED

        1       120  SOLID186          0.0095   0.000079280
        2       264  SOLID186          0.0249   0.000094403
        3       144  SOLID186          0.0143   0.000099065

   *** NODAL LOAD CALCULATION TIMES
     TYPE    NUMBER     ENAME   TOTAL ELAPSED   AVG ELAPSED

        1       120  SOLID186          0.0010   0.000008060
        2       264  SOLID186          0.0024   0.000009249
        3       144  SOLID186          0.0013   0.000009347
 *** LOAD STEP     1   SUBSTEP     1  COMPLETED.    CUM ITER =      3
 *** TIME =  0.100000         TIME INC =  0.100000    
 *** AUTO STEP TIME:  NEXT TIME INC = 0.10000      UNCHANGED

     VOLUMETRIC COMPATIBILITY IS NOT SATISFIED FOR    528 U-P ELEMENTS
     FORCE CONVERGENCE VALUE  =  0.2301E-01  CRITERION=  0.9541E-03
     DISP CONVERGENCE VALUE   =  0.1703E-01  CRITERION=  0.9843E-02
    EQUIL ITER   1 COMPLETED.  NEW TRIANG MATRIX.  MAX DOF INC=  0.1703E-01
     VOLUMETRIC COMPATIBILITY IS NOT SATISFIED FOR    374 U-P ELEMENTS
     FORCE CONVERGENCE VALUE  =  0.6474E-03  CRITERION=  0.8693E-03 <<< CONVERGED
     DISP CONVERGENCE VALUE   =  0.2030E-03  CRITERION=  0.9843E-02 <<< CONVERGED
    EQUIL ITER   2 COMPLETED.  NEW TRIANG MATRIX.  MAX DOF INC= -0.2030E-03
    >>> SOLUTION CONVERGED AFTER EQUILIBRIUM ITERATION   2
 *** LOAD STEP     1   SUBSTEP     2  COMPLETED.    CUM ITER =      5
 *** TIME =  0.200000         TIME INC =  0.100000    
 *** AUTO TIME STEP:  NEXT TIME INC = 0.15000      INCREASED (FACTOR = 1.5000)

     VOLUMETRIC COMPATIBILITY IS NOT SATISFIED FOR    528 U-P ELEMENTS
     FORCE CONVERGENCE VALUE  =  0.2061      CRITERION=  0.1672E-02
     DISP CONVERGENCE VALUE   =  0.1017E-01  CRITERION=  0.1476E-01 <<< CONVERGED
    EQUIL ITER   1 COMPLETED.  NEW TRIANG MATRIX.  MAX DOF INC=  0.1017E-01
     VOLUMETRIC COMPATIBILITY IS NOT SATISFIED FOR    308 U-P ELEMENTS
     FORCE CONVERGENCE VALUE  =  0.1203E-01  CRITERION=  0.1273E-02
     DISP CONVERGENCE VALUE   =  0.1681E-02  CRITERION=  0.1476E-01 <<< CONVERGED
    EQUIL ITER   2 COMPLETED.  NEW TRIANG MATRIX.  MAX DOF INC= -0.1681E-02
     FORCE CONVERGENCE VALUE  =  0.5222E-04  CRITERION=  0.1275E-02 <<< CONVERGED
    >>> SOLUTION CONVERGED AFTER EQUILIBRIUM ITERATION   2
 *** LOAD STEP     1   SUBSTEP     3  COMPLETED.    CUM ITER =      7
 *** TIME =  0.350000         TIME INC =  0.150000    
 *** AUTO TIME STEP:  NEXT TIME INC = 0.20000      INCREASED (FACTOR = 1.3333)

     VOLUMETRIC COMPATIBILITY IS NOT SATISFIED FOR    528 U-P ELEMENTS
     FORCE CONVERGENCE VALUE  =   4.412      CRITERION=  0.2174E-01
     DISP CONVERGENCE VALUE   =  0.6512E-01  CRITERION=  0.1969E-01
    EQUIL ITER   1 COMPLETED.  NEW TRIANG MATRIX.  MAX DOF INC= -0.6512E-01
     VOLUMETRIC COMPATIBILITY IS NOT SATISFIED FOR    528 U-P ELEMENTS
     FORCE CONVERGENCE VALUE  =   1.152      CRITERION=  0.6068E-02
     DISP CONVERGENCE VALUE   =  0.3862E-01  CRITERION=  0.1969E-01
    EQUIL ITER   2 COMPLETED.  NEW TRIANG MATRIX.  MAX DOF INC= -0.3862E-01
     VOLUMETRIC COMPATIBILITY IS NOT SATISFIED FOR    528 U-P ELEMENTS
     FORCE CONVERGENCE VALUE  =  0.1023      CRITERION=  0.2285E-02
     DISP CONVERGENCE VALUE   =  0.4380E-02  CRITERION=  0.1969E-01 <<< CONVERGED
    EQUIL ITER   3 COMPLETED.  NEW TRIANG MATRIX.  MAX DOF INC= -0.4380E-02
     FORCE CONVERGENCE VALUE  =  0.1869E-02  CRITERION=  0.2234E-02 <<< CONVERGED
    >>> SOLUTION CONVERGED AFTER EQUILIBRIUM ITERATION   3
 *** LOAD STEP     1   SUBSTEP     4  COMPLETED.    CUM ITER =     10
 *** TIME =  0.550000         TIME INC =  0.200000    
 *** AUTO STEP TIME:  NEXT TIME INC = 0.20000      UNCHANGED

     VOLUMETRIC COMPATIBILITY IS NOT SATISFIED FOR    528 U-P ELEMENTS
     FORCE CONVERGENCE VALUE  =   6.073      CRITERION=  0.2885E-01
     DISP CONVERGENCE VALUE   =  0.8400E-01  CRITERION=  0.1969E-01
    EQUIL ITER   1 COMPLETED.  NEW TRIANG MATRIX.  MAX DOF INC= -0.8400E-01
     VOLUMETRIC COMPATIBILITY IS NOT SATISFIED FOR    522 U-P ELEMENTS
     FORCE CONVERGENCE VALUE  =   1.484      CRITERION=  0.7762E-02
     DISP CONVERGENCE VALUE   =  0.2880E-01  CRITERION=  0.1969E-01
    EQUIL ITER   2 COMPLETED.  NEW TRIANG MATRIX.  MAX DOF INC= -0.2880E-01
     VOLUMETRIC COMPATIBILITY IS NOT SATISFIED FOR    338 U-P ELEMENTS
     FORCE CONVERGENCE VALUE  =  0.1933      CRITERION=  0.3619E-02
     DISP CONVERGENCE VALUE   =  0.3235E-02  CRITERION=  0.1969E-01 <<< CONVERGED
    EQUIL ITER   3 COMPLETED.  NEW TRIANG MATRIX.  MAX DOF INC= -0.3235E-02
     VOLUMETRIC COMPATIBILITY IS NOT SATISFIED FOR      2 U-P ELEMENTS
     FORCE CONVERGENCE VALUE  =  0.2142E-01  CRITERION=  0.3523E-02
     DISP CONVERGENCE VALUE   =  0.2270E-03  CRITERION=  0.1969E-01 <<< CONVERGED
    EQUIL ITER   4 COMPLETED.  NEW TRIANG MATRIX.  MAX DOF INC= -0.2270E-03
     FORCE CONVERGENCE VALUE  =  0.3556E-03  CRITERION=  0.3523E-02 <<< CONVERGED
    >>> SOLUTION CONVERGED AFTER EQUILIBRIUM ITERATION   4
 *** LOAD STEP     1   SUBSTEP     5  COMPLETED.    CUM ITER =     14
 *** TIME =  0.750000         TIME INC =  0.200000    
 *** AUTO TIME STEP:  NEXT TIME INC = 0.12500      DECREASED (FACTOR = 0.6250)

     VOLUMETRIC COMPATIBILITY IS NOT SATISFIED FOR    528 U-P ELEMENTS
     FORCE CONVERGENCE VALUE  =   1.796      CRITERION=  0.9699E-02
     DISP CONVERGENCE VALUE   =  0.4465E-01  CRITERION=  0.1969E-01
    EQUIL ITER   1 COMPLETED.  NEW TRIANG MATRIX.  MAX DOF INC= -0.4465E-01
     VOLUMETRIC COMPATIBILITY IS NOT SATISFIED FOR    206 U-P ELEMENTS
     FORCE CONVERGENCE VALUE  =  0.2781      CRITERION=  0.4553E-02
     DISP CONVERGENCE VALUE   =  0.4912E-02  CRITERION=  0.1969E-01 <<< CONVERGED
    EQUIL ITER   2 COMPLETED.  NEW TRIANG MATRIX.  MAX DOF INC= -0.4912E-02
     FORCE CONVERGENCE VALUE  =  0.1719E-01  CRITERION=  0.4384E-02
     DISP CONVERGENCE VALUE   =  0.2998E-03  CRITERION=  0.1969E-01 <<< CONVERGED
    EQUIL ITER   3 COMPLETED.  NEW TRIANG MATRIX.  MAX DOF INC= -0.2998E-03
     FORCE CONVERGENCE VALUE  =  0.1705E-03  CRITERION=  0.4384E-02 <<< CONVERGED
    >>> SOLUTION CONVERGED AFTER EQUILIBRIUM ITERATION   3
 *** LOAD STEP     1   SUBSTEP     6  COMPLETED.    CUM ITER =     17
 *** TIME =  0.875000         TIME INC =  0.125000    
 *** AUTO STEP TIME:  NEXT TIME INC = 0.12500      UNCHANGED

     VOLUMETRIC COMPATIBILITY IS NOT SATISFIED FOR    528 U-P ELEMENTS
     FORCE CONVERGENCE VALUE  =   1.373      CRITERION=  0.8775E-02
     DISP CONVERGENCE VALUE   =  0.9282E-02  CRITERION=  0.1969E-01 <<< CONVERGED
    EQUIL ITER   1 COMPLETED.  NEW TRIANG MATRIX.  MAX DOF INC=  0.9282E-02
     VOLUMETRIC COMPATIBILITY IS NOT SATISFIED FOR    493 U-P ELEMENTS
     FORCE CONVERGENCE VALUE  =  0.3391E-01  CRITERION=  0.5643E-02
     DISP CONVERGENCE VALUE   =  0.6605E-03  CRITERION=  0.1969E-01 <<< CONVERGED
    EQUIL ITER   2 COMPLETED.  NEW TRIANG MATRIX.  MAX DOF INC=  0.6605E-03
     FORCE CONVERGENCE VALUE  =  0.2389E-03  CRITERION=  0.5647E-02 <<< CONVERGED
    >>> SOLUTION CONVERGED AFTER EQUILIBRIUM ITERATION   2
 *** LOAD STEP     1   SUBSTEP     7  COMPLETED.    CUM ITER =     19
 *** TIME =   1.00000         TIME INC =  0.125000    


 *** MAPDL BINARY FILE STATISTICS
  BUFFER SIZE USED= 16384
        0.938 MB WRITTEN ON ELEMENT SAVED DATA FILE: file0.esav
        2.250 MB WRITTEN ON ASSEMBLED MATRIX FILE: file0.full
        1.688 MB WRITTEN ON RESULTS FILE: file0.rst
 *************** Write FE CONNECTORS *********

 WRITE OUT CONSTRAINT EQUATIONS TO FILE= file.ce                                                                                                                                                                                                                                                             
 ****************************************************
 *************** FINISHED SOLVE FOR LS 1 *************

 FINISH SOLUTION PROCESSING


 ***** ROUTINE COMPLETED *****  ELAPSED TIME =         7.145



 ALL CURRENT MAPDL DATA WRITTEN TO FILE NAME= file.db
  FOR POSSIBLE RESUME FROM THIS POINT

 *GET  _WALLASOL  FROM  ACTI  ITEM=TIME WALL  VALUE= 0.198761469E-02

 PRINTOUT RESUMED BY /GOP

 *** MAPDL - ENGINEERING ANALYSIS SYSTEM  RELEASE 2026 R1          26.1     ***
 Ansys Mechanical Enterprise Academic Student      
 01055371  VERSION=WINDOWS x64   17:13:18  JUN 30, 2026 Elapsed Time=      7.159

 WS4a-hyper--Static Structural (A5)                                            



          ***** MAPDL RESULTS INTERPRETATION (POST1) *****

 *** NOTE ***                            ELAPSED TIME =       7.159   TIME= 17:13:18
 Reading results into the database (SET command) will update the current 
 displacement and force boundary conditions in the database with the     
 values from the results file for that load set.  Note that any          
 subsequent solutions will use these values unless action is taken to    
 either SAVE the current values or not overwrite them (/EXIT,NOSAVE).    

 Set Encoding of XML File to:ISO-8859-1

 Set Output of XML File to:
     PARM,     ,     ,     ,     ,     ,     ,     ,     ,     ,     ,     ,
         ,     ,     ,     ,     ,     ,     ,

 DATABASE WRITTEN ON FILE  parm.xml                                                                                                                                                                                                                                                            

 EXIT THE MAPDL POST1 DATABASE PROCESSOR


 ***** ROUTINE COMPLETED *****  ELAPSED TIME =         7.160



 PRINTOUT RESUMED BY /GOP

 *GET  _WALLDONE  FROM  ACTI  ITEM=TIME WALL  VALUE= 0.198886217E-02

 PARAMETER _PREPTIME =    0.1572990000E-01

 PARAMETER _SOLVTIME =     2.259125600    

 PARAMETER _POSTTIME =    0.4490900000E-02

 PARAMETER _TOTALTIM =     2.279346400    

 *GET  _DLBRATIO  FROM  ACTI  ITEM=SOLU DLBR  VALUE=  1.00000000    

 *GET  _COMBTIME  FROM  ACTI  ITEM=SOLU COMB  VALUE= 0.181426000E-01

 *GET  _SSMODE   FROM  ACTI  ITEM=SOLU SSMM  VALUE=  2.00000000    

 *GET  _NDOFS    FROM  ACTI  ITEM=SOLU NDOF  VALUE=  10683.0000    

 *GET  _SOL_END_TIME  FROM  ACTI  ITEM=SET  TIME  VALUE=  1.00000000    

 *IF  _sol_end_time  ( =   1.00000     )  EQ  
      1.000000  ( =   1.00000     )  THEN    

 /FCLEAN COMMAND REMOVING ALL LOCAL FILES

 *ENDIF
 --- Total number of nodes = 3309
 --- Total number of elements = 528
 --- Element load balance ratio = 1
 --- Time to combine distributed files = 1.81426E-02
 --- Sparse memory mode = 2
 --- Number of DOF = 10683

 EXIT MAPDL WITHOUT SAVING DATABASE


 NUMBER OF WARNING MESSAGES ENCOUNTERED=          2
 NUMBER OF ERROR   MESSAGES ENCOUNTERED=          0

+--------------------- M A P D L   S T A T I S T I C S ------------------------+

Release: 2026 R1            Build: 26.1       Update: UP20260202   Platform: WINDOWS x64 
Date Run: 06/30/2026   Time: 17:13     Process ID: 2804
Operating System: Windows 11  (Build: 26200)

Processor Model: AMD Ryzen 7 260 w/ Radeon 780M Graphics

Compiler: Intel(R) Fortran Compiler Classic Version 2021.9  (Build: 20230302)
          Intel(R) C/C++ Compiler Classic Version 2021.9  (Build: 20230302)
          AOCL-BLAS 5.1.1 Build 20251008
          Intel(R) oneAPI Math Kernel Library Version 2024.2.3-Product Build 20250403

Number of machines requested            :    1
Total number of cores available         :   16
Number of physical cores available      :    8
Number of processes requested           :    4
Number of threads per process requested :    1
Total number of cores requested         :    4 (Distributed Memory Parallel)               
MPI Type: INTELMPI
MPI Version: Intel(R) MPI Library 2021.16 for Windows* OS


GPU Acceleration: Not Requested

Job Name: file0
Input File: dummy.dat

  Core                Machine Name   Working Directory
 -----------------------------------------------------
     0                       Burbs   C:\Users\ricca\OneDrive - University of Pisa\III - Nonlinear analysis through FEM\7-Curve fitting\Workshop7A\_ProjectScratch\ScrAB2A
     1                       Burbs   C:\Users\ricca\OneDrive - University of Pisa\III - Nonlinear analysis through FEM\7-Curve fitting\Workshop7A\_ProjectScratch\ScrAB2A
     2                       Burbs   C:\Users\ricca\OneDrive - University of Pisa\III - Nonlinear analysis through FEM\7-Curve fitting\Workshop7A\_ProjectScratch\ScrAB2A
     3                       Burbs   C:\Users\ricca\OneDrive - University of Pisa\III - Nonlinear analysis through FEM\7-Curve fitting\Workshop7A\_ProjectScratch\ScrAB2A
 
Latency time from master to core     1 =    2.995 microseconds
Latency time from master to core     2 =    3.007 microseconds
Latency time from master to core     3 =    3.286 microseconds
 
Communication speed from master to core     1 =  9989.39 MB/sec
Communication speed from master to core     2 = 14407.41 MB/sec
Communication speed from master to core     3 = 14354.67 MB/sec

Total CPU time for main thread                    :        2.6 seconds
Total CPU time summed for all threads             :        3.7 seconds

Elapsed time spent obtaining a license            :        0.5 seconds
Elapsed time spent pre-processing model (/PREP7)  :        0.0 seconds
Elapsed time spent solution - preprocessing       :        0.1 seconds
Elapsed time spent computing solution             :        2.0 seconds
   Elapsed time in element formation & assembly   :        0.7 seconds
   Elapsed time in equation solver                :        1.1 seconds
   Elapsed time in element result calculations    :        0.1 seconds
Elapsed time spent solution - postprocessing      :        0.0 seconds
Elapsed time spent post-processing model (/POST1) :        0.0 seconds
 
Equation solver used                              :            Sparse (symmetric)
Sparse direct equation solver computational rate  :       24.2 Gflops

Sum of disk space used on all processes           :       28.8 MB

Sum of memory used on all processes               :      199.0 MB
Sum of memory allocated on all processes          :     2880.0 MB
Physical memory available                         :         31 GB
Total amount of I/O written to disk               :        0.1 GB
Total amount of I/O read from disk                :        0.2 GB

+------------------ E N D   M A P D L   S T A T I S T I C S -------------------+


 *-----------------------------------------------------------------------------*
 |                                                                             |
 |                               RUN COMPLETED                                 |
 |                                                                             |
 |-----------------------------------------------------------------------------|
 |                                                                             |
 |  Ansys MAPDL 2026 R1         Build 26.1         UP20260202    WINDOWS x64   |
 |                                                                             |
 |-----------------------------------------------------------------------------|
 |                                                                             |
 |  Database Requested(-db)     1024 MB     Scratch Memory Requested   1024 MB |
 |  Max Database Used(Master)      3 MB     Max Scratch Used(Master)     49 MB |
 |  Max Database Used(Workers)     1 MB     Max Scratch Used(Workers)    48 MB |
 |  Sum Database Used(All)         6 MB     Sum Scratch Used(All)       193 MB |
 |                                                                             |
 |-----------------------------------------------------------------------------|
 |                                                                             |
 |        CP Time      (sec) =          3.703       Time  =  17:13:28          |
 |        Elapsed Time (sec) =         17.301       Date  =  06/30/2026        |
 |                                                                             |
 *-----------------------------------------------------------------------------*
