[0.022s] Invoking command in '/home/brairlab/ros2_ws/src/build/tutorial_interfaces': CMAKE_PREFIX_PATH=/opt/ros/humble /usr/bin/cmake /home/brairlab/ros2_ws/src/tutorial_interfaces -DCMAKE_INSTALL_PREFIX=/home/brairlab/ros2_ws/src/install/tutorial_interfaces
[0.181s] -- The C compiler identification is GNU 11.4.0
[0.333s] -- The CXX compiler identification is GNU 11.4.0
[0.360s] -- Detecting C compiler ABI info
[0.757s] -- Detecting C compiler ABI info - done
[0.773s] -- Check for working C compiler: /usr/bin/cc - skipped
[0.774s] -- Detecting C compile features
[0.776s] -- Detecting C compile features - done
[0.780s] -- Detecting CXX compiler ABI info
[0.992s] -- Detecting CXX compiler ABI info - done
[1.004s] -- Check for working CXX compiler: /usr/bin/c++ - skipped
[1.006s] -- Detecting CXX compile features
[1.006s] -- Detecting CXX compile features - done
[1.009s] -- Found ament_cmake: 1.3.10 (/opt/ros/humble/share/ament_cmake/cmake)
[1.243s] -- Found Python3: /usr/bin/python3 (found version "3.10.12") found components: Interpreter 
[1.377s] -- Found geometry_msgs: 4.2.4 (/opt/ros/humble/share/geometry_msgs/cmake)
[1.422s] -- Found rosidl_generator_c: 3.1.5 (/opt/ros/humble/share/rosidl_generator_c/cmake)
[1.428s] -- Found rosidl_adapter: 3.1.5 (/opt/ros/humble/share/rosidl_adapter/cmake)
[1.440s] -- Found rosidl_generator_cpp: 3.1.5 (/opt/ros/humble/share/rosidl_generator_cpp/cmake)
[1.453s] -- Using all available rosidl_typesupport_c: rosidl_typesupport_fastrtps_c;rosidl_typesupport_introspection_c
[1.526s] -- Using all available rosidl_typesupport_cpp: rosidl_typesupport_fastrtps_cpp;rosidl_typesupport_introspection_cpp
[1.526s] -- Found rosidl_default_generators: 1.2.0 (/opt/ros/humble/share/rosidl_default_generators/cmake)
[1.779s] [31mCMake Error at /opt/ros/humble/share/rosidl_adapter/cmake/rosidl_adapt_interfaces.cmake:59 (message):
[1.780s]   execute_process(/usr/bin/python3 -m rosidl_adapter --package-name
[1.781s]   tutorial_interfaces --arguments-file
[1.781s]   /home/brairlab/ros2_ws/src/build/tutorial_interfaces/rosidl_adapter__arguments__msg/Num.msg.json
[1.781s]   --output-dir
[1.781s]   /home/brairlab/ros2_ws/src/build/tutorial_interfaces/rosidl_adapter/tutorial_interfaces
[1.781s]   --output-file
[1.782s]   /home/brairlab/ros2_ws/src/build/tutorial_interfaces/rosidl_adapter/msg/Num.msg.idls)
[1.782s]   returned error code 1:
[1.783s] 
[1.783s]   Error processing 'geometry_msgs/point center' of
[1.783s]   'tutorial_interfaces/Sphere': ''point' is an invalid message name.  It
[1.783s]   should have the pattern '^[A-Z][A-Za-z0-9]*$''
[1.783s] 
[1.783s]   Traceback (most recent call last):
[1.783s] 
[1.783s]     File "/usr/lib/python3.10/runpy.py", line 196, in _run_module_as_main
[1.783s]       return _run_code(code, main_globals, None,
[1.783s]     File "/usr/lib/python3.10/runpy.py", line 86, in _run_code
[1.783s]       exec(code, run_globals)
[1.783s]     File "/opt/ros/humble/local/lib/python3.10/dist-packages/rosidl_adapter/__main__.py", line 19, in <module>
[1.783s]       sys.exit(main())
[1.783s]     File "/opt/ros/humble/local/lib/python3.10/dist-packages/rosidl_adapter/main.py", line 53, in main
[1.783s]       abs_idl_file = convert_to_idl(
[1.783s]     File "/opt/ros/humble/local/lib/python3.10/dist-packages/rosidl_adapter/__init__.py", line 19, in convert_to_idl
[1.783s]       return convert_msg_to_idl(
[1.783s]     File "/opt/ros/humble/local/lib/python3.10/dist-packages/rosidl_adapter/msg/__init__.py", line 28, in convert_msg_to_idl
[1.783s]       msg = parse_message_string(package_name, input_file.stem, content)
[1.783s]     File "/opt/ros/humble/local/lib/python3.10/dist-packages/rosidl_adapter/parser.py", line 520, in parse_message_string
[1.783s]       Type(type_string, context_package_name=pkg_name),
[1.783s]     File "/opt/ros/humble/local/lib/python3.10/dist-packages/rosidl_adapter/parser.py", line 277, in __init__
[1.783s]       super(Type, self).__init__(
[1.784s]     File "/opt/ros/humble/local/lib/python3.10/dist-packages/rosidl_adapter/parser.py", line 205, in __init__
[1.784s]       raise InvalidResourceName(
[1.784s] 
[1.784s]   rosidl_adapter.parser.InvalidResourceName: 'point' is an invalid message
[1.784s]   name.  It should have the pattern '^[A-Z][A-Za-z0-9]*$'
[1.784s] 
[1.784s] Call Stack (most recent call first):
[1.784s]   /opt/ros/humble/share/rosidl_cmake/cmake/rosidl_generate_interfaces.cmake:130 (rosidl_adapt_interfaces)
[1.784s]   CMakeLists.txt:16 (rosidl_generate_interfaces)
[1.784s] 
[1.784s] [0m
[1.784s] -- Configuring incomplete, errors occurred!
[1.784s] See also "/home/brairlab/ros2_ws/src/build/tutorial_interfaces/CMakeFiles/CMakeOutput.log".
[1.799s] Invoked command in '/home/brairlab/ros2_ws/src/build/tutorial_interfaces' returned '1': CMAKE_PREFIX_PATH=/opt/ros/humble /usr/bin/cmake /home/brairlab/ros2_ws/src/tutorial_interfaces -DCMAKE_INSTALL_PREFIX=/home/brairlab/ros2_ws/src/install/tutorial_interfaces
