[1.310s] Invoking command in '/home/brairlab/ros2_ws/src/my_package': PYTHONPATH=/home/brairlab/ros2_ws/build/my_package/prefix_override:/usr/lib/python3/dist-packages/colcon_core/task/python/colcon_distutils_commands:/home/brairlab/ros2_ws/install/my_package/lib/python3.10/site-packages:${PYTHONPATH} /usr/bin/python3 -W ignore:setup.py install is deprecated -W ignore:easy_install command is deprecated setup.py egg_info --egg-base ../../build/my_package build --build-base /home/brairlab/ros2_ws/build/my_package/build install --record /home/brairlab/ros2_ws/build/my_package/install.log --single-version-externally-managed install_data
[1.569s] running egg_info
[1.574s] writing ../../build/my_package/my_package.egg-info/PKG-INFO
[1.575s] writing dependency_links to ../../build/my_package/my_package.egg-info/dependency_links.txt
[1.576s] writing entry points to ../../build/my_package/my_package.egg-info/entry_points.txt
[1.576s] writing requirements to ../../build/my_package/my_package.egg-info/requires.txt
[1.577s] writing top-level names to ../../build/my_package/my_package.egg-info/top_level.txt
[1.586s] reading manifest file '../../build/my_package/my_package.egg-info/SOURCES.txt'
[1.586s] adding license file 'LICENSE'
[1.588s] writing manifest file '../../build/my_package/my_package.egg-info/SOURCES.txt'
[1.589s] running build
[1.589s] running build_py
[1.589s] running install
[1.590s] running install_lib
[1.592s] running install_data
[1.592s] running install_egg_info
[1.596s] removing '/home/brairlab/ros2_ws/install/my_package/lib/python3.10/site-packages/my_package-0.0.0-py3.10.egg-info' (and everything under it)
[1.598s] Copying ../../build/my_package/my_package.egg-info to /home/brairlab/ros2_ws/install/my_package/lib/python3.10/site-packages/my_package-0.0.0-py3.10.egg-info
[1.603s] running install_scripts
[1.789s] Installing my_node script to /home/brairlab/ros2_ws/install/my_package/lib/my_package
[1.818s] writing list of installed files to '/home/brairlab/ros2_ws/build/my_package/install.log'
[1.854s] Invoked command in '/home/brairlab/ros2_ws/src/my_package' returned '0': PYTHONPATH=/home/brairlab/ros2_ws/build/my_package/prefix_override:/usr/lib/python3/dist-packages/colcon_core/task/python/colcon_distutils_commands:/home/brairlab/ros2_ws/install/my_package/lib/python3.10/site-packages:${PYTHONPATH} /usr/bin/python3 -W ignore:setup.py install is deprecated -W ignore:easy_install command is deprecated setup.py egg_info --egg-base ../../build/my_package build --build-base /home/brairlab/ros2_ws/build/my_package/build install --record /home/brairlab/ros2_ws/build/my_package/install.log --single-version-externally-managed install_data
