[1.023s] Invoking command in '/home/brairlab/ros2_ws/src/python_parameters': PYTHONPATH=/home/brairlab/ros2_ws/src/build/python_parameters/prefix_override:/usr/lib/python3/dist-packages/colcon_core/task/python/colcon_distutils_commands:/home/brairlab/ros2_ws/src/install/python_parameters/lib/python3.10/site-packages:${PYTHONPATH} /usr/bin/python3 -W ignore:setup.py install is deprecated -W ignore:easy_install command is deprecated setup.py egg_info --egg-base ../build/python_parameters build --build-base /home/brairlab/ros2_ws/src/build/python_parameters/build install --record /home/brairlab/ros2_ws/src/build/python_parameters/install.log --single-version-externally-managed install_data
[1.336s] running egg_info
[1.340s] creating ../build/python_parameters/python_parameters.egg-info
[1.340s] writing ../build/python_parameters/python_parameters.egg-info/PKG-INFO
[1.341s] writing dependency_links to ../build/python_parameters/python_parameters.egg-info/dependency_links.txt
[1.341s] writing entry points to ../build/python_parameters/python_parameters.egg-info/entry_points.txt
[1.341s] writing requirements to ../build/python_parameters/python_parameters.egg-info/requires.txt
[1.341s] writing top-level names to ../build/python_parameters/python_parameters.egg-info/top_level.txt
[1.341s] writing manifest file '../build/python_parameters/python_parameters.egg-info/SOURCES.txt'
[1.342s] reading manifest file '../build/python_parameters/python_parameters.egg-info/SOURCES.txt'
[1.343s] adding license file 'LICENSE'
[1.343s] writing manifest file '../build/python_parameters/python_parameters.egg-info/SOURCES.txt'
[1.344s] running build
[1.344s] running build_py
[1.344s] creating /home/brairlab/ros2_ws/src/build/python_parameters/build
[1.347s] creating /home/brairlab/ros2_ws/src/build/python_parameters/build/lib
[1.347s] creating /home/brairlab/ros2_ws/src/build/python_parameters/build/lib/python_parameters
[1.347s] copying python_parameters/python_parameters_node.py -> /home/brairlab/ros2_ws/src/build/python_parameters/build/lib/python_parameters
[1.348s] copying python_parameters/__init__.py -> /home/brairlab/ros2_ws/src/build/python_parameters/build/lib/python_parameters
[1.348s] running install
[1.348s] running install_lib
[1.348s] creating /home/brairlab/ros2_ws/src/install/python_parameters/lib/python3.10/site-packages/python_parameters
[1.348s] copying /home/brairlab/ros2_ws/src/build/python_parameters/build/lib/python_parameters/python_parameters_node.py -> /home/brairlab/ros2_ws/src/install/python_parameters/lib/python3.10/site-packages/python_parameters
[1.348s] copying /home/brairlab/ros2_ws/src/build/python_parameters/build/lib/python_parameters/__init__.py -> /home/brairlab/ros2_ws/src/install/python_parameters/lib/python3.10/site-packages/python_parameters
[1.349s] byte-compiling /home/brairlab/ros2_ws/src/install/python_parameters/lib/python3.10/site-packages/python_parameters/python_parameters_node.py to python_parameters_node.cpython-310.pyc
[1.350s] byte-compiling /home/brairlab/ros2_ws/src/install/python_parameters/lib/python3.10/site-packages/python_parameters/__init__.py to __init__.cpython-310.pyc
[1.350s] running install_data
[1.350s] creating /home/brairlab/ros2_ws/src/install/python_parameters/share/ament_index
[1.350s] creating /home/brairlab/ros2_ws/src/install/python_parameters/share/ament_index/resource_index
[1.350s] creating /home/brairlab/ros2_ws/src/install/python_parameters/share/ament_index/resource_index/packages
[1.350s] copying resource/python_parameters -> /home/brairlab/ros2_ws/src/install/python_parameters/share/ament_index/resource_index/packages
[1.350s] copying package.xml -> /home/brairlab/ros2_ws/src/install/python_parameters/share/python_parameters
[1.350s] creating /home/brairlab/ros2_ws/src/install/python_parameters/share/python_parameters/launch
[1.350s] copying launch/param_launch.xml -> /home/brairlab/ros2_ws/src/install/python_parameters/share/python_parameters/launch
[1.350s] running install_egg_info
[1.358s] Copying ../build/python_parameters/python_parameters.egg-info to /home/brairlab/ros2_ws/src/install/python_parameters/lib/python3.10/site-packages/python_parameters-0.0.0-py3.10.egg-info
[1.358s] running install_scripts
[1.388s] Installing minimal_param_node script to /home/brairlab/ros2_ws/src/install/python_parameters/lib/python_parameters
[1.388s] writing list of installed files to '/home/brairlab/ros2_ws/src/build/python_parameters/install.log'
[1.448s] Invoked command in '/home/brairlab/ros2_ws/src/python_parameters' returned '0': PYTHONPATH=/home/brairlab/ros2_ws/src/build/python_parameters/prefix_override:/usr/lib/python3/dist-packages/colcon_core/task/python/colcon_distutils_commands:/home/brairlab/ros2_ws/src/install/python_parameters/lib/python3.10/site-packages:${PYTHONPATH} /usr/bin/python3 -W ignore:setup.py install is deprecated -W ignore:easy_install command is deprecated setup.py egg_info --egg-base ../build/python_parameters build --build-base /home/brairlab/ros2_ws/src/build/python_parameters/build install --record /home/brairlab/ros2_ws/src/build/python_parameters/install.log --single-version-externally-managed install_data
