running egg_info
writing ../../build/py_pubs/py_pubs.egg-info/PKG-INFO
writing dependency_links to ../../build/py_pubs/py_pubs.egg-info/dependency_links.txt
writing entry points to ../../build/py_pubs/py_pubs.egg-info/entry_points.txt
writing requirements to ../../build/py_pubs/py_pubs.egg-info/requires.txt
writing top-level names to ../../build/py_pubs/py_pubs.egg-info/top_level.txt
reading manifest file '../../build/py_pubs/py_pubs.egg-info/SOURCES.txt'
adding license file 'LICENSE'
writing manifest file '../../build/py_pubs/py_pubs.egg-info/SOURCES.txt'
running build
running build_py
running install
running install_lib
running install_data
creating /home/brairlab/ros2_ws/install/py_pubs/share/py_pubs/launch
copying launch/pubsub_launch.xml -> /home/brairlab/ros2_ws/install/py_pubs/share/py_pubs/launch
running install_egg_info
removing '/home/brairlab/ros2_ws/install/py_pubs/lib/python3.10/site-packages/py_pubs-0.0.0-py3.10.egg-info' (and everything under it)
Copying ../../build/py_pubs/py_pubs.egg-info to /home/brairlab/ros2_ws/install/py_pubs/lib/python3.10/site-packages/py_pubs-0.0.0-py3.10.egg-info
running install_scripts
Installing listener script to /home/brairlab/ros2_ws/install/py_pubs/lib/py_pubs
Installing talker script to /home/brairlab/ros2_ws/install/py_pubs/lib/py_pubs
writing list of installed files to '/home/brairlab/ros2_ws/build/py_pubs/install.log'
