[1.646s] Invoking command in '/home/brairlab/ros2_ws/src/py_pubs': PYTHONPATH=/home/brairlab/ros2_ws/build/py_pubs/prefix_override:/usr/lib/python3/dist-packages/colcon_core/task/python/colcon_distutils_commands:/home/brairlab/ros2_ws/install/py_pubs/lib/python3.10/site-packages:${PYTHONPATH} /usr/bin/python3 -W ignore:setup.py install is deprecated -W ignore:easy_install command is deprecated setup.py egg_info --egg-base ../../build/py_pubs build --build-base /home/brairlab/ros2_ws/build/py_pubs/build install --record /home/brairlab/ros2_ws/build/py_pubs/install.log --single-version-externally-managed install_data
[1.998s] running egg_info
[2.022s] writing ../../build/py_pubs/py_pubs.egg-info/PKG-INFO
[2.025s] writing dependency_links to ../../build/py_pubs/py_pubs.egg-info/dependency_links.txt
[2.025s] writing entry points to ../../build/py_pubs/py_pubs.egg-info/entry_points.txt
[2.026s] writing requirements to ../../build/py_pubs/py_pubs.egg-info/requires.txt
[2.026s] writing top-level names to ../../build/py_pubs/py_pubs.egg-info/top_level.txt
[2.031s] reading manifest file '../../build/py_pubs/py_pubs.egg-info/SOURCES.txt'
[2.033s] adding license file 'LICENSE'
[2.033s] writing manifest file '../../build/py_pubs/py_pubs.egg-info/SOURCES.txt'
[2.033s] running build
[2.033s] running build_py
[2.035s] running install
[2.035s] running install_lib
[2.104s] running install_data
[2.105s] creating /home/brairlab/ros2_ws/install/py_pubs/share/py_pubs/launch
[2.105s] copying launch/pubsub_launch.xml -> /home/brairlab/ros2_ws/install/py_pubs/share/py_pubs/launch
[2.105s] running install_egg_info
[2.108s] removing '/home/brairlab/ros2_ws/install/py_pubs/lib/python3.10/site-packages/py_pubs-0.0.0-py3.10.egg-info' (and everything under it)
[2.110s] Copying ../../build/py_pubs/py_pubs.egg-info to /home/brairlab/ros2_ws/install/py_pubs/lib/python3.10/site-packages/py_pubs-0.0.0-py3.10.egg-info
[2.113s] running install_scripts
[2.182s] Installing listener script to /home/brairlab/ros2_ws/install/py_pubs/lib/py_pubs
[2.188s] Installing talker script to /home/brairlab/ros2_ws/install/py_pubs/lib/py_pubs
[2.188s] writing list of installed files to '/home/brairlab/ros2_ws/build/py_pubs/install.log'
[2.230s] Invoked command in '/home/brairlab/ros2_ws/src/py_pubs' returned '0': PYTHONPATH=/home/brairlab/ros2_ws/build/py_pubs/prefix_override:/usr/lib/python3/dist-packages/colcon_core/task/python/colcon_distutils_commands:/home/brairlab/ros2_ws/install/py_pubs/lib/python3.10/site-packages:${PYTHONPATH} /usr/bin/python3 -W ignore:setup.py install is deprecated -W ignore:easy_install command is deprecated setup.py egg_info --egg-base ../../build/py_pubs build --build-base /home/brairlab/ros2_ws/build/py_pubs/build install --record /home/brairlab/ros2_ws/build/py_pubs/install.log --single-version-externally-managed install_data
