[0.144s] DEBUG:colcon:Command line arguments: ['/usr/bin/colcon', 'build']
[0.144s] DEBUG:colcon:Parsed command line arguments: Namespace(log_base=None, log_level=None, verb_name='build', build_base='build', install_base='install', merge_install=False, symlink_install=False, test_result_base=None, continue_on_error=False, executor='parallel', parallel_workers=4, event_handlers=None, ignore_user_meta=False, metas=['./colcon.meta'], base_paths=['.'], packages_ignore=None, packages_ignore_regex=None, paths=None, packages_up_to=None, packages_up_to_regex=None, packages_above=None, packages_above_and_dependencies=None, packages_above_depth=None, packages_select_by_dep=None, packages_skip_by_dep=None, packages_skip_up_to=None, packages_select_build_failed=False, packages_skip_build_finished=False, packages_select_test_failures=False, packages_skip_test_passed=False, packages_select=None, packages_skip=None, packages_select_regex=None, packages_skip_regex=None, packages_start=None, packages_end=None, allow_overriding=[], cmake_args=None, cmake_target=None, cmake_target_skip_unavailable=False, cmake_clean_cache=False, cmake_clean_first=False, cmake_force_configure=False, ament_cmake_args=None, catkin_cmake_args=None, catkin_skip_building_tests=False, verb_parser=<colcon_defaults.argument_parser.defaults.DefaultArgumentsDecorator object at 0x75140b02a950>, verb_extension=<colcon_core.verb.build.BuildVerb object at 0x75140b02a410>, main=<bound method BuildVerb.main of <colcon_core.verb.build.BuildVerb object at 0x75140b02a410>>)
[0.318s] Level 1:colcon.colcon_core.package_discovery:discover_packages(colcon_meta) check parameters
[0.318s] Level 1:colcon.colcon_core.package_discovery:discover_packages(recursive) check parameters
[0.318s] Level 1:colcon.colcon_core.package_discovery:discover_packages(ignore) check parameters
[0.318s] Level 1:colcon.colcon_core.package_discovery:discover_packages(path) check parameters
[0.318s] Level 1:colcon.colcon_core.package_discovery:discover_packages(colcon_meta) discover
[0.318s] Level 1:colcon.colcon_core.package_discovery:discover_packages(recursive) discover
[0.318s] INFO:colcon.colcon_core.package_discovery:Crawling recursively for packages in '/home/brairlab/ros2_ws'
[0.319s] Level 1:colcon.colcon_core.package_identification:_identify(.) by extensions ['ignore', 'ignore_ament_install']
[0.319s] Level 1:colcon.colcon_core.package_identification:_identify(.) by extension 'ignore'
[0.319s] Level 1:colcon.colcon_core.package_identification:_identify(.) by extension 'ignore_ament_install'
[0.319s] Level 1:colcon.colcon_core.package_identification:_identify(.) by extensions ['colcon_pkg']
[0.319s] Level 1:colcon.colcon_core.package_identification:_identify(.) by extension 'colcon_pkg'
[0.319s] Level 1:colcon.colcon_core.package_identification:_identify(.) by extensions ['colcon_meta']
[0.319s] Level 1:colcon.colcon_core.package_identification:_identify(.) by extension 'colcon_meta'
[0.319s] Level 1:colcon.colcon_core.package_identification:_identify(.) by extensions ['ros']
[0.319s] Level 1:colcon.colcon_core.package_identification:_identify(.) by extension 'ros'
[0.334s] Level 1:colcon.colcon_core.package_identification:_identify(.) by extensions ['cmake', 'python']
[0.335s] Level 1:colcon.colcon_core.package_identification:_identify(.) by extension 'cmake'
[0.335s] Level 1:colcon.colcon_core.package_identification:_identify(.) by extension 'python'
[0.335s] Level 1:colcon.colcon_core.package_identification:_identify(.) by extensions ['python_setup_py']
[0.335s] Level 1:colcon.colcon_core.package_identification:_identify(.) by extension 'python_setup_py'
[0.335s] Level 1:colcon.colcon_core.package_identification:_identify(build) by extensions ['ignore', 'ignore_ament_install']
[0.335s] Level 1:colcon.colcon_core.package_identification:_identify(build) by extension 'ignore'
[0.335s] Level 1:colcon.colcon_core.package_identification:_identify(build) ignored
[0.335s] Level 1:colcon.colcon_core.package_identification:_identify(install) by extensions ['ignore', 'ignore_ament_install']
[0.335s] Level 1:colcon.colcon_core.package_identification:_identify(install) by extension 'ignore'
[0.335s] Level 1:colcon.colcon_core.package_identification:_identify(install) ignored
[0.335s] Level 1:colcon.colcon_core.package_identification:_identify(log) by extensions ['ignore', 'ignore_ament_install']
[0.335s] Level 1:colcon.colcon_core.package_identification:_identify(log) by extension 'ignore'
[0.335s] Level 1:colcon.colcon_core.package_identification:_identify(log) ignored
[0.335s] Level 1:colcon.colcon_core.package_identification:_identify(src) by extensions ['ignore', 'ignore_ament_install']
[0.336s] Level 1:colcon.colcon_core.package_identification:_identify(src) by extension 'ignore'
[0.336s] Level 1:colcon.colcon_core.package_identification:_identify(src) by extension 'ignore_ament_install'
[0.336s] Level 1:colcon.colcon_core.package_identification:_identify(src) by extensions ['colcon_pkg']
[0.336s] Level 1:colcon.colcon_core.package_identification:_identify(src) by extension 'colcon_pkg'
[0.336s] Level 1:colcon.colcon_core.package_identification:_identify(src) by extensions ['colcon_meta']
[0.336s] Level 1:colcon.colcon_core.package_identification:_identify(src) by extension 'colcon_meta'
[0.336s] Level 1:colcon.colcon_core.package_identification:_identify(src) by extensions ['ros']
[0.336s] Level 1:colcon.colcon_core.package_identification:_identify(src) by extension 'ros'
[0.336s] Level 1:colcon.colcon_core.package_identification:_identify(src) by extensions ['cmake', 'python']
[0.336s] Level 1:colcon.colcon_core.package_identification:_identify(src) by extension 'cmake'
[0.336s] Level 1:colcon.colcon_core.package_identification:_identify(src) by extension 'python'
[0.336s] Level 1:colcon.colcon_core.package_identification:_identify(src) by extensions ['python_setup_py']
[0.336s] Level 1:colcon.colcon_core.package_identification:_identify(src) by extension 'python_setup_py'
[0.336s] Level 1:colcon.colcon_core.package_identification:_identify(src/my_package) by extensions ['ignore', 'ignore_ament_install']
[0.336s] Level 1:colcon.colcon_core.package_identification:_identify(src/my_package) by extension 'ignore'
[0.336s] Level 1:colcon.colcon_core.package_identification:_identify(src/my_package) by extension 'ignore_ament_install'
[0.336s] Level 1:colcon.colcon_core.package_identification:_identify(src/my_package) by extensions ['colcon_pkg']
[0.336s] Level 1:colcon.colcon_core.package_identification:_identify(src/my_package) by extension 'colcon_pkg'
[0.337s] Level 1:colcon.colcon_core.package_identification:_identify(src/my_package) by extensions ['colcon_meta']
[0.337s] Level 1:colcon.colcon_core.package_identification:_identify(src/my_package) by extension 'colcon_meta'
[0.337s] Level 1:colcon.colcon_core.package_identification:_identify(src/my_package) by extensions ['ros']
[0.337s] Level 1:colcon.colcon_core.package_identification:_identify(src/my_package) by extension 'ros'
[0.340s] DEBUG:colcon.colcon_core.package_identification:Package 'src/my_package' with type 'ros.ament_python' and name 'my_package'
[0.340s] Level 1:colcon.colcon_core.package_identification:_identify(src/py_pubs) by extensions ['ignore', 'ignore_ament_install']
[0.340s] Level 1:colcon.colcon_core.package_identification:_identify(src/py_pubs) by extension 'ignore'
[0.340s] Level 1:colcon.colcon_core.package_identification:_identify(src/py_pubs) by extension 'ignore_ament_install'
[0.340s] Level 1:colcon.colcon_core.package_identification:_identify(src/py_pubs) by extensions ['colcon_pkg']
[0.340s] Level 1:colcon.colcon_core.package_identification:_identify(src/py_pubs) by extension 'colcon_pkg'
[0.340s] Level 1:colcon.colcon_core.package_identification:_identify(src/py_pubs) by extensions ['colcon_meta']
[0.340s] Level 1:colcon.colcon_core.package_identification:_identify(src/py_pubs) by extension 'colcon_meta'
[0.340s] Level 1:colcon.colcon_core.package_identification:_identify(src/py_pubs) by extensions ['ros']
[0.340s] Level 1:colcon.colcon_core.package_identification:_identify(src/py_pubs) by extension 'ros'
[0.341s] DEBUG:colcon.colcon_core.package_identification:Package 'src/py_pubs' with type 'ros.ament_python' and name 'py_pubs'
[0.341s] Level 1:colcon.colcon_core.package_discovery:discover_packages(recursive) using defaults
[0.341s] Level 1:colcon.colcon_core.package_discovery:discover_packages(ignore) discover
[0.341s] Level 1:colcon.colcon_core.package_discovery:discover_packages(ignore) using defaults
[0.341s] Level 1:colcon.colcon_core.package_discovery:discover_packages(path) discover
[0.341s] Level 1:colcon.colcon_core.package_discovery:discover_packages(path) using defaults
[0.370s] Level 1:colcon.colcon_core.package_discovery:discover_packages(prefix_path) check parameters
[0.370s] Level 1:colcon.colcon_core.package_discovery:discover_packages(prefix_path) discover
[0.375s] DEBUG:colcon.colcon_installed_package_information.package_discovery:Found 2 installed packages in /home/brairlab/ros2_ws/install
[0.377s] DEBUG:colcon.colcon_installed_package_information.package_discovery:Found 184 installed packages in /opt/ros/humble
[0.379s] Level 1:colcon.colcon_core.package_discovery:discover_packages(prefix_path) using defaults
[0.419s] Level 5:colcon.colcon_core.verb:set package 'my_package' build argument 'cmake_args' from command line to 'None'
[0.419s] Level 5:colcon.colcon_core.verb:set package 'my_package' build argument 'cmake_target' from command line to 'None'
[0.419s] Level 5:colcon.colcon_core.verb:set package 'my_package' build argument 'cmake_target_skip_unavailable' from command line to 'False'
[0.419s] Level 5:colcon.colcon_core.verb:set package 'my_package' build argument 'cmake_clean_cache' from command line to 'False'
[0.419s] Level 5:colcon.colcon_core.verb:set package 'my_package' build argument 'cmake_clean_first' from command line to 'False'
[0.419s] Level 5:colcon.colcon_core.verb:set package 'my_package' build argument 'cmake_force_configure' from command line to 'False'
[0.419s] Level 5:colcon.colcon_core.verb:set package 'my_package' build argument 'ament_cmake_args' from command line to 'None'
[0.419s] Level 5:colcon.colcon_core.verb:set package 'my_package' build argument 'catkin_cmake_args' from command line to 'None'
[0.419s] Level 5:colcon.colcon_core.verb:set package 'my_package' build argument 'catkin_skip_building_tests' from command line to 'False'
[0.419s] DEBUG:colcon.colcon_core.verb:Building package 'my_package' with the following arguments: {'ament_cmake_args': None, 'build_base': '/home/brairlab/ros2_ws/build/my_package', 'catkin_cmake_args': None, 'catkin_skip_building_tests': False, 'cmake_args': None, 'cmake_clean_cache': False, 'cmake_clean_first': False, 'cmake_force_configure': False, 'cmake_target': None, 'cmake_target_skip_unavailable': False, 'install_base': '/home/brairlab/ros2_ws/install/my_package', 'merge_install': False, 'path': '/home/brairlab/ros2_ws/src/my_package', 'symlink_install': False, 'test_result_base': None}
[0.419s] Level 5:colcon.colcon_core.verb:set package 'py_pubs' build argument 'cmake_args' from command line to 'None'
[0.419s] Level 5:colcon.colcon_core.verb:set package 'py_pubs' build argument 'cmake_target' from command line to 'None'
[0.419s] Level 5:colcon.colcon_core.verb:set package 'py_pubs' build argument 'cmake_target_skip_unavailable' from command line to 'False'
[0.419s] Level 5:colcon.colcon_core.verb:set package 'py_pubs' build argument 'cmake_clean_cache' from command line to 'False'
[0.419s] Level 5:colcon.colcon_core.verb:set package 'py_pubs' build argument 'cmake_clean_first' from command line to 'False'
[0.419s] Level 5:colcon.colcon_core.verb:set package 'py_pubs' build argument 'cmake_force_configure' from command line to 'False'
[0.420s] Level 5:colcon.colcon_core.verb:set package 'py_pubs' build argument 'ament_cmake_args' from command line to 'None'
[0.420s] Level 5:colcon.colcon_core.verb:set package 'py_pubs' build argument 'catkin_cmake_args' from command line to 'None'
[0.420s] Level 5:colcon.colcon_core.verb:set package 'py_pubs' build argument 'catkin_skip_building_tests' from command line to 'False'
[0.420s] DEBUG:colcon.colcon_core.verb:Building package 'py_pubs' with the following arguments: {'ament_cmake_args': None, 'build_base': '/home/brairlab/ros2_ws/build/py_pubs', 'catkin_cmake_args': None, 'catkin_skip_building_tests': False, 'cmake_args': None, 'cmake_clean_cache': False, 'cmake_clean_first': False, 'cmake_force_configure': False, 'cmake_target': None, 'cmake_target_skip_unavailable': False, 'install_base': '/home/brairlab/ros2_ws/install/py_pubs', 'merge_install': False, 'path': '/home/brairlab/ros2_ws/src/py_pubs', 'symlink_install': False, 'test_result_base': None}
[0.420s] INFO:colcon.colcon_core.executor:Executing jobs using 'parallel' executor
[0.423s] DEBUG:colcon.colcon_parallel_executor.executor.parallel:run_until_complete
[0.423s] INFO:colcon.colcon_ros.task.ament_python.build:Building ROS package in '/home/brairlab/ros2_ws/src/my_package' with build type 'ament_python'
[0.424s] Level 1:colcon.colcon_core.shell:create_environment_hook('my_package', 'ament_prefix_path')
[0.428s] INFO:colcon.colcon_core.plugin_system:Skipping extension 'colcon_core.shell.bat': Not used on non-Windows systems
[0.428s] INFO:colcon.colcon_core.shell:Creating environment hook '/home/brairlab/ros2_ws/install/my_package/share/my_package/hook/ament_prefix_path.ps1'
[0.429s] INFO:colcon.colcon_core.shell:Creating environment descriptor '/home/brairlab/ros2_ws/install/my_package/share/my_package/hook/ament_prefix_path.dsv'
[0.430s] INFO:colcon.colcon_core.shell:Creating environment hook '/home/brairlab/ros2_ws/install/my_package/share/my_package/hook/ament_prefix_path.sh'
[0.432s] INFO:colcon.colcon_core.shell:Skip shell extension 'powershell' for command environment: Not usable outside of PowerShell
[0.433s] DEBUG:colcon.colcon_core.shell:Skip shell extension 'dsv' for command environment
[0.437s] INFO:colcon.colcon_ros.task.ament_python.build:Building ROS package in '/home/brairlab/ros2_ws/src/py_pubs' with build type 'ament_python'
[0.438s] Level 1:colcon.colcon_core.shell:create_environment_hook('py_pubs', 'ament_prefix_path')
[0.438s] INFO:colcon.colcon_core.shell:Creating environment hook '/home/brairlab/ros2_ws/install/py_pubs/share/py_pubs/hook/ament_prefix_path.ps1'
[0.440s] INFO:colcon.colcon_core.shell:Creating environment descriptor '/home/brairlab/ros2_ws/install/py_pubs/share/py_pubs/hook/ament_prefix_path.dsv'
[0.441s] INFO:colcon.colcon_core.shell:Creating environment hook '/home/brairlab/ros2_ws/install/py_pubs/share/py_pubs/hook/ament_prefix_path.sh'
[0.444s] INFO:colcon.colcon_core.shell:Skip shell extension 'powershell' for command environment: Not usable outside of PowerShell
[0.444s] DEBUG:colcon.colcon_core.shell:Skip shell extension 'dsv' for command environment
[0.751s] INFO:colcon.colcon_core.task.python.build:Building Python package in '/home/brairlab/ros2_ws/src/my_package'
[0.753s] INFO:colcon.colcon_core.shell:Skip shell extension 'powershell' for command environment: Not usable outside of PowerShell
[0.753s] DEBUG:colcon.colcon_core.shell:Skip shell extension 'dsv' for command environment
[1.123s] INFO:colcon.colcon_core.task.python.build:Building Python package in '/home/brairlab/ros2_ws/src/py_pubs'
[1.124s] INFO:colcon.colcon_core.shell:Skip shell extension 'powershell' for command environment: Not usable outside of PowerShell
[1.124s] DEBUG:colcon.colcon_core.shell:Skip shell extension 'dsv' for command environment
[1.603s] DEBUG:colcon.colcon_core.event_handler.log_command:Invoking command in '/home/brairlab/ros2_ws/src/my_package': PYTHONPATH=/home/brairlab/ros2_ws/build/my_package/prefix_override:/usr/lib/python3/dist-packages/colcon_core/task/python/colcon_distutils_commands:/home/brairlab/ros2_ws/install/my_package/lib/python3.10/site-packages:${PYTHONPATH} /usr/bin/python3 -W ignore:setup.py install is deprecated -W ignore:easy_install command is deprecated setup.py egg_info --egg-base ../../build/my_package build --build-base /home/brairlab/ros2_ws/build/my_package/build install --record /home/brairlab/ros2_ws/build/my_package/install.log --single-version-externally-managed install_data
[1.622s] DEBUG:colcon.colcon_core.event_handler.log_command:Invoking command in '/home/brairlab/ros2_ws/src/py_pubs': PYTHONPATH=/home/brairlab/ros2_ws/build/py_pubs/prefix_override:/usr/lib/python3/dist-packages/colcon_core/task/python/colcon_distutils_commands:/home/brairlab/ros2_ws/install/py_pubs/lib/python3.10/site-packages:${PYTHONPATH} /usr/bin/python3 -W ignore:setup.py install is deprecated -W ignore:easy_install command is deprecated setup.py egg_info --egg-base ../../build/py_pubs build --build-base /home/brairlab/ros2_ws/build/py_pubs/build install --record /home/brairlab/ros2_ws/build/py_pubs/install.log --single-version-externally-managed install_data
[2.140s] Level 1:colcon.colcon_core.environment:checking '/home/brairlab/ros2_ws/install/my_package' for CMake module files
[2.141s] DEBUG:colcon.colcon_core.event_handler.log_command:Invoked command in '/home/brairlab/ros2_ws/src/my_package' returned '0': PYTHONPATH=/home/brairlab/ros2_ws/build/my_package/prefix_override:/usr/lib/python3/dist-packages/colcon_core/task/python/colcon_distutils_commands:/home/brairlab/ros2_ws/install/my_package/lib/python3.10/site-packages:${PYTHONPATH} /usr/bin/python3 -W ignore:setup.py install is deprecated -W ignore:easy_install command is deprecated setup.py egg_info --egg-base ../../build/my_package build --build-base /home/brairlab/ros2_ws/build/my_package/build install --record /home/brairlab/ros2_ws/build/my_package/install.log --single-version-externally-managed install_data
[2.141s] Level 1:colcon.colcon_core.environment:checking '/home/brairlab/ros2_ws/install/my_package' for CMake config files
[2.142s] Level 1:colcon.colcon_core.environment:checking '/home/brairlab/ros2_ws/install/my_package/lib'
[2.142s] Level 1:colcon.colcon_core.environment:checking '/home/brairlab/ros2_ws/install/my_package/bin'
[2.142s] Level 1:colcon.colcon_core.environment:checking '/home/brairlab/ros2_ws/install/my_package/lib/pkgconfig/my_package.pc'
[2.142s] Level 1:colcon.colcon_core.environment:checking '/home/brairlab/ros2_ws/install/my_package/lib/python3.10/site-packages'
[2.142s] Level 1:colcon.colcon_core.shell:create_environment_hook('my_package', 'pythonpath')
[2.143s] INFO:colcon.colcon_core.shell:Creating environment hook '/home/brairlab/ros2_ws/install/my_package/share/my_package/hook/pythonpath.ps1'
[2.144s] INFO:colcon.colcon_core.shell:Creating environment descriptor '/home/brairlab/ros2_ws/install/my_package/share/my_package/hook/pythonpath.dsv'
[2.145s] INFO:colcon.colcon_core.shell:Creating environment hook '/home/brairlab/ros2_ws/install/my_package/share/my_package/hook/pythonpath.sh'
[2.148s] Level 1:colcon.colcon_core.environment:checking '/home/brairlab/ros2_ws/install/my_package/bin'
[2.148s] Level 1:colcon.colcon_core.environment:create_environment_scripts_only(my_package)
[2.149s] INFO:colcon.colcon_core.shell:Creating package script '/home/brairlab/ros2_ws/install/my_package/share/my_package/package.ps1'
[2.150s] INFO:colcon.colcon_core.shell:Creating package descriptor '/home/brairlab/ros2_ws/install/my_package/share/my_package/package.dsv'
[2.156s] INFO:colcon.colcon_core.shell:Creating package script '/home/brairlab/ros2_ws/install/my_package/share/my_package/package.sh'
[2.157s] INFO:colcon.colcon_core.shell:Creating package script '/home/brairlab/ros2_ws/install/my_package/share/my_package/package.bash'
[2.160s] INFO:colcon.colcon_core.shell:Creating package script '/home/brairlab/ros2_ws/install/my_package/share/my_package/package.zsh'
[2.163s] Level 1:colcon.colcon_core.environment:create_file_with_runtime_dependencies(/home/brairlab/ros2_ws/install/my_package/share/colcon-core/packages/my_package)
[2.188s] Level 1:colcon.colcon_core.environment:checking '/home/brairlab/ros2_ws/install/py_pubs' for CMake module files
[2.190s] DEBUG:colcon.colcon_core.event_handler.log_command:Invoked command in '/home/brairlab/ros2_ws/src/py_pubs' returned '0': PYTHONPATH=/home/brairlab/ros2_ws/build/py_pubs/prefix_override:/usr/lib/python3/dist-packages/colcon_core/task/python/colcon_distutils_commands:/home/brairlab/ros2_ws/install/py_pubs/lib/python3.10/site-packages:${PYTHONPATH} /usr/bin/python3 -W ignore:setup.py install is deprecated -W ignore:easy_install command is deprecated setup.py egg_info --egg-base ../../build/py_pubs build --build-base /home/brairlab/ros2_ws/build/py_pubs/build install --record /home/brairlab/ros2_ws/build/py_pubs/install.log --single-version-externally-managed install_data
[2.191s] Level 1:colcon.colcon_core.environment:checking '/home/brairlab/ros2_ws/install/py_pubs' for CMake config files
[2.193s] Level 1:colcon.colcon_core.environment:checking '/home/brairlab/ros2_ws/install/py_pubs/lib'
[2.193s] Level 1:colcon.colcon_core.environment:checking '/home/brairlab/ros2_ws/install/py_pubs/bin'
[2.193s] Level 1:colcon.colcon_core.environment:checking '/home/brairlab/ros2_ws/install/py_pubs/lib/pkgconfig/py_pubs.pc'
[2.194s] Level 1:colcon.colcon_core.environment:checking '/home/brairlab/ros2_ws/install/py_pubs/lib/python3.10/site-packages'
[2.194s] Level 1:colcon.colcon_core.shell:create_environment_hook('py_pubs', 'pythonpath')
[2.194s] INFO:colcon.colcon_core.shell:Creating environment hook '/home/brairlab/ros2_ws/install/py_pubs/share/py_pubs/hook/pythonpath.ps1'
[2.198s] INFO:colcon.colcon_core.shell:Creating environment descriptor '/home/brairlab/ros2_ws/install/py_pubs/share/py_pubs/hook/pythonpath.dsv'
[2.199s] INFO:colcon.colcon_core.shell:Creating environment hook '/home/brairlab/ros2_ws/install/py_pubs/share/py_pubs/hook/pythonpath.sh'
[2.215s] Level 1:colcon.colcon_core.environment:checking '/home/brairlab/ros2_ws/install/py_pubs/bin'
[2.215s] Level 1:colcon.colcon_core.environment:create_environment_scripts_only(py_pubs)
[2.215s] INFO:colcon.colcon_core.shell:Creating package script '/home/brairlab/ros2_ws/install/py_pubs/share/py_pubs/package.ps1'
[2.221s] INFO:colcon.colcon_core.shell:Creating package descriptor '/home/brairlab/ros2_ws/install/py_pubs/share/py_pubs/package.dsv'
[2.234s] INFO:colcon.colcon_core.shell:Creating package script '/home/brairlab/ros2_ws/install/py_pubs/share/py_pubs/package.sh'
[2.239s] INFO:colcon.colcon_core.shell:Creating package script '/home/brairlab/ros2_ws/install/py_pubs/share/py_pubs/package.bash'
[2.240s] INFO:colcon.colcon_core.shell:Creating package script '/home/brairlab/ros2_ws/install/py_pubs/share/py_pubs/package.zsh'
[2.242s] Level 1:colcon.colcon_core.environment:create_file_with_runtime_dependencies(/home/brairlab/ros2_ws/install/py_pubs/share/colcon-core/packages/py_pubs)
[2.245s] DEBUG:colcon.colcon_parallel_executor.executor.parallel:closing loop
[2.247s] DEBUG:colcon.colcon_parallel_executor.executor.parallel:loop closed
[2.247s] DEBUG:colcon.colcon_parallel_executor.executor.parallel:run_until_complete finished with '0'
[2.247s] DEBUG:colcon.colcon_core.event_reactor:joining thread
[2.264s] INFO:colcon.colcon_core.plugin_system:Skipping extension 'colcon_notification.desktop_notification.terminal_notifier': Not used on non-Darwin systems
[2.264s] INFO:colcon.colcon_core.plugin_system:Skipping extension 'colcon_notification.desktop_notification.win32': Not used on non-Windows systems
[2.264s] INFO:colcon.colcon_notification.desktop_notification:Sending desktop notification using 'notify2'
[2.333s] DEBUG:colcon.colcon_core.event_reactor:joined thread
[2.333s] INFO:colcon.colcon_core.shell:Creating prefix script '/home/brairlab/ros2_ws/install/local_setup.ps1'
[2.335s] INFO:colcon.colcon_core.shell:Creating prefix util module '/home/brairlab/ros2_ws/install/_local_setup_util_ps1.py'
[2.339s] INFO:colcon.colcon_core.shell:Creating prefix chain script '/home/brairlab/ros2_ws/install/setup.ps1'
[2.343s] INFO:colcon.colcon_core.shell:Creating prefix script '/home/brairlab/ros2_ws/install/local_setup.sh'
[2.346s] INFO:colcon.colcon_core.shell:Creating prefix util module '/home/brairlab/ros2_ws/install/_local_setup_util_sh.py'
[2.347s] INFO:colcon.colcon_core.shell:Creating prefix chain script '/home/brairlab/ros2_ws/install/setup.sh'
[2.351s] INFO:colcon.colcon_core.shell:Creating prefix script '/home/brairlab/ros2_ws/install/local_setup.bash'
[2.352s] INFO:colcon.colcon_core.shell:Creating prefix chain script '/home/brairlab/ros2_ws/install/setup.bash'
[2.354s] INFO:colcon.colcon_core.shell:Creating prefix script '/home/brairlab/ros2_ws/install/local_setup.zsh'
[2.357s] INFO:colcon.colcon_core.shell:Creating prefix chain script '/home/brairlab/ros2_ws/install/setup.zsh'
