[0.905s] Invoking command in '/home/brairlab/ros2_ws/my_package': PYTHONPATH=/home/brairlab/ros2_ws/build/my_package/prefix_override:/usr/lib/python3/dist-packages/colcon_core/task/python/colcon_distutils_commands:/home/brairlab/ros2_ws/install/my_package/lib/python3.10/site-packages:${PYTHONPATH} /usr/bin/python3 -W ignore:setup.py install is deprecated -W ignore:easy_install command is deprecated setup.py egg_info --egg-base ../build/my_package build --build-base /home/brairlab/ros2_ws/build/my_package/build install --record /home/brairlab/ros2_ws/build/my_package/install.log --single-version-externally-managed install_data
[1.179s] running egg_info
[1.189s] creating ../build/my_package/my_package.egg-info
[1.189s] writing ../build/my_package/my_package.egg-info/PKG-INFO
[1.189s] writing dependency_links to ../build/my_package/my_package.egg-info/dependency_links.txt
[1.189s] writing entry points to ../build/my_package/my_package.egg-info/entry_points.txt
[1.189s] writing requirements to ../build/my_package/my_package.egg-info/requires.txt
[1.189s] writing top-level names to ../build/my_package/my_package.egg-info/top_level.txt
[1.189s] writing manifest file '../build/my_package/my_package.egg-info/SOURCES.txt'
[1.191s] reading manifest file '../build/my_package/my_package.egg-info/SOURCES.txt'
[1.191s] adding license file 'LICENSE'
[1.192s] writing manifest file '../build/my_package/my_package.egg-info/SOURCES.txt'
[1.193s] running build
[1.193s] running build_py
[1.193s] creating /home/brairlab/ros2_ws/build/my_package/build
[1.193s] creating /home/brairlab/ros2_ws/build/my_package/build/lib
[1.194s] creating /home/brairlab/ros2_ws/build/my_package/build/lib/my_package
[1.194s] copying my_package/my_node.py -> /home/brairlab/ros2_ws/build/my_package/build/lib/my_package
[1.194s] copying my_package/__init__.py -> /home/brairlab/ros2_ws/build/my_package/build/lib/my_package
[1.195s] running install
[1.195s] running install_lib
[1.197s] creating /home/brairlab/ros2_ws/install/my_package/lib/python3.10/site-packages/my_package
[1.197s] copying /home/brairlab/ros2_ws/build/my_package/build/lib/my_package/my_node.py -> /home/brairlab/ros2_ws/install/my_package/lib/python3.10/site-packages/my_package
[1.197s] copying /home/brairlab/ros2_ws/build/my_package/build/lib/my_package/__init__.py -> /home/brairlab/ros2_ws/install/my_package/lib/python3.10/site-packages/my_package
[1.199s] byte-compiling /home/brairlab/ros2_ws/install/my_package/lib/python3.10/site-packages/my_package/my_node.py to my_node.cpython-310.pyc
[1.199s] byte-compiling /home/brairlab/ros2_ws/install/my_package/lib/python3.10/site-packages/my_package/__init__.py to __init__.cpython-310.pyc
[1.201s] running install_data
[1.201s] creating /home/brairlab/ros2_ws/install/my_package/share/ament_index
[1.202s] creating /home/brairlab/ros2_ws/install/my_package/share/ament_index/resource_index
[1.202s] creating /home/brairlab/ros2_ws/install/my_package/share/ament_index/resource_index/packages
[1.202s] copying resource/my_package -> /home/brairlab/ros2_ws/install/my_package/share/ament_index/resource_index/packages
[1.202s] copying package.xml -> /home/brairlab/ros2_ws/install/my_package/share/my_package
[1.202s] running install_egg_info
[1.205s] Copying ../build/my_package/my_package.egg-info to /home/brairlab/ros2_ws/install/my_package/lib/python3.10/site-packages/my_package-0.0.0-py3.10.egg-info
[1.207s] running install_scripts
[1.237s] Installing my_node script to /home/brairlab/ros2_ws/install/my_package/lib/my_package
[1.237s] writing list of installed files to '/home/brairlab/ros2_ws/build/my_package/install.log'
[1.279s] Invoked command in '/home/brairlab/ros2_ws/my_package' returned '0': PYTHONPATH=/home/brairlab/ros2_ws/build/my_package/prefix_override:/usr/lib/python3/dist-packages/colcon_core/task/python/colcon_distutils_commands:/home/brairlab/ros2_ws/install/my_package/lib/python3.10/site-packages:${PYTHONPATH} /usr/bin/python3 -W ignore:setup.py install is deprecated -W ignore:easy_install command is deprecated setup.py egg_info --egg-base ../build/my_package build --build-base /home/brairlab/ros2_ws/build/my_package/build install --record /home/brairlab/ros2_ws/build/my_package/install.log --single-version-externally-managed install_data
