[7.235s] Invoking command in '/home/brairlab/ros2_ws/src/my_package': PYTHONPATH=/home/brairlab/ros2_ws/build/my_package/prefix_override:/usr/lib/python3/dist-packages/colcon_core/task/python/colcon_distutils_commands:/home/brairlab/ros2_ws/install/my_package/lib/python3.10/site-packages:${PYTHONPATH} /usr/bin/python3 -W ignore:setup.py install is deprecated -W ignore:easy_install command is deprecated setup.py egg_info --egg-base ../../build/my_package build --build-base /home/brairlab/ros2_ws/build/my_package/build install --record /home/brairlab/ros2_ws/build/my_package/install.log --single-version-externally-managed install_data
[8.447s] running egg_info
[8.578s] writing ../../build/my_package/my_package.egg-info/PKG-INFO
[8.579s] writing dependency_links to ../../build/my_package/my_package.egg-info/dependency_links.txt
[8.579s] writing entry points to ../../build/my_package/my_package.egg-info/entry_points.txt
[8.579s] writing requirements to ../../build/my_package/my_package.egg-info/requires.txt
[8.579s] writing top-level names to ../../build/my_package/my_package.egg-info/top_level.txt
[8.579s] reading manifest file '../../build/my_package/my_package.egg-info/SOURCES.txt'
[8.579s] adding license file 'LICENSE'
[8.579s] writing manifest file '../../build/my_package/my_package.egg-info/SOURCES.txt'
[8.579s] running build
[8.579s] running build_py
[8.579s] running install
[8.579s] running install_lib
[8.579s] running install_data
[8.579s] running install_egg_info
[8.579s] removing '/home/brairlab/ros2_ws/install/my_package/lib/python3.10/site-packages/my_package-0.0.0-py3.10.egg-info' (and everything under it)
[8.580s] Copying ../../build/my_package/my_package.egg-info to /home/brairlab/ros2_ws/install/my_package/lib/python3.10/site-packages/my_package-0.0.0-py3.10.egg-info
[8.580s] running install_scripts
[8.658s] Installing my_node script to /home/brairlab/ros2_ws/install/my_package/lib/my_package
[8.659s] writing list of installed files to '/home/brairlab/ros2_ws/build/my_package/install.log'
[8.812s] Invoked command in '/home/brairlab/ros2_ws/src/my_package' returned '0': PYTHONPATH=/home/brairlab/ros2_ws/build/my_package/prefix_override:/usr/lib/python3/dist-packages/colcon_core/task/python/colcon_distutils_commands:/home/brairlab/ros2_ws/install/my_package/lib/python3.10/site-packages:${PYTHONPATH} /usr/bin/python3 -W ignore:setup.py install is deprecated -W ignore:easy_install command is deprecated setup.py egg_info --egg-base ../../build/my_package build --build-base /home/brairlab/ros2_ws/build/my_package/build install --record /home/brairlab/ros2_ws/build/my_package/install.log --single-version-externally-managed install_data
