[3.547s] Invoking command in '/home/brairlab/ros2_ws/src/action_tutorials_py': AMENT_PREFIX_PATH=/home/brairlab/ros2_ws/install/action_tutorials_interfaces:${AMENT_PREFIX_PATH} CMAKE_PREFIX_PATH=/home/brairlab/ros2_ws/install/action_tutorials_interfaces LD_LIBRARY_PATH=/home/brairlab/ros2_ws/install/action_tutorials_interfaces/lib:${LD_LIBRARY_PATH} PYTHONPATH=/home/brairlab/ros2_ws/build/action_tutorials_py/prefix_override:/usr/lib/python3/dist-packages/colcon_core/task/python/colcon_distutils_commands:/home/brairlab/ros2_ws/install/action_tutorials_py/lib/python3.10/site-packages:/home/brairlab/ros2_ws/install/action_tutorials_interfaces/local/lib/python3.10/dist-packages:${PYTHONPATH} /usr/bin/python3 -W ignore:setup.py install is deprecated -W ignore:easy_install command is deprecated setup.py egg_info --egg-base ../../build/action_tutorials_py build --build-base /home/brairlab/ros2_ws/build/action_tutorials_py/build install --record /home/brairlab/ros2_ws/build/action_tutorials_py/install.log --single-version-externally-managed install_data
[3.893s] running egg_info
[3.895s] writing ../../build/action_tutorials_py/action_tutorials_py.egg-info/PKG-INFO
[3.895s] writing dependency_links to ../../build/action_tutorials_py/action_tutorials_py.egg-info/dependency_links.txt
[3.896s] writing entry points to ../../build/action_tutorials_py/action_tutorials_py.egg-info/entry_points.txt
[3.896s] writing requirements to ../../build/action_tutorials_py/action_tutorials_py.egg-info/requires.txt
[3.898s] writing top-level names to ../../build/action_tutorials_py/action_tutorials_py.egg-info/top_level.txt
[3.901s] reading manifest file '../../build/action_tutorials_py/action_tutorials_py.egg-info/SOURCES.txt'
[3.905s] writing manifest file '../../build/action_tutorials_py/action_tutorials_py.egg-info/SOURCES.txt'
[3.905s] running build
[3.905s] running build_py
[3.905s] running install
[3.908s] running install_lib
[3.942s] running install_data
[3.942s] running install_egg_info
[3.969s] removing '/home/brairlab/ros2_ws/install/action_tutorials_py/lib/python3.10/site-packages/action_tutorials_py-0.0.0-py3.10.egg-info' (and everything under it)
[3.969s] Copying ../../build/action_tutorials_py/action_tutorials_py.egg-info to /home/brairlab/ros2_ws/install/action_tutorials_py/lib/python3.10/site-packages/action_tutorials_py-0.0.0-py3.10.egg-info
[3.970s] running install_scripts
[4.011s] Installing fibonacci_action_client script to /home/brairlab/ros2_ws/install/action_tutorials_py/lib/action_tutorials_py
[4.012s] Installing fibonacci_action_server script to /home/brairlab/ros2_ws/install/action_tutorials_py/lib/action_tutorials_py
[4.013s] writing list of installed files to '/home/brairlab/ros2_ws/build/action_tutorials_py/install.log'
[4.070s] Invoked command in '/home/brairlab/ros2_ws/src/action_tutorials_py' returned '0': AMENT_PREFIX_PATH=/home/brairlab/ros2_ws/install/action_tutorials_interfaces:${AMENT_PREFIX_PATH} CMAKE_PREFIX_PATH=/home/brairlab/ros2_ws/install/action_tutorials_interfaces LD_LIBRARY_PATH=/home/brairlab/ros2_ws/install/action_tutorials_interfaces/lib:${LD_LIBRARY_PATH} PYTHONPATH=/home/brairlab/ros2_ws/build/action_tutorials_py/prefix_override:/usr/lib/python3/dist-packages/colcon_core/task/python/colcon_distutils_commands:/home/brairlab/ros2_ws/install/action_tutorials_py/lib/python3.10/site-packages:/home/brairlab/ros2_ws/install/action_tutorials_interfaces/local/lib/python3.10/dist-packages:${PYTHONPATH} /usr/bin/python3 -W ignore:setup.py install is deprecated -W ignore:easy_install command is deprecated setup.py egg_info --egg-base ../../build/action_tutorials_py build --build-base /home/brairlab/ros2_ws/build/action_tutorials_py/build install --record /home/brairlab/ros2_ws/build/action_tutorials_py/install.log --single-version-externally-managed install_data
