[0.048s] Invoking command in '/home/brairlab/ros2_ws/build/action_tutorials_interfaces': CMAKE_PREFIX_PATH=/home/brairlab/ros2_ws/src/install/python_parameters:/opt/ros/humble /usr/bin/cmake /home/brairlab/ros2_ws/src/action_tutorials_interfaces -DCMAKE_INSTALL_PREFIX=/home/brairlab/ros2_ws/install/action_tutorials_interfaces
[0.263s] -- The C compiler identification is GNU 11.4.0
[0.377s] -- The CXX compiler identification is GNU 11.4.0
[0.393s] -- Detecting C compiler ABI info
[0.603s] -- Detecting C compiler ABI info - done
[0.620s] -- Check for working C compiler: /usr/bin/cc - skipped
[0.622s] -- Detecting C compile features
[0.622s] -- Detecting C compile features - done
[0.631s] -- Detecting CXX compiler ABI info
[1.036s] -- Detecting CXX compiler ABI info - done
[1.049s] -- Check for working CXX compiler: /usr/bin/c++ - skipped
[1.049s] -- Detecting CXX compile features
[1.049s] -- Detecting CXX compile features - done
[1.054s] -- Found rosidl_default_generators: 1.2.0 (/opt/ros/humble/share/rosidl_default_generators/cmake)
[1.056s] -- Found ament_cmake_core: 1.3.10 (/opt/ros/humble/share/ament_cmake_core/cmake)
[1.320s] -- Found Python3: /usr/bin/python3 (found version "3.10.12") found components: Interpreter 
[1.434s] -- Using all available rosidl_typesupport_c: rosidl_typesupport_fastrtps_c;rosidl_typesupport_introspection_c
[1.436s] -- Found rosidl_adapter: 3.1.5 (/opt/ros/humble/share/rosidl_adapter/cmake)
[1.517s] -- Using all available rosidl_typesupport_cpp: rosidl_typesupport_fastrtps_cpp;rosidl_typesupport_introspection_cpp
[2.159s] -- Found ament_cmake_ros: 0.10.0 (/opt/ros/humble/share/ament_cmake_ros/cmake)
[2.501s] -- Using all available rosidl_typesupport_c: rosidl_typesupport_fastrtps_c;rosidl_typesupport_introspection_c
[2.994s] -- Using all available rosidl_typesupport_cpp: rosidl_typesupport_fastrtps_cpp;rosidl_typesupport_introspection_cpp
[3.044s] -- Found PythonInterp: /usr/bin/python3 (found suitable version "3.10.12", minimum required is "3.6") 
[3.052s] -- Found python_cmake_module: 0.10.0 (/opt/ros/humble/share/python_cmake_module/cmake)
[3.113s] -- Found PythonLibs: /usr/lib/x86_64-linux-gnu/libpython3.10.so (found suitable version "3.10.12", minimum required is "3.5") 
[3.113s] -- Using PYTHON_EXECUTABLE: /usr/bin/python3
[3.113s] -- Using PYTHON_INCLUDE_DIRS: /usr/include/python3.10
[3.114s] -- Using PYTHON_LIBRARIES: /usr/lib/x86_64-linux-gnu/libpython3.10.so
[3.153s] -- Found PythonExtra: .so  
[3.271s] -- Found ament_lint_auto: 0.12.11 (/opt/ros/humble/share/ament_lint_auto/cmake)
[3.426s] -- Added test 'lint_cmake' to check CMake code style
[3.436s] -- Added test 'xmllint' to check XML markup files
[3.447s] -- Configuring done
[3.528s] -- Generating done
[3.558s] -- Build files have been written to: /home/brairlab/ros2_ws/build/action_tutorials_interfaces
[3.579s] Invoked command in '/home/brairlab/ros2_ws/build/action_tutorials_interfaces' returned '0': CMAKE_PREFIX_PATH=/home/brairlab/ros2_ws/src/install/python_parameters:/opt/ros/humble /usr/bin/cmake /home/brairlab/ros2_ws/src/action_tutorials_interfaces -DCMAKE_INSTALL_PREFIX=/home/brairlab/ros2_ws/install/action_tutorials_interfaces
[3.581s] Invoking command in '/home/brairlab/ros2_ws/build/action_tutorials_interfaces': CMAKE_PREFIX_PATH=/home/brairlab/ros2_ws/src/install/python_parameters:/opt/ros/humble /usr/bin/cmake --build /home/brairlab/ros2_ws/build/action_tutorials_interfaces -- -j4 -l4
[3.689s] [  3%] [34m[1mGenerating C code for ROS interfaces[0m
[3.712s] [  6%] [34m[1mGenerating C++ code for ROS interfaces[0m
[3.729s] [  6%] Built target ament_cmake_python_copy_action_tutorials_interfaces
[4.189s] running egg_info
[4.196s] creating action_tutorials_interfaces.egg-info
[4.198s] writing action_tutorials_interfaces.egg-info/PKG-INFO
[4.199s] writing dependency_links to action_tutorials_interfaces.egg-info/dependency_links.txt
[4.201s] writing top-level names to action_tutorials_interfaces.egg-info/top_level.txt
[4.204s] writing manifest file 'action_tutorials_interfaces.egg-info/SOURCES.txt'
[4.211s] reading manifest file 'action_tutorials_interfaces.egg-info/SOURCES.txt'
[4.215s] writing manifest file 'action_tutorials_interfaces.egg-info/SOURCES.txt'
[4.377s] [  6%] Built target ament_cmake_python_build_action_tutorials_interfaces_egg
[4.827s] [  6%] Built target action_tutorials_interfaces__cpp
[4.866s] [  9%] [32mBuilding C object CMakeFiles/action_tutorials_interfaces__rosidl_generator_c.dir/rosidl_generator_c/action_tutorials_interfaces/action/detail/fibonacci__functions.c.o[0m
[4.885s] [ 12%] [34m[1mGenerating C++ introspection for ROS interfaces[0m
[4.888s] [ 16%] [34m[1mGenerating C++ type support dispatch for ROS interfaces[0m
[4.912s] [ 19%] [34m[1mGenerating C++ type support for eProsima Fast-RTPS[0m
[5.558s] [ 22%] [32m[1mLinking C shared library libaction_tutorials_interfaces__rosidl_generator_c.so[0m
[5.738s] [ 22%] Built target action_tutorials_interfaces__rosidl_generator_c
[5.750s] [ 25%] [32mBuilding CXX object CMakeFiles/action_tutorials_interfaces__rosidl_typesupport_cpp.dir/rosidl_typesupport_cpp/action_tutorials_interfaces/action/fibonacci__type_support.cpp.o[0m
[5.805s] [ 29%] [34m[1mGenerating C type support for eProsima Fast-RTPS[0m
[5.980s] [ 32%] [32mBuilding CXX object CMakeFiles/action_tutorials_interfaces__rosidl_typesupport_introspection_cpp.dir/rosidl_typesupport_introspection_cpp/action_tutorials_interfaces/action/detail/fibonacci__type_support.cpp.o[0m
[6.146s] [ 35%] [32mBuilding CXX object CMakeFiles/action_tutorials_interfaces__rosidl_typesupport_fastrtps_cpp.dir/rosidl_typesupport_fastrtps_cpp/action_tutorials_interfaces/action/detail/dds_fastrtps/fibonacci__type_support.cpp.o[0m
[7.686s] [ 38%] [32mBuilding CXX object CMakeFiles/action_tutorials_interfaces__rosidl_typesupport_fastrtps_c.dir/rosidl_typesupport_fastrtps_c/action_tutorials_interfaces/action/detail/fibonacci__type_support_c.cpp.o[0m
[8.117s] [ 41%] [32m[1mLinking CXX shared library libaction_tutorials_interfaces__rosidl_typesupport_cpp.so[0m
[8.244s] [ 41%] Built target action_tutorials_interfaces__rosidl_typesupport_cpp
[8.350s] [ 45%] [34m[1mGenerating C introspection for ROS interfaces[0m
[8.545s] [ 48%] [32m[1mLinking CXX shared library libaction_tutorials_interfaces__rosidl_typesupport_introspection_cpp.so[0m
[8.649s] [ 51%] [32m[1mLinking CXX shared library libaction_tutorials_interfaces__rosidl_typesupport_fastrtps_cpp.so[0m
[8.740s] [ 51%] Built target action_tutorials_interfaces__rosidl_typesupport_introspection_cpp
[8.768s] [ 54%] [34m[1mGenerating C type support dispatch for ROS interfaces[0m
[8.971s] [ 54%] Built target action_tutorials_interfaces__rosidl_typesupport_fastrtps_cpp
[9.005s] [ 58%] [32m[1mLinking CXX shared library libaction_tutorials_interfaces__rosidl_typesupport_fastrtps_c.so[0m
[9.219s] [ 58%] Built target action_tutorials_interfaces__rosidl_typesupport_fastrtps_c
[9.360s] [ 61%] [32mBuilding C object CMakeFiles/action_tutorials_interfaces__rosidl_typesupport_introspection_c.dir/rosidl_typesupport_introspection_c/action_tutorials_interfaces/action/detail/fibonacci__type_support.c.o[0m
[9.572s] [ 64%] [32m[1mLinking C shared library libaction_tutorials_interfaces__rosidl_typesupport_introspection_c.so[0m
[9.630s] [ 67%] [32mBuilding CXX object CMakeFiles/action_tutorials_interfaces__rosidl_typesupport_c.dir/rosidl_typesupport_c/action_tutorials_interfaces/action/fibonacci__type_support.cpp.o[0m
[9.695s] [ 67%] Built target action_tutorials_interfaces__rosidl_typesupport_introspection_c
[9.818s] [ 70%] [32m[1mLinking CXX shared library libaction_tutorials_interfaces__rosidl_typesupport_c.so[0m
[9.949s] [ 70%] Built target action_tutorials_interfaces__rosidl_typesupport_c
[10.009s] [ 70%] Built target action_tutorials_interfaces
[10.071s] [ 74%] [34m[1mGenerating Python code for ROS interfaces[0m
[11.378s] [ 74%] Built target action_tutorials_interfaces__py
[11.438s] [ 77%] [32mBuilding C object CMakeFiles/action_tutorials_interfaces__rosidl_generator_py.dir/rosidl_generator_py/action_tutorials_interfaces/action/_fibonacci_s.c.o[0m
[11.984s] [ 80%] [32m[1mLinking C shared library rosidl_generator_py/action_tutorials_interfaces/libaction_tutorials_interfaces__rosidl_generator_py.so[0m
[12.105s] [ 80%] Built target action_tutorials_interfaces__rosidl_generator_py
[12.173s] [ 83%] [32mBuilding C object CMakeFiles/action_tutorials_interfaces__rosidl_typesupport_fastrtps_c__pyext.dir/rosidl_generator_py/action_tutorials_interfaces/_action_tutorials_interfaces_s.ep.rosidl_typesupport_fastrtps_c.c.o[0m
[12.174s] [ 87%] [32mBuilding C object CMakeFiles/action_tutorials_interfaces__rosidl_typesupport_introspection_c__pyext.dir/rosidl_generator_py/action_tutorials_interfaces/_action_tutorials_interfaces_s.ep.rosidl_typesupport_introspection_c.c.o[0m
[12.180s] [ 90%] [32mBuilding C object CMakeFiles/action_tutorials_interfaces__rosidl_typesupport_c__pyext.dir/rosidl_generator_py/action_tutorials_interfaces/_action_tutorials_interfaces_s.ep.rosidl_typesupport_c.c.o[0m
[12.487s] [ 93%] [32m[1mLinking C shared library rosidl_generator_py/action_tutorials_interfaces/action_tutorials_interfaces_s__rosidl_typesupport_introspection_c.cpython-310-x86_64-linux-gnu.so[0m
[12.537s] [ 96%] [32m[1mLinking C shared library rosidl_generator_py/action_tutorials_interfaces/action_tutorials_interfaces_s__rosidl_typesupport_fastrtps_c.cpython-310-x86_64-linux-gnu.so[0m
[12.578s] [100%] [32m[1mLinking C shared library rosidl_generator_py/action_tutorials_interfaces/action_tutorials_interfaces_s__rosidl_typesupport_c.cpython-310-x86_64-linux-gnu.so[0m
[12.661s] [100%] Built target action_tutorials_interfaces__rosidl_typesupport_introspection_c__pyext
[12.742s] [100%] Built target action_tutorials_interfaces__rosidl_typesupport_fastrtps_c__pyext
[12.767s] [100%] Built target action_tutorials_interfaces__rosidl_typesupport_c__pyext
[12.802s] Invoked command in '/home/brairlab/ros2_ws/build/action_tutorials_interfaces' returned '0': CMAKE_PREFIX_PATH=/home/brairlab/ros2_ws/src/install/python_parameters:/opt/ros/humble /usr/bin/cmake --build /home/brairlab/ros2_ws/build/action_tutorials_interfaces -- -j4 -l4
[12.834s] Invoking command in '/home/brairlab/ros2_ws/build/action_tutorials_interfaces': CMAKE_PREFIX_PATH=/home/brairlab/ros2_ws/src/install/python_parameters:/opt/ros/humble /usr/bin/cmake --install /home/brairlab/ros2_ws/build/action_tutorials_interfaces
[12.863s] -- Install configuration: ""
[12.864s] -- Installing: /home/brairlab/ros2_ws/install/action_tutorials_interfaces/share/ament_index/resource_index/rosidl_interfaces/action_tutorials_interfaces
[12.864s] -- Installing: /home/brairlab/ros2_ws/install/action_tutorials_interfaces/include/action_tutorials_interfaces/action_tutorials_interfaces
[12.864s] -- Installing: /home/brairlab/ros2_ws/install/action_tutorials_interfaces/include/action_tutorials_interfaces/action_tutorials_interfaces/action
[12.865s] -- Installing: /home/brairlab/ros2_ws/install/action_tutorials_interfaces/include/action_tutorials_interfaces/action_tutorials_interfaces/action/detail
[12.865s] -- Installing: /home/brairlab/ros2_ws/install/action_tutorials_interfaces/include/action_tutorials_interfaces/action_tutorials_interfaces/action/detail/fibonacci__functions.h
[12.865s] -- Installing: /home/brairlab/ros2_ws/install/action_tutorials_interfaces/include/action_tutorials_interfaces/action_tutorials_interfaces/action/detail/fibonacci__functions.c
[12.865s] -- Installing: /home/brairlab/ros2_ws/install/action_tutorials_interfaces/include/action_tutorials_interfaces/action_tutorials_interfaces/action/detail/fibonacci__struct.h
[12.865s] -- Installing: /home/brairlab/ros2_ws/install/action_tutorials_interfaces/include/action_tutorials_interfaces/action_tutorials_interfaces/action/detail/fibonacci__type_support.h
[12.865s] -- Installing: /home/brairlab/ros2_ws/install/action_tutorials_interfaces/include/action_tutorials_interfaces/action_tutorials_interfaces/action/fibonacci.h
[12.866s] -- Installing: /home/brairlab/ros2_ws/install/action_tutorials_interfaces/include/action_tutorials_interfaces/action_tutorials_interfaces/msg
[12.866s] -- Installing: /home/brairlab/ros2_ws/install/action_tutorials_interfaces/include/action_tutorials_interfaces/action_tutorials_interfaces/msg/rosidl_generator_c__visibility_control.h
[12.866s] -- Installing: /home/brairlab/ros2_ws/install/action_tutorials_interfaces/share/action_tutorials_interfaces/environment/library_path.sh
[12.867s] -- Installing: /home/brairlab/ros2_ws/install/action_tutorials_interfaces/share/action_tutorials_interfaces/environment/library_path.dsv
[12.867s] -- Installing: /home/brairlab/ros2_ws/install/action_tutorials_interfaces/lib/libaction_tutorials_interfaces__rosidl_generator_c.so
[12.867s] -- Set runtime path of "/home/brairlab/ros2_ws/install/action_tutorials_interfaces/lib/libaction_tutorials_interfaces__rosidl_generator_c.so" to ""
[12.867s] -- Up-to-date: /home/brairlab/ros2_ws/install/action_tutorials_interfaces/include/action_tutorials_interfaces/action_tutorials_interfaces
[12.867s] -- Up-to-date: /home/brairlab/ros2_ws/install/action_tutorials_interfaces/include/action_tutorials_interfaces/action_tutorials_interfaces/action
[12.867s] -- Up-to-date: /home/brairlab/ros2_ws/install/action_tutorials_interfaces/include/action_tutorials_interfaces/action_tutorials_interfaces/action/detail
[12.868s] -- Installing: /home/brairlab/ros2_ws/install/action_tutorials_interfaces/include/action_tutorials_interfaces/action_tutorials_interfaces/action/detail/fibonacci__rosidl_typesupport_fastrtps_c.h
[12.868s] -- Up-to-date: /home/brairlab/ros2_ws/install/action_tutorials_interfaces/include/action_tutorials_interfaces/action_tutorials_interfaces/msg
[12.868s] -- Installing: /home/brairlab/ros2_ws/install/action_tutorials_interfaces/include/action_tutorials_interfaces/action_tutorials_interfaces/msg/rosidl_typesupport_fastrtps_c__visibility_control.h
[12.868s] -- Installing: /home/brairlab/ros2_ws/install/action_tutorials_interfaces/lib/libaction_tutorials_interfaces__rosidl_typesupport_fastrtps_c.so
[12.868s] -- Set runtime path of "/home/brairlab/ros2_ws/install/action_tutorials_interfaces/lib/libaction_tutorials_interfaces__rosidl_typesupport_fastrtps_c.so" to ""
[12.868s] -- Up-to-date: /home/brairlab/ros2_ws/install/action_tutorials_interfaces/include/action_tutorials_interfaces/action_tutorials_interfaces
[12.869s] -- Up-to-date: /home/brairlab/ros2_ws/install/action_tutorials_interfaces/include/action_tutorials_interfaces/action_tutorials_interfaces/action
[12.869s] -- Up-to-date: /home/brairlab/ros2_ws/install/action_tutorials_interfaces/include/action_tutorials_interfaces/action_tutorials_interfaces/action/detail
[12.869s] -- Installing: /home/brairlab/ros2_ws/install/action_tutorials_interfaces/include/action_tutorials_interfaces/action_tutorials_interfaces/action/detail/fibonacci__type_support.c
[12.869s] -- Installing: /home/brairlab/ros2_ws/install/action_tutorials_interfaces/include/action_tutorials_interfaces/action_tutorials_interfaces/action/detail/fibonacci__rosidl_typesupport_introspection_c.h
[12.869s] -- Up-to-date: /home/brairlab/ros2_ws/install/action_tutorials_interfaces/include/action_tutorials_interfaces/action_tutorials_interfaces/msg
[12.869s] -- Installing: /home/brairlab/ros2_ws/install/action_tutorials_interfaces/include/action_tutorials_interfaces/action_tutorials_interfaces/msg/rosidl_typesupport_introspection_c__visibility_control.h
[12.869s] -- Installing: /home/brairlab/ros2_ws/install/action_tutorials_interfaces/lib/libaction_tutorials_interfaces__rosidl_typesupport_introspection_c.so
[12.870s] -- Set runtime path of "/home/brairlab/ros2_ws/install/action_tutorials_interfaces/lib/libaction_tutorials_interfaces__rosidl_typesupport_introspection_c.so" to ""
[12.870s] -- Installing: /home/brairlab/ros2_ws/install/action_tutorials_interfaces/lib/libaction_tutorials_interfaces__rosidl_typesupport_c.so
[12.870s] -- Set runtime path of "/home/brairlab/ros2_ws/install/action_tutorials_interfaces/lib/libaction_tutorials_interfaces__rosidl_typesupport_c.so" to ""
[12.871s] -- Up-to-date: /home/brairlab/ros2_ws/install/action_tutorials_interfaces/include/action_tutorials_interfaces/action_tutorials_interfaces
[12.873s] -- Up-to-date: /home/brairlab/ros2_ws/install/action_tutorials_interfaces/include/action_tutorials_interfaces/action_tutorials_interfaces/action
[12.873s] -- Up-to-date: /home/brairlab/ros2_ws/install/action_tutorials_interfaces/include/action_tutorials_interfaces/action_tutorials_interfaces/action/detail
[12.873s] -- Installing: /home/brairlab/ros2_ws/install/action_tutorials_interfaces/include/action_tutorials_interfaces/action_tutorials_interfaces/action/detail/fibonacci__struct.hpp
[12.874s] -- Installing: /home/brairlab/ros2_ws/install/action_tutorials_interfaces/include/action_tutorials_interfaces/action_tutorials_interfaces/action/detail/fibonacci__builder.hpp
[12.874s] -- Installing: /home/brairlab/ros2_ws/install/action_tutorials_interfaces/include/action_tutorials_interfaces/action_tutorials_interfaces/action/detail/fibonacci__traits.hpp
[12.874s] -- Installing: /home/brairlab/ros2_ws/install/action_tutorials_interfaces/include/action_tutorials_interfaces/action_tutorials_interfaces/action/fibonacci.hpp
[12.874s] -- Up-to-date: /home/brairlab/ros2_ws/install/action_tutorials_interfaces/include/action_tutorials_interfaces/action_tutorials_interfaces
[12.874s] -- Up-to-date: /home/brairlab/ros2_ws/install/action_tutorials_interfaces/include/action_tutorials_interfaces/action_tutorials_interfaces/action
[12.874s] -- Up-to-date: /home/brairlab/ros2_ws/install/action_tutorials_interfaces/include/action_tutorials_interfaces/action_tutorials_interfaces/action/detail
[12.875s] -- Installing: /home/brairlab/ros2_ws/install/action_tutorials_interfaces/include/action_tutorials_interfaces/action_tutorials_interfaces/action/detail/fibonacci__rosidl_typesupport_fastrtps_cpp.hpp
[12.875s] -- Installing: /home/brairlab/ros2_ws/install/action_tutorials_interfaces/include/action_tutorials_interfaces/action_tutorials_interfaces/action/detail/dds_fastrtps
[12.875s] -- Up-to-date: /home/brairlab/ros2_ws/install/action_tutorials_interfaces/include/action_tutorials_interfaces/action_tutorials_interfaces/msg
[12.875s] -- Installing: /home/brairlab/ros2_ws/install/action_tutorials_interfaces/include/action_tutorials_interfaces/action_tutorials_interfaces/msg/rosidl_typesupport_fastrtps_cpp__visibility_control.h
[12.875s] -- Installing: /home/brairlab/ros2_ws/install/action_tutorials_interfaces/lib/libaction_tutorials_interfaces__rosidl_typesupport_fastrtps_cpp.so
[12.875s] -- Set runtime path of "/home/brairlab/ros2_ws/install/action_tutorials_interfaces/lib/libaction_tutorials_interfaces__rosidl_typesupport_fastrtps_cpp.so" to ""
[12.875s] -- Up-to-date: /home/brairlab/ros2_ws/install/action_tutorials_interfaces/include/action_tutorials_interfaces/action_tutorials_interfaces
[12.875s] -- Up-to-date: /home/brairlab/ros2_ws/install/action_tutorials_interfaces/include/action_tutorials_interfaces/action_tutorials_interfaces/action
[12.875s] -- Up-to-date: /home/brairlab/ros2_ws/install/action_tutorials_interfaces/include/action_tutorials_interfaces/action_tutorials_interfaces/action/detail
[12.876s] -- Installing: /home/brairlab/ros2_ws/install/action_tutorials_interfaces/include/action_tutorials_interfaces/action_tutorials_interfaces/action/detail/fibonacci__type_support.cpp
[12.876s] -- Installing: /home/brairlab/ros2_ws/install/action_tutorials_interfaces/include/action_tutorials_interfaces/action_tutorials_interfaces/action/detail/fibonacci__rosidl_typesupport_introspection_cpp.hpp
[12.876s] -- Installing: /home/brairlab/ros2_ws/install/action_tutorials_interfaces/lib/libaction_tutorials_interfaces__rosidl_typesupport_introspection_cpp.so
[12.876s] -- Set runtime path of "/home/brairlab/ros2_ws/install/action_tutorials_interfaces/lib/libaction_tutorials_interfaces__rosidl_typesupport_introspection_cpp.so" to ""
[12.876s] -- Installing: /home/brairlab/ros2_ws/install/action_tutorials_interfaces/lib/libaction_tutorials_interfaces__rosidl_typesupport_cpp.so
[12.876s] -- Set runtime path of "/home/brairlab/ros2_ws/install/action_tutorials_interfaces/lib/libaction_tutorials_interfaces__rosidl_typesupport_cpp.so" to ""
[12.876s] -- Installing: /home/brairlab/ros2_ws/install/action_tutorials_interfaces/share/action_tutorials_interfaces/environment/pythonpath.sh
[12.876s] -- Installing: /home/brairlab/ros2_ws/install/action_tutorials_interfaces/share/action_tutorials_interfaces/environment/pythonpath.dsv
[12.876s] -- Installing: /home/brairlab/ros2_ws/install/action_tutorials_interfaces/local/lib/python3.10/dist-packages/action_tutorials_interfaces-0.0.0-py3.10.egg-info
[12.876s] -- Installing: /home/brairlab/ros2_ws/install/action_tutorials_interfaces/local/lib/python3.10/dist-packages/action_tutorials_interfaces-0.0.0-py3.10.egg-info/top_level.txt
[12.876s] -- Installing: /home/brairlab/ros2_ws/install/action_tutorials_interfaces/local/lib/python3.10/dist-packages/action_tutorials_interfaces-0.0.0-py3.10.egg-info/SOURCES.txt
[12.877s] -- Installing: /home/brairlab/ros2_ws/install/action_tutorials_interfaces/local/lib/python3.10/dist-packages/action_tutorials_interfaces-0.0.0-py3.10.egg-info/dependency_links.txt
[12.877s] -- Installing: /home/brairlab/ros2_ws/install/action_tutorials_interfaces/local/lib/python3.10/dist-packages/action_tutorials_interfaces-0.0.0-py3.10.egg-info/PKG-INFO
[12.877s] -- Installing: /home/brairlab/ros2_ws/install/action_tutorials_interfaces/local/lib/python3.10/dist-packages/action_tutorials_interfaces
[12.877s] -- Installing: /home/brairlab/ros2_ws/install/action_tutorials_interfaces/local/lib/python3.10/dist-packages/action_tutorials_interfaces/_action_tutorials_interfaces_s.ep.rosidl_typesupport_introspection_c.c
[12.877s] -- Installing: /home/brairlab/ros2_ws/install/action_tutorials_interfaces/local/lib/python3.10/dist-packages/action_tutorials_interfaces/libaction_tutorials_interfaces__rosidl_generator_py.so
[12.877s] -- Installing: /home/brairlab/ros2_ws/install/action_tutorials_interfaces/local/lib/python3.10/dist-packages/action_tutorials_interfaces/action_tutorials_interfaces_s__rosidl_typesupport_c.cpython-310-x86_64-linux-gnu.so
[12.877s] -- Installing: /home/brairlab/ros2_ws/install/action_tutorials_interfaces/local/lib/python3.10/dist-packages/action_tutorials_interfaces/action_tutorials_interfaces_s__rosidl_typesupport_fastrtps_c.cpython-310-x86_64-linux-gnu.so
[12.877s] -- Installing: /home/brairlab/ros2_ws/install/action_tutorials_interfaces/local/lib/python3.10/dist-packages/action_tutorials_interfaces/action
[12.877s] -- Installing: /home/brairlab/ros2_ws/install/action_tutorials_interfaces/local/lib/python3.10/dist-packages/action_tutorials_interfaces/action/_fibonacci_s.c
[12.877s] -- Installing: /home/brairlab/ros2_ws/install/action_tutorials_interfaces/local/lib/python3.10/dist-packages/action_tutorials_interfaces/action/_fibonacci.py
[12.877s] -- Installing: /home/brairlab/ros2_ws/install/action_tutorials_interfaces/local/lib/python3.10/dist-packages/action_tutorials_interfaces/action/__init__.py
[12.877s] -- Installing: /home/brairlab/ros2_ws/install/action_tutorials_interfaces/local/lib/python3.10/dist-packages/action_tutorials_interfaces/_action_tutorials_interfaces_s.ep.rosidl_typesupport_c.c
[12.877s] -- Installing: /home/brairlab/ros2_ws/install/action_tutorials_interfaces/local/lib/python3.10/dist-packages/action_tutorials_interfaces/__init__.py
[12.877s] -- Installing: /home/brairlab/ros2_ws/install/action_tutorials_interfaces/local/lib/python3.10/dist-packages/action_tutorials_interfaces/action_tutorials_interfaces_s__rosidl_typesupport_introspection_c.cpython-310-x86_64-linux-gnu.so
[12.877s] -- Installing: /home/brairlab/ros2_ws/install/action_tutorials_interfaces/local/lib/python3.10/dist-packages/action_tutorials_interfaces/_action_tutorials_interfaces_s.ep.rosidl_typesupport_fastrtps_c.c
[13.000s] Listing '/home/brairlab/ros2_ws/install/action_tutorials_interfaces/local/lib/python3.10/dist-packages/action_tutorials_interfaces'...
[13.000s] Compiling '/home/brairlab/ros2_ws/install/action_tutorials_interfaces/local/lib/python3.10/dist-packages/action_tutorials_interfaces/__init__.py'...
[13.000s] Listing '/home/brairlab/ros2_ws/install/action_tutorials_interfaces/local/lib/python3.10/dist-packages/action_tutorials_interfaces/action'...
[13.000s] Compiling '/home/brairlab/ros2_ws/install/action_tutorials_interfaces/local/lib/python3.10/dist-packages/action_tutorials_interfaces/action/__init__.py'...
[13.000s] Compiling '/home/brairlab/ros2_ws/install/action_tutorials_interfaces/local/lib/python3.10/dist-packages/action_tutorials_interfaces/action/_fibonacci.py'...
[13.010s] -- Installing: /home/brairlab/ros2_ws/install/action_tutorials_interfaces/local/lib/python3.10/dist-packages/action_tutorials_interfaces/action_tutorials_interfaces_s__rosidl_typesupport_fastrtps_c.cpython-310-x86_64-linux-gnu.so
[13.014s] -- Set runtime path of "/home/brairlab/ros2_ws/install/action_tutorials_interfaces/local/lib/python3.10/dist-packages/action_tutorials_interfaces/action_tutorials_interfaces_s__rosidl_typesupport_fastrtps_c.cpython-310-x86_64-linux-gnu.so" to ""
[13.014s] -- Installing: /home/brairlab/ros2_ws/install/action_tutorials_interfaces/local/lib/python3.10/dist-packages/action_tutorials_interfaces/action_tutorials_interfaces_s__rosidl_typesupport_introspection_c.cpython-310-x86_64-linux-gnu.so
[13.015s] -- Set runtime path of "/home/brairlab/ros2_ws/install/action_tutorials_interfaces/local/lib/python3.10/dist-packages/action_tutorials_interfaces/action_tutorials_interfaces_s__rosidl_typesupport_introspection_c.cpython-310-x86_64-linux-gnu.so" to ""
[13.015s] -- Installing: /home/brairlab/ros2_ws/install/action_tutorials_interfaces/local/lib/python3.10/dist-packages/action_tutorials_interfaces/action_tutorials_interfaces_s__rosidl_typesupport_c.cpython-310-x86_64-linux-gnu.so
[13.015s] -- Set runtime path of "/home/brairlab/ros2_ws/install/action_tutorials_interfaces/local/lib/python3.10/dist-packages/action_tutorials_interfaces/action_tutorials_interfaces_s__rosidl_typesupport_c.cpython-310-x86_64-linux-gnu.so" to ""
[13.015s] -- Installing: /home/brairlab/ros2_ws/install/action_tutorials_interfaces/lib/libaction_tutorials_interfaces__rosidl_generator_py.so
[13.015s] -- Set runtime path of "/home/brairlab/ros2_ws/install/action_tutorials_interfaces/lib/libaction_tutorials_interfaces__rosidl_generator_py.so" to ""
[13.015s] -- Installing: /home/brairlab/ros2_ws/install/action_tutorials_interfaces/share/action_tutorials_interfaces/action/Fibonacci.idl
[13.015s] -- Installing: /home/brairlab/ros2_ws/install/action_tutorials_interfaces/share/action_tutorials_interfaces/action/Fibonacci.action
[13.015s] -- Installing: /home/brairlab/ros2_ws/install/action_tutorials_interfaces/share/ament_index/resource_index/package_run_dependencies/action_tutorials_interfaces
[13.015s] -- Installing: /home/brairlab/ros2_ws/install/action_tutorials_interfaces/share/ament_index/resource_index/parent_prefix_path/action_tutorials_interfaces
[13.017s] -- Installing: /home/brairlab/ros2_ws/install/action_tutorials_interfaces/share/action_tutorials_interfaces/environment/ament_prefix_path.sh
[13.017s] -- Installing: /home/brairlab/ros2_ws/install/action_tutorials_interfaces/share/action_tutorials_interfaces/environment/ament_prefix_path.dsv
[13.018s] -- Installing: /home/brairlab/ros2_ws/install/action_tutorials_interfaces/share/action_tutorials_interfaces/environment/path.sh
[13.019s] -- Installing: /home/brairlab/ros2_ws/install/action_tutorials_interfaces/share/action_tutorials_interfaces/environment/path.dsv
[13.019s] -- Installing: /home/brairlab/ros2_ws/install/action_tutorials_interfaces/share/action_tutorials_interfaces/local_setup.bash
[13.020s] -- Installing: /home/brairlab/ros2_ws/install/action_tutorials_interfaces/share/action_tutorials_interfaces/local_setup.sh
[13.020s] -- Installing: /home/brairlab/ros2_ws/install/action_tutorials_interfaces/share/action_tutorials_interfaces/local_setup.zsh
[13.020s] -- Installing: /home/brairlab/ros2_ws/install/action_tutorials_interfaces/share/action_tutorials_interfaces/local_setup.dsv
[13.020s] -- Installing: /home/brairlab/ros2_ws/install/action_tutorials_interfaces/share/action_tutorials_interfaces/package.dsv
[13.028s] -- Installing: /home/brairlab/ros2_ws/install/action_tutorials_interfaces/share/ament_index/resource_index/packages/action_tutorials_interfaces
[13.028s] -- Installing: /home/brairlab/ros2_ws/install/action_tutorials_interfaces/share/action_tutorials_interfaces/cmake/export_action_tutorials_interfaces__rosidl_generator_cExport.cmake
[13.028s] -- Installing: /home/brairlab/ros2_ws/install/action_tutorials_interfaces/share/action_tutorials_interfaces/cmake/export_action_tutorials_interfaces__rosidl_generator_cExport-noconfig.cmake
[13.028s] -- Installing: /home/brairlab/ros2_ws/install/action_tutorials_interfaces/share/action_tutorials_interfaces/cmake/export_action_tutorials_interfaces__rosidl_typesupport_fastrtps_cExport.cmake
[13.029s] -- Installing: /home/brairlab/ros2_ws/install/action_tutorials_interfaces/share/action_tutorials_interfaces/cmake/export_action_tutorials_interfaces__rosidl_typesupport_fastrtps_cExport-noconfig.cmake
[13.029s] -- Installing: /home/brairlab/ros2_ws/install/action_tutorials_interfaces/share/action_tutorials_interfaces/cmake/action_tutorials_interfaces__rosidl_typesupport_introspection_cExport.cmake
[13.030s] -- Installing: /home/brairlab/ros2_ws/install/action_tutorials_interfaces/share/action_tutorials_interfaces/cmake/action_tutorials_interfaces__rosidl_typesupport_introspection_cExport-noconfig.cmake
[13.030s] -- Installing: /home/brairlab/ros2_ws/install/action_tutorials_interfaces/share/action_tutorials_interfaces/cmake/action_tutorials_interfaces__rosidl_typesupport_cExport.cmake
[13.031s] -- Installing: /home/brairlab/ros2_ws/install/action_tutorials_interfaces/share/action_tutorials_interfaces/cmake/action_tutorials_interfaces__rosidl_typesupport_cExport-noconfig.cmake
[13.031s] -- Installing: /home/brairlab/ros2_ws/install/action_tutorials_interfaces/share/action_tutorials_interfaces/cmake/export_action_tutorials_interfaces__rosidl_generator_cppExport.cmake
[13.031s] -- Installing: /home/brairlab/ros2_ws/install/action_tutorials_interfaces/share/action_tutorials_interfaces/cmake/export_action_tutorials_interfaces__rosidl_typesupport_fastrtps_cppExport.cmake
[13.031s] -- Installing: /home/brairlab/ros2_ws/install/action_tutorials_interfaces/share/action_tutorials_interfaces/cmake/export_action_tutorials_interfaces__rosidl_typesupport_fastrtps_cppExport-noconfig.cmake
[13.031s] -- Installing: /home/brairlab/ros2_ws/install/action_tutorials_interfaces/share/action_tutorials_interfaces/cmake/action_tutorials_interfaces__rosidl_typesupport_introspection_cppExport.cmake
[13.031s] -- Installing: /home/brairlab/ros2_ws/install/action_tutorials_interfaces/share/action_tutorials_interfaces/cmake/action_tutorials_interfaces__rosidl_typesupport_introspection_cppExport-noconfig.cmake
[13.031s] -- Installing: /home/brairlab/ros2_ws/install/action_tutorials_interfaces/share/action_tutorials_interfaces/cmake/action_tutorials_interfaces__rosidl_typesupport_cppExport.cmake
[13.031s] -- Installing: /home/brairlab/ros2_ws/install/action_tutorials_interfaces/share/action_tutorials_interfaces/cmake/action_tutorials_interfaces__rosidl_typesupport_cppExport-noconfig.cmake
[13.031s] -- Installing: /home/brairlab/ros2_ws/install/action_tutorials_interfaces/share/action_tutorials_interfaces/cmake/export_action_tutorials_interfaces__rosidl_generator_pyExport.cmake
[13.031s] -- Installing: /home/brairlab/ros2_ws/install/action_tutorials_interfaces/share/action_tutorials_interfaces/cmake/export_action_tutorials_interfaces__rosidl_generator_pyExport-noconfig.cmake
[13.032s] -- Installing: /home/brairlab/ros2_ws/install/action_tutorials_interfaces/share/action_tutorials_interfaces/cmake/rosidl_cmake-extras.cmake
[13.032s] -- Installing: /home/brairlab/ros2_ws/install/action_tutorials_interfaces/share/action_tutorials_interfaces/cmake/ament_cmake_export_dependencies-extras.cmake
[13.032s] -- Installing: /home/brairlab/ros2_ws/install/action_tutorials_interfaces/share/action_tutorials_interfaces/cmake/ament_cmake_export_include_directories-extras.cmake
[13.032s] -- Installing: /home/brairlab/ros2_ws/install/action_tutorials_interfaces/share/action_tutorials_interfaces/cmake/ament_cmake_export_libraries-extras.cmake
[13.032s] -- Installing: /home/brairlab/ros2_ws/install/action_tutorials_interfaces/share/action_tutorials_interfaces/cmake/ament_cmake_export_targets-extras.cmake
[13.032s] -- Installing: /home/brairlab/ros2_ws/install/action_tutorials_interfaces/share/action_tutorials_interfaces/cmake/rosidl_cmake_export_typesupport_targets-extras.cmake
[13.032s] -- Installing: /home/brairlab/ros2_ws/install/action_tutorials_interfaces/share/action_tutorials_interfaces/cmake/rosidl_cmake_export_typesupport_libraries-extras.cmake
[13.032s] -- Installing: /home/brairlab/ros2_ws/install/action_tutorials_interfaces/share/action_tutorials_interfaces/cmake/action_tutorials_interfacesConfig.cmake
[13.032s] -- Installing: /home/brairlab/ros2_ws/install/action_tutorials_interfaces/share/action_tutorials_interfaces/cmake/action_tutorials_interfacesConfig-version.cmake
[13.032s] -- Installing: /home/brairlab/ros2_ws/install/action_tutorials_interfaces/share/action_tutorials_interfaces/package.xml
[13.046s] Invoked command in '/home/brairlab/ros2_ws/build/action_tutorials_interfaces' returned '0': CMAKE_PREFIX_PATH=/home/brairlab/ros2_ws/src/install/python_parameters:/opt/ros/humble /usr/bin/cmake --install /home/brairlab/ros2_ws/build/action_tutorials_interfaces
