[0.888s] Invoking command in '/home/brairlab/ros2_ws/my_package': PYTHONPATH=/home/brairlab/ros2_ws/build/my_package/prefix_override:/usr/lib/python3/dist-packages/colcon_core/task/python/colcon_distutils_commands:/home/brairlab/ros2_ws/install/my_package/lib/python3.10/site-packages:${PYTHONPATH} /usr/bin/python3 -W ignore:setup.py install is deprecated -W ignore:easy_install command is deprecated setup.py egg_info --egg-base ../build/my_package build --build-base /home/brairlab/ros2_ws/build/my_package/build install --record /home/brairlab/ros2_ws/build/my_package/install.log --single-version-externally-managed install_data
[1.132s] running egg_info
[1.133s] writing ../build/my_package/my_package.egg-info/PKG-INFO
[1.134s] writing dependency_links to ../build/my_package/my_package.egg-info/dependency_links.txt
[1.135s] writing entry points to ../build/my_package/my_package.egg-info/entry_points.txt
[1.135s] writing requirements to ../build/my_package/my_package.egg-info/requires.txt
[1.135s] writing top-level names to ../build/my_package/my_package.egg-info/top_level.txt
[1.138s] reading manifest file '../build/my_package/my_package.egg-info/SOURCES.txt'
[1.138s] adding license file 'LICENSE'
[1.139s] writing manifest file '../build/my_package/my_package.egg-info/SOURCES.txt'
[1.139s] running build
[1.139s] running build_py
[1.139s] running install
[1.140s] running install_lib
[1.142s] running install_data
[1.142s] running install_egg_info
[1.144s] removing '/home/brairlab/ros2_ws/install/my_package/lib/python3.10/site-packages/my_package-0.0.0-py3.10.egg-info' (and everything under it)
[1.144s] Copying ../build/my_package/my_package.egg-info to /home/brairlab/ros2_ws/install/my_package/lib/python3.10/site-packages/my_package-0.0.0-py3.10.egg-info
[1.144s] running install_scripts
[1.190s] Installing my_node script to /home/brairlab/ros2_ws/install/my_package/lib/my_package
[1.190s] writing list of installed files to '/home/brairlab/ros2_ws/build/my_package/install.log'
[1.217s] Invoked command in '/home/brairlab/ros2_ws/my_package' returned '0': PYTHONPATH=/home/brairlab/ros2_ws/build/my_package/prefix_override:/usr/lib/python3/dist-packages/colcon_core/task/python/colcon_distutils_commands:/home/brairlab/ros2_ws/install/my_package/lib/python3.10/site-packages:${PYTHONPATH} /usr/bin/python3 -W ignore:setup.py install is deprecated -W ignore:easy_install command is deprecated setup.py egg_info --egg-base ../build/my_package build --build-base /home/brairlab/ros2_ws/build/my_package/build install --record /home/brairlab/ros2_ws/build/my_package/install.log --single-version-externally-managed install_data
