[0.059s] Invoking command in '/home/brairlab/ros2_ws/build/tutorial_interfaces': CMAKE_PREFIX_PATH=/opt/ros/humble /usr/bin/cmake /home/brairlab/ros2_ws/src/tutorial_interfaces -DCMAKE_INSTALL_PREFIX=/home/brairlab/ros2_ws/install/tutorial_interfaces
[0.386s] -- The C compiler identification is GNU 11.4.0
[0.584s] -- The CXX compiler identification is GNU 11.4.0
[0.618s] -- Detecting C compiler ABI info
[0.789s] -- Detecting C compiler ABI info - done
[0.796s] -- Check for working C compiler: /usr/bin/cc - skipped
[0.799s] -- Detecting C compile features
[0.802s] -- Detecting C compile features - done
[0.811s] -- Detecting CXX compiler ABI info
[0.968s] -- Detecting CXX compiler ABI info - done
[0.978s] -- Check for working CXX compiler: /usr/bin/c++ - skipped
[0.979s] -- Detecting CXX compile features
[0.980s] -- Detecting CXX compile features - done
[1.002s] -- Found ament_cmake: 1.3.10 (/opt/ros/humble/share/ament_cmake/cmake)
[1.257s] -- Found Python3: /usr/bin/python3 (found version "3.10.12") found components: Interpreter 
[1.478s] -- Found geometry_msgs: 4.2.4 (/opt/ros/humble/share/geometry_msgs/cmake)
[1.625s] -- Found rosidl_generator_c: 3.1.5 (/opt/ros/humble/share/rosidl_generator_c/cmake)
[1.642s] -- Found rosidl_adapter: 3.1.5 (/opt/ros/humble/share/rosidl_adapter/cmake)
[1.676s] -- Found rosidl_generator_cpp: 3.1.5 (/opt/ros/humble/share/rosidl_generator_cpp/cmake)
[1.726s] -- Using all available rosidl_typesupport_c: rosidl_typesupport_fastrtps_c;rosidl_typesupport_introspection_c
[1.784s] -- Using all available rosidl_typesupport_cpp: rosidl_typesupport_fastrtps_cpp;rosidl_typesupport_introspection_cpp
[1.919s] -- Found rosidl_default_generators: 1.2.0 (/opt/ros/humble/share/rosidl_default_generators/cmake)
[2.253s] [31mCMake Error at /opt/ros/humble/share/rosidl_adapter/cmake/rosidl_adapt_interfaces.cmake:59 (message):
[2.253s]   execute_process(/usr/bin/python3 -m rosidl_adapter --package-name
[2.253s]   tutorial_interfaces --arguments-file
[2.253s]   /home/brairlab/ros2_ws/build/tutorial_interfaces/rosidl_adapter__arguments__tutorial_interfaces.json
[2.253s]   --output-dir
[2.253s]   /home/brairlab/ros2_ws/build/tutorial_interfaces/rosidl_adapter/tutorial_interfaces
[2.253s]   --output-file
[2.254s]   /home/brairlab/ros2_ws/build/tutorial_interfaces/rosidl_adapter/tutorial_interfaces.idls)
[2.254s]   returned error code 1:
[2.254s] 
[2.254s]   Error processing 'geometry_msgs/point center' of
[2.254s]   'tutorial_interfaces/Sphere': ''point' is an invalid message name.  It
[2.254s]   should have the pattern '^[A-Z][A-Za-z0-9]*$''
[2.254s] 
[2.254s]   Traceback (most recent call last):
[2.255s] 
[2.255s]     File "/usr/lib/python3.10/runpy.py", line 196, in _run_module_as_main
[2.255s]       return _run_code(code, main_globals, None,
[2.255s]     File "/usr/lib/python3.10/runpy.py", line 86, in _run_code
[2.255s]       exec(code, run_globals)
[2.255s]     File "/opt/ros/humble/local/lib/python3.10/dist-packages/rosidl_adapter/__main__.py", line 19, in <module>
[2.255s]       sys.exit(main())
[2.255s]     File "/opt/ros/humble/local/lib/python3.10/dist-packages/rosidl_adapter/main.py", line 53, in main
[2.255s]       abs_idl_file = convert_to_idl(
[2.255s]     File "/opt/ros/humble/local/lib/python3.10/dist-packages/rosidl_adapter/__init__.py", line 19, in convert_to_idl
[2.255s]       return convert_msg_to_idl(
[2.256s]     File "/opt/ros/humble/local/lib/python3.10/dist-packages/rosidl_adapter/msg/__init__.py", line 28, in convert_msg_to_idl
[2.256s]       msg = parse_message_string(package_name, input_file.stem, content)
[2.256s]     File "/opt/ros/humble/local/lib/python3.10/dist-packages/rosidl_adapter/parser.py", line 520, in parse_message_string
[2.256s]       Type(type_string, context_package_name=pkg_name),
[2.256s]     File "/opt/ros/humble/local/lib/python3.10/dist-packages/rosidl_adapter/parser.py", line 277, in __init__
[2.256s]       super(Type, self).__init__(
[2.256s]     File "/opt/ros/humble/local/lib/python3.10/dist-packages/rosidl_adapter/parser.py", line 205, in __init__
[2.256s]       raise InvalidResourceName(
[2.256s] 
[2.256s]   rosidl_adapter.parser.InvalidResourceName: 'point' is an invalid message
[2.256s]   name.  It should have the pattern '^[A-Z][A-Za-z0-9]*$'
[2.257s] 
[2.257s] Call Stack (most recent call first):
[2.257s]   /opt/ros/humble/share/rosidl_cmake/cmake/rosidl_generate_interfaces.cmake:130 (rosidl_adapt_interfaces)
[2.257s]   CMakeLists.txt:16 (rosidl_generate_interfaces)
[2.257s] 
[2.257s] [0m
[2.257s] -- Configuring incomplete, errors occurred!
[2.257s] See also "/home/brairlab/ros2_ws/build/tutorial_interfaces/CMakeFiles/CMakeOutput.log".
[2.270s] Invoked command in '/home/brairlab/ros2_ws/build/tutorial_interfaces' returned '1': CMAKE_PREFIX_PATH=/opt/ros/humble /usr/bin/cmake /home/brairlab/ros2_ws/src/tutorial_interfaces -DCMAKE_INSTALL_PREFIX=/home/brairlab/ros2_ws/install/tutorial_interfaces
