[0.882s] Invoking command in '/home/brairlab/ros2_ws/src/python_parameters': PYTHONPATH=/home/brairlab/ros2_ws/src/build/python_parameters/prefix_override:/usr/lib/python3/dist-packages/colcon_core/task/python/colcon_distutils_commands:/home/brairlab/ros2_ws/src/install/python_parameters/lib/python3.10/site-packages:${PYTHONPATH} /usr/bin/python3 -W ignore:setup.py install is deprecated -W ignore:easy_install command is deprecated setup.py egg_info --egg-base ../build/python_parameters build --build-base /home/brairlab/ros2_ws/src/build/python_parameters/build install --record /home/brairlab/ros2_ws/src/build/python_parameters/install.log --single-version-externally-managed install_data
[1.067s] running egg_info
[1.074s] writing ../build/python_parameters/python_parameters.egg-info/PKG-INFO
[1.078s] writing dependency_links to ../build/python_parameters/python_parameters.egg-info/dependency_links.txt
[1.078s] writing entry points to ../build/python_parameters/python_parameters.egg-info/entry_points.txt
[1.078s] writing requirements to ../build/python_parameters/python_parameters.egg-info/requires.txt
[1.078s] writing top-level names to ../build/python_parameters/python_parameters.egg-info/top_level.txt
[1.080s] reading manifest file '../build/python_parameters/python_parameters.egg-info/SOURCES.txt'
[1.086s] adding license file 'LICENSE'
[1.093s] writing manifest file '../build/python_parameters/python_parameters.egg-info/SOURCES.txt'
[1.093s] running build
[1.093s] running build_py
[1.098s] running install
[1.100s] running install_lib
[1.102s] running install_data
[1.102s] copying launch/param_launch.xml -> /home/brairlab/ros2_ws/src/install/python_parameters/share/python_parameters/launch
[1.102s] running install_egg_info
[1.107s] removing '/home/brairlab/ros2_ws/src/install/python_parameters/lib/python3.10/site-packages/python_parameters-0.0.0-py3.10.egg-info' (and everything under it)
[1.113s] Copying ../build/python_parameters/python_parameters.egg-info to /home/brairlab/ros2_ws/src/install/python_parameters/lib/python3.10/site-packages/python_parameters-0.0.0-py3.10.egg-info
[1.113s] running install_scripts
[1.151s] Installing minimal_param_node script to /home/brairlab/ros2_ws/src/install/python_parameters/lib/python_parameters
[1.154s] writing list of installed files to '/home/brairlab/ros2_ws/src/build/python_parameters/install.log'
[1.228s] Invoked command in '/home/brairlab/ros2_ws/src/python_parameters' returned '0': PYTHONPATH=/home/brairlab/ros2_ws/src/build/python_parameters/prefix_override:/usr/lib/python3/dist-packages/colcon_core/task/python/colcon_distutils_commands:/home/brairlab/ros2_ws/src/install/python_parameters/lib/python3.10/site-packages:${PYTHONPATH} /usr/bin/python3 -W ignore:setup.py install is deprecated -W ignore:easy_install command is deprecated setup.py egg_info --egg-base ../build/python_parameters build --build-base /home/brairlab/ros2_ws/src/build/python_parameters/build install --record /home/brairlab/ros2_ws/src/build/python_parameters/install.log --single-version-externally-managed install_data
