[7.363s] Invoking command in '/home/brairlab/ros2_ws/src/py_srvcli': PYTHONPATH=/home/brairlab/ros2_ws/build/py_srvcli/prefix_override:/usr/lib/python3/dist-packages/colcon_core/task/python/colcon_distutils_commands:/home/brairlab/ros2_ws/install/py_srvcli/lib/python3.10/site-packages:${PYTHONPATH} /usr/bin/python3 -W ignore:setup.py install is deprecated -W ignore:easy_install command is deprecated setup.py egg_info --egg-base ../../build/py_srvcli build --build-base /home/brairlab/ros2_ws/build/py_srvcli/build install --record /home/brairlab/ros2_ws/build/py_srvcli/install.log --single-version-externally-managed install_data
[9.581s] running egg_info
[9.581s] writing ../../build/py_srvcli/py_srvcli.egg-info/PKG-INFO
[9.583s] writing dependency_links to ../../build/py_srvcli/py_srvcli.egg-info/dependency_links.txt
[9.614s] writing entry points to ../../build/py_srvcli/py_srvcli.egg-info/entry_points.txt
[9.641s] writing requirements to ../../build/py_srvcli/py_srvcli.egg-info/requires.txt
[9.641s] writing top-level names to ../../build/py_srvcli/py_srvcli.egg-info/top_level.txt
[9.732s] reading manifest file '../../build/py_srvcli/py_srvcli.egg-info/SOURCES.txt'
[9.732s] adding license file 'LICENSE'
[9.732s] writing manifest file '../../build/py_srvcli/py_srvcli.egg-info/SOURCES.txt'
[9.732s] running build
[9.732s] running build_py
[9.732s] copying py_srvcli/service_member_function.py -> /home/brairlab/ros2_ws/build/py_srvcli/build/lib/py_srvcli
[9.770s] running install
[10.031s] running install_lib
[10.055s] copying /home/brairlab/ros2_ws/build/py_srvcli/build/lib/py_srvcli/service_member_function.py -> /home/brairlab/ros2_ws/install/py_srvcli/lib/python3.10/site-packages/py_srvcli
[10.056s] byte-compiling /home/brairlab/ros2_ws/install/py_srvcli/lib/python3.10/site-packages/py_srvcli/service_member_function.py to service_member_function.cpython-310.pyc
[10.059s] running install_data
[10.059s] running install_egg_info
[10.102s] removing '/home/brairlab/ros2_ws/install/py_srvcli/lib/python3.10/site-packages/py_srvcli-0.0.0-py3.10.egg-info' (and everything under it)
[10.134s] Copying ../../build/py_srvcli/py_srvcli.egg-info to /home/brairlab/ros2_ws/install/py_srvcli/lib/python3.10/site-packages/py_srvcli-0.0.0-py3.10.egg-info
[10.159s] running install_scripts
[10.499s] Installing client script to /home/brairlab/ros2_ws/install/py_srvcli/lib/py_srvcli
[10.500s] Installing service script to /home/brairlab/ros2_ws/install/py_srvcli/lib/py_srvcli
[10.500s] writing list of installed files to '/home/brairlab/ros2_ws/build/py_srvcli/install.log'
[11.667s] Invoked command in '/home/brairlab/ros2_ws/src/py_srvcli' returned '0': PYTHONPATH=/home/brairlab/ros2_ws/build/py_srvcli/prefix_override:/usr/lib/python3/dist-packages/colcon_core/task/python/colcon_distutils_commands:/home/brairlab/ros2_ws/install/py_srvcli/lib/python3.10/site-packages:${PYTHONPATH} /usr/bin/python3 -W ignore:setup.py install is deprecated -W ignore:easy_install command is deprecated setup.py egg_info --egg-base ../../build/py_srvcli build --build-base /home/brairlab/ros2_ws/build/py_srvcli/build install --record /home/brairlab/ros2_ws/build/py_srvcli/install.log --single-version-externally-managed install_data
