[1.495s] Invoking command in '/home/brairlab/ros2_ws/build/tutorial_interfaces': CMAKE_PREFIX_PATH=/opt/ros/humble /usr/bin/cmake /home/brairlab/ros2_ws/src/tutorial_interfaces -DCMAKE_INSTALL_PREFIX=/home/brairlab/ros2_ws/install/tutorial_interfaces
[1.582s] -- Found geometry_msgs: 4.2.4 (/opt/ros/humble/share/geometry_msgs/cmake)
[2.339s] -- Found rosidl_generator_c: 3.1.5 (/opt/ros/humble/share/rosidl_generator_c/cmake)
[2.372s] -- Found rosidl_adapter: 3.1.5 (/opt/ros/humble/share/rosidl_adapter/cmake)
[2.696s] -- Found rosidl_generator_cpp: 3.1.5 (/opt/ros/humble/share/rosidl_generator_cpp/cmake)
[3.064s] -- Using all available rosidl_typesupport_c: rosidl_typesupport_fastrtps_c;rosidl_typesupport_introspection_c
[3.224s] -- Using all available rosidl_typesupport_cpp: rosidl_typesupport_fastrtps_cpp;rosidl_typesupport_introspection_cpp
[3.582s] -- Found rosidl_default_generators: 1.2.0 (/opt/ros/humble/share/rosidl_default_generators/cmake)
[4.390s] -- Found ament_cmake_ros: 0.10.0 (/opt/ros/humble/share/ament_cmake_ros/cmake)
[5.341s] -- Using all available rosidl_typesupport_c: rosidl_typesupport_fastrtps_c;rosidl_typesupport_introspection_c
[5.671s] -- Using all available rosidl_typesupport_cpp: rosidl_typesupport_fastrtps_cpp;rosidl_typesupport_introspection_cpp
[5.709s] -- Found PythonInterp: /usr/bin/python3 (found suitable version "3.10.12", minimum required is "3.6") 
[5.713s] -- Found python_cmake_module: 0.10.0 (/opt/ros/humble/share/python_cmake_module/cmake)
[5.771s] -- Found PythonLibs: /usr/lib/x86_64-linux-gnu/libpython3.10.so (found suitable version "3.10.12", minimum required is "3.5") 
[5.771s] -- Using PYTHON_EXECUTABLE: /usr/bin/python3
[5.819s] -- Using PYTHON_INCLUDE_DIRS: /usr/include/python3.10
[5.820s] -- Using PYTHON_LIBRARIES: /usr/lib/x86_64-linux-gnu/libpython3.10.so
[5.930s] -- Found PythonExtra: .so  
[6.114s] -- Found ament_lint_auto: 0.12.11 (/opt/ros/humble/share/ament_lint_auto/cmake)
[6.293s] -- Added test 'lint_cmake' to check CMake code style
[6.300s] -- Added test 'xmllint' to check XML markup files
[6.322s] -- Configuring done
[6.462s] -- Generating done
[6.496s] -- Build files have been written to: /home/brairlab/ros2_ws/build/tutorial_interfaces
[6.573s] Invoked command in '/home/brairlab/ros2_ws/build/tutorial_interfaces' returned '0': CMAKE_PREFIX_PATH=/opt/ros/humble /usr/bin/cmake /home/brairlab/ros2_ws/src/tutorial_interfaces -DCMAKE_INSTALL_PREFIX=/home/brairlab/ros2_ws/install/tutorial_interfaces
[6.579s] Invoking command in '/home/brairlab/ros2_ws/build/tutorial_interfaces': CMAKE_PREFIX_PATH=/opt/ros/humble /usr/bin/cmake --build /home/brairlab/ros2_ws/build/tutorial_interfaces -- -j4 -l4
[6.981s] [  2%] [34m[1mGenerating C++ code for ROS interfaces[0m
[7.960s] [  2%] Built target tutorial_interfaces__cpp
[8.045s] [  2%] Built target ament_cmake_python_copy_tutorial_interfaces
[8.073s] [  4%] [34m[1mGenerating C++ type support for eProsima Fast-RTPS[0m
[8.984s] [  6%] [32mBuilding CXX object CMakeFiles/tutorial_interfaces__rosidl_typesupport_fastrtps_cpp.dir/rosidl_typesupport_fastrtps_cpp/tutorial_interfaces/msg/detail/dds_fastrtps/num__type_support.cpp.o[0m
[11.022s] [  8%] [32mBuilding CXX object CMakeFiles/tutorial_interfaces__rosidl_typesupport_fastrtps_cpp.dir/rosidl_typesupport_fastrtps_cpp/tutorial_interfaces/msg/detail/dds_fastrtps/sphere__type_support.cpp.o[0m
[12.176s] [ 10%] [32mBuilding CXX object CMakeFiles/tutorial_interfaces__rosidl_typesupport_fastrtps_cpp.dir/rosidl_typesupport_fastrtps_cpp/tutorial_interfaces/srv/detail/dds_fastrtps/add_three_ints__type_support.cpp.o[0m
[12.918s] [ 12%] [32m[1mLinking CXX shared library libtutorial_interfaces__rosidl_typesupport_fastrtps_cpp.so[0m
[13.284s] [ 12%] Built target tutorial_interfaces__rosidl_typesupport_fastrtps_cpp
[13.354s] [ 14%] [34m[1mGenerating C++ introspection for ROS interfaces[0m
[14.315s] [ 17%] [32mBuilding CXX object CMakeFiles/tutorial_interfaces__rosidl_typesupport_introspection_cpp.dir/rosidl_typesupport_introspection_cpp/tutorial_interfaces/msg/detail/num__type_support.cpp.o[0m
[14.851s] [ 19%] [32mBuilding CXX object CMakeFiles/tutorial_interfaces__rosidl_typesupport_introspection_cpp.dir/rosidl_typesupport_introspection_cpp/tutorial_interfaces/msg/detail/sphere__type_support.cpp.o[0m
[15.378s] [ 21%] [32mBuilding CXX object CMakeFiles/tutorial_interfaces__rosidl_typesupport_introspection_cpp.dir/rosidl_typesupport_introspection_cpp/tutorial_interfaces/srv/detail/add_three_ints__type_support.cpp.o[0m
[16.147s] [ 23%] [32m[1mLinking CXX shared library libtutorial_interfaces__rosidl_typesupport_introspection_cpp.so[0m
[16.316s] [ 23%] Built target tutorial_interfaces__rosidl_typesupport_introspection_cpp
[17.610s] running egg_info
[17.612s] creating tutorial_interfaces.egg-info
[17.612s] writing tutorial_interfaces.egg-info/PKG-INFO
[17.614s] writing dependency_links to tutorial_interfaces.egg-info/dependency_links.txt
[17.614s] writing top-level names to tutorial_interfaces.egg-info/top_level.txt
[17.615s] writing manifest file 'tutorial_interfaces.egg-info/SOURCES.txt'
[17.620s] reading manifest file 'tutorial_interfaces.egg-info/SOURCES.txt'
[17.621s] writing manifest file 'tutorial_interfaces.egg-info/SOURCES.txt'
[17.709s] [ 23%] Built target ament_cmake_python_build_tutorial_interfaces_egg
[17.743s] [ 25%] [34m[1mGenerating C++ type support dispatch for ROS interfaces[0m
[18.361s] [ 27%] [32mBuilding CXX object CMakeFiles/tutorial_interfaces__rosidl_typesupport_cpp.dir/rosidl_typesupport_cpp/tutorial_interfaces/msg/num__type_support.cpp.o[0m
[18.928s] [ 29%] [32mBuilding CXX object CMakeFiles/tutorial_interfaces__rosidl_typesupport_cpp.dir/rosidl_typesupport_cpp/tutorial_interfaces/srv/add_three_ints__type_support.cpp.o[0m
[19.495s] [ 31%] [32mBuilding CXX object CMakeFiles/tutorial_interfaces__rosidl_typesupport_cpp.dir/rosidl_typesupport_cpp/tutorial_interfaces/msg/sphere__type_support.cpp.o[0m
[20.060s] [ 34%] [32m[1mLinking CXX shared library libtutorial_interfaces__rosidl_typesupport_cpp.so[0m
[20.201s] [ 34%] Built target tutorial_interfaces__rosidl_typesupport_cpp
[20.228s] [ 36%] [34m[1mGenerating C code for ROS interfaces[0m
[21.278s] [ 38%] [32mBuilding C object CMakeFiles/tutorial_interfaces__rosidl_generator_c.dir/rosidl_generator_c/tutorial_interfaces/msg/detail/num__functions.c.o[0m
[21.653s] [ 40%] [32mBuilding C object CMakeFiles/tutorial_interfaces__rosidl_generator_c.dir/rosidl_generator_c/tutorial_interfaces/srv/detail/add_three_ints__functions.c.o[0m
[21.781s] [ 42%] [32mBuilding C object CMakeFiles/tutorial_interfaces__rosidl_generator_c.dir/rosidl_generator_c/tutorial_interfaces/msg/detail/sphere__functions.c.o[0m
[21.901s] [ 44%] [32m[1mLinking C shared library libtutorial_interfaces__rosidl_generator_c.so[0m
[22.050s] [ 44%] Built target tutorial_interfaces__rosidl_generator_c
[22.167s] [ 46%] [34m[1mGenerating C type support for eProsima Fast-RTPS[0m
[22.957s] [ 48%] [32mBuilding CXX object CMakeFiles/tutorial_interfaces__rosidl_typesupport_fastrtps_c.dir/rosidl_typesupport_fastrtps_c/tutorial_interfaces/msg/detail/num__type_support_c.cpp.o[0m
[23.443s] [ 51%] [32mBuilding CXX object CMakeFiles/tutorial_interfaces__rosidl_typesupport_fastrtps_c.dir/rosidl_typesupport_fastrtps_c/tutorial_interfaces/msg/detail/sphere__type_support_c.cpp.o[0m
[24.119s] [ 53%] [32mBuilding CXX object CMakeFiles/tutorial_interfaces__rosidl_typesupport_fastrtps_c.dir/rosidl_typesupport_fastrtps_c/tutorial_interfaces/srv/detail/add_three_ints__type_support_c.cpp.o[0m
[24.971s] [ 55%] [32m[1mLinking CXX shared library libtutorial_interfaces__rosidl_typesupport_fastrtps_c.so[0m
[25.383s] [ 55%] Built target tutorial_interfaces__rosidl_typesupport_fastrtps_c
[25.429s] [ 57%] [34m[1mGenerating C type support dispatch for ROS interfaces[0m
[26.348s] [ 59%] [32mBuilding CXX object CMakeFiles/tutorial_interfaces__rosidl_typesupport_c.dir/rosidl_typesupport_c/tutorial_interfaces/msg/num__type_support.cpp.o[0m
[26.451s] [ 61%] [32mBuilding CXX object CMakeFiles/tutorial_interfaces__rosidl_typesupport_c.dir/rosidl_typesupport_c/tutorial_interfaces/srv/add_three_ints__type_support.cpp.o[0m
[26.595s] [ 63%] [32mBuilding CXX object CMakeFiles/tutorial_interfaces__rosidl_typesupport_c.dir/rosidl_typesupport_c/tutorial_interfaces/msg/sphere__type_support.cpp.o[0m
[26.664s] [ 65%] [32m[1mLinking CXX shared library libtutorial_interfaces__rosidl_typesupport_c.so[0m
[26.805s] [ 65%] Built target tutorial_interfaces__rosidl_typesupport_c
[26.844s] [ 68%] [34m[1mGenerating C introspection for ROS interfaces[0m
[27.639s] [ 70%] [32mBuilding C object CMakeFiles/tutorial_interfaces__rosidl_typesupport_introspection_c.dir/rosidl_typesupport_introspection_c/tutorial_interfaces/msg/detail/num__type_support.c.o[0m
[27.739s] [ 72%] [32mBuilding C object CMakeFiles/tutorial_interfaces__rosidl_typesupport_introspection_c.dir/rosidl_typesupport_introspection_c/tutorial_interfaces/srv/detail/add_three_ints__type_support.c.o[0m
[27.867s] [ 74%] [32mBuilding C object CMakeFiles/tutorial_interfaces__rosidl_typesupport_introspection_c.dir/rosidl_typesupport_introspection_c/tutorial_interfaces/msg/detail/sphere__type_support.c.o[0m
[28.035s] [ 76%] [32m[1mLinking C shared library libtutorial_interfaces__rosidl_typesupport_introspection_c.so[0m
[28.148s] [ 76%] Built target tutorial_interfaces__rosidl_typesupport_introspection_c
[28.229s] [ 76%] Built target tutorial_interfaces
[28.290s] [ 78%] [34m[1mGenerating Python code for ROS interfaces[0m
[29.528s] [ 78%] Built target tutorial_interfaces__py
[29.649s] [ 80%] [32mBuilding C object CMakeFiles/tutorial_interfaces__rosidl_generator_py.dir/rosidl_generator_py/tutorial_interfaces/msg/_num_s.c.o[0m
[30.310s] [ 82%] [32mBuilding C object CMakeFiles/tutorial_interfaces__rosidl_generator_py.dir/rosidl_generator_py/tutorial_interfaces/srv/_add_three_ints_s.c.o[0m
[30.760s] [ 85%] [32mBuilding C object CMakeFiles/tutorial_interfaces__rosidl_generator_py.dir/rosidl_generator_py/tutorial_interfaces/msg/_sphere_s.c.o[0m
[30.952s] [ 87%] [32m[1mLinking C shared library rosidl_generator_py/tutorial_interfaces/libtutorial_interfaces__rosidl_generator_py.so[0m
[31.095s] [ 87%] Built target tutorial_interfaces__rosidl_generator_py
[31.251s] [ 89%] [32mBuilding C object CMakeFiles/tutorial_interfaces__rosidl_typesupport_fastrtps_c__pyext.dir/rosidl_generator_py/tutorial_interfaces/_tutorial_interfaces_s.ep.rosidl_typesupport_fastrtps_c.c.o[0m
[31.540s] [ 91%] [32m[1mLinking C shared library rosidl_generator_py/tutorial_interfaces/tutorial_interfaces_s__rosidl_typesupport_fastrtps_c.cpython-310-x86_64-linux-gnu.so[0m
[31.653s] [ 91%] Built target tutorial_interfaces__rosidl_typesupport_fastrtps_c__pyext
[31.732s] [ 93%] [32mBuilding C object CMakeFiles/tutorial_interfaces__rosidl_typesupport_c__pyext.dir/rosidl_generator_py/tutorial_interfaces/_tutorial_interfaces_s.ep.rosidl_typesupport_c.c.o[0m
[32.310s] [ 95%] [32m[1mLinking C shared library rosidl_generator_py/tutorial_interfaces/tutorial_interfaces_s__rosidl_typesupport_c.cpython-310-x86_64-linux-gnu.so[0m
[32.540s] [ 95%] Built target tutorial_interfaces__rosidl_typesupport_c__pyext
[32.760s] [ 97%] [32mBuilding C object CMakeFiles/tutorial_interfaces__rosidl_typesupport_introspection_c__pyext.dir/rosidl_generator_py/tutorial_interfaces/_tutorial_interfaces_s.ep.rosidl_typesupport_introspection_c.c.o[0m
[33.050s] [100%] [32m[1mLinking C shared library rosidl_generator_py/tutorial_interfaces/tutorial_interfaces_s__rosidl_typesupport_introspection_c.cpython-310-x86_64-linux-gnu.so[0m
[33.297s] [100%] Built target tutorial_interfaces__rosidl_typesupport_introspection_c__pyext
[33.395s] Invoked command in '/home/brairlab/ros2_ws/build/tutorial_interfaces' returned '0': CMAKE_PREFIX_PATH=/opt/ros/humble /usr/bin/cmake --build /home/brairlab/ros2_ws/build/tutorial_interfaces -- -j4 -l4
[33.408s] Invoking command in '/home/brairlab/ros2_ws/build/tutorial_interfaces': CMAKE_PREFIX_PATH=/opt/ros/humble /usr/bin/cmake --install /home/brairlab/ros2_ws/build/tutorial_interfaces
[33.427s] -- Install configuration: ""
[33.429s] -- Installing: /home/brairlab/ros2_ws/install/tutorial_interfaces/share/ament_index/resource_index/rosidl_interfaces/tutorial_interfaces
[33.431s] -- Installing: /home/brairlab/ros2_ws/install/tutorial_interfaces/include/tutorial_interfaces/tutorial_interfaces
[33.496s] -- Installing: /home/brairlab/ros2_ws/install/tutorial_interfaces/include/tutorial_interfaces/tutorial_interfaces/srv
[33.497s] -- Installing: /home/brairlab/ros2_ws/install/tutorial_interfaces/include/tutorial_interfaces/tutorial_interfaces/srv/add_three_ints.h
[33.497s] -- Installing: /home/brairlab/ros2_ws/install/tutorial_interfaces/include/tutorial_interfaces/tutorial_interfaces/srv/detail
[33.498s] -- Installing: /home/brairlab/ros2_ws/install/tutorial_interfaces/include/tutorial_interfaces/tutorial_interfaces/srv/detail/add_three_ints__type_support.h
[33.498s] -- Installing: /home/brairlab/ros2_ws/install/tutorial_interfaces/include/tutorial_interfaces/tutorial_interfaces/srv/detail/add_three_ints__struct.h
[33.500s] -- Installing: /home/brairlab/ros2_ws/install/tutorial_interfaces/include/tutorial_interfaces/tutorial_interfaces/srv/detail/add_three_ints__functions.c
[33.505s] -- Installing: /home/brairlab/ros2_ws/install/tutorial_interfaces/include/tutorial_interfaces/tutorial_interfaces/srv/detail/add_three_ints__functions.h
[33.505s] -- Installing: /home/brairlab/ros2_ws/install/tutorial_interfaces/include/tutorial_interfaces/tutorial_interfaces/msg
[33.505s] -- Installing: /home/brairlab/ros2_ws/install/tutorial_interfaces/include/tutorial_interfaces/tutorial_interfaces/msg/detail
[33.508s] -- Installing: /home/brairlab/ros2_ws/install/tutorial_interfaces/include/tutorial_interfaces/tutorial_interfaces/msg/detail/sphere__type_support.h
[33.509s] -- Installing: /home/brairlab/ros2_ws/install/tutorial_interfaces/include/tutorial_interfaces/tutorial_interfaces/msg/detail/sphere__struct.h
[33.509s] -- Installing: /home/brairlab/ros2_ws/install/tutorial_interfaces/include/tutorial_interfaces/tutorial_interfaces/msg/detail/num__functions.h
[33.509s] -- Installing: /home/brairlab/ros2_ws/install/tutorial_interfaces/include/tutorial_interfaces/tutorial_interfaces/msg/detail/num__struct.h
[33.509s] -- Installing: /home/brairlab/ros2_ws/install/tutorial_interfaces/include/tutorial_interfaces/tutorial_interfaces/msg/detail/sphere__functions.h
[33.509s] -- Installing: /home/brairlab/ros2_ws/install/tutorial_interfaces/include/tutorial_interfaces/tutorial_interfaces/msg/detail/num__functions.c
[33.510s] -- Installing: /home/brairlab/ros2_ws/install/tutorial_interfaces/include/tutorial_interfaces/tutorial_interfaces/msg/detail/sphere__functions.c
[33.510s] -- Installing: /home/brairlab/ros2_ws/install/tutorial_interfaces/include/tutorial_interfaces/tutorial_interfaces/msg/detail/num__type_support.h
[33.510s] -- Installing: /home/brairlab/ros2_ws/install/tutorial_interfaces/include/tutorial_interfaces/tutorial_interfaces/msg/num.h
[33.510s] -- Installing: /home/brairlab/ros2_ws/install/tutorial_interfaces/include/tutorial_interfaces/tutorial_interfaces/msg/sphere.h
[33.510s] -- Installing: /home/brairlab/ros2_ws/install/tutorial_interfaces/include/tutorial_interfaces/tutorial_interfaces/msg/rosidl_generator_c__visibility_control.h
[33.510s] -- Installing: /home/brairlab/ros2_ws/install/tutorial_interfaces/share/tutorial_interfaces/environment/library_path.sh
[33.510s] -- Installing: /home/brairlab/ros2_ws/install/tutorial_interfaces/share/tutorial_interfaces/environment/library_path.dsv
[33.510s] -- Installing: /home/brairlab/ros2_ws/install/tutorial_interfaces/lib/libtutorial_interfaces__rosidl_generator_c.so
[33.516s] -- Set runtime path of "/home/brairlab/ros2_ws/install/tutorial_interfaces/lib/libtutorial_interfaces__rosidl_generator_c.so" to ""
[33.516s] -- Up-to-date: /home/brairlab/ros2_ws/install/tutorial_interfaces/include/tutorial_interfaces/tutorial_interfaces
[33.516s] -- Up-to-date: /home/brairlab/ros2_ws/install/tutorial_interfaces/include/tutorial_interfaces/tutorial_interfaces/srv
[33.516s] -- Up-to-date: /home/brairlab/ros2_ws/install/tutorial_interfaces/include/tutorial_interfaces/tutorial_interfaces/srv/detail
[33.516s] -- Installing: /home/brairlab/ros2_ws/install/tutorial_interfaces/include/tutorial_interfaces/tutorial_interfaces/srv/detail/add_three_ints__rosidl_typesupport_fastrtps_c.h
[33.517s] -- Up-to-date: /home/brairlab/ros2_ws/install/tutorial_interfaces/include/tutorial_interfaces/tutorial_interfaces/msg
[33.517s] -- Up-to-date: /home/brairlab/ros2_ws/install/tutorial_interfaces/include/tutorial_interfaces/tutorial_interfaces/msg/detail
[33.517s] -- Installing: /home/brairlab/ros2_ws/install/tutorial_interfaces/include/tutorial_interfaces/tutorial_interfaces/msg/detail/sphere__rosidl_typesupport_fastrtps_c.h
[33.520s] -- Installing: /home/brairlab/ros2_ws/install/tutorial_interfaces/include/tutorial_interfaces/tutorial_interfaces/msg/detail/num__rosidl_typesupport_fastrtps_c.h
[33.520s] -- Installing: /home/brairlab/ros2_ws/install/tutorial_interfaces/include/tutorial_interfaces/tutorial_interfaces/msg/rosidl_typesupport_fastrtps_c__visibility_control.h
[33.522s] -- Installing: /home/brairlab/ros2_ws/install/tutorial_interfaces/lib/libtutorial_interfaces__rosidl_typesupport_fastrtps_c.so
[33.522s] -- Set runtime path of "/home/brairlab/ros2_ws/install/tutorial_interfaces/lib/libtutorial_interfaces__rosidl_typesupport_fastrtps_c.so" to ""
[33.522s] -- Up-to-date: /home/brairlab/ros2_ws/install/tutorial_interfaces/include/tutorial_interfaces/tutorial_interfaces
[33.522s] -- Up-to-date: /home/brairlab/ros2_ws/install/tutorial_interfaces/include/tutorial_interfaces/tutorial_interfaces/srv
[33.522s] -- Up-to-date: /home/brairlab/ros2_ws/install/tutorial_interfaces/include/tutorial_interfaces/tutorial_interfaces/srv/detail
[33.526s] -- Installing: /home/brairlab/ros2_ws/install/tutorial_interfaces/include/tutorial_interfaces/tutorial_interfaces/srv/detail/add_three_ints__traits.hpp
[33.527s] -- Installing: /home/brairlab/ros2_ws/install/tutorial_interfaces/include/tutorial_interfaces/tutorial_interfaces/srv/detail/add_three_ints__builder.hpp
[33.527s] -- Installing: /home/brairlab/ros2_ws/install/tutorial_interfaces/include/tutorial_interfaces/tutorial_interfaces/srv/detail/add_three_ints__struct.hpp
[33.527s] -- Installing: /home/brairlab/ros2_ws/install/tutorial_interfaces/include/tutorial_interfaces/tutorial_interfaces/srv/add_three_ints.hpp
[33.527s] -- Up-to-date: /home/brairlab/ros2_ws/install/tutorial_interfaces/include/tutorial_interfaces/tutorial_interfaces/msg
[33.527s] -- Installing: /home/brairlab/ros2_ws/install/tutorial_interfaces/include/tutorial_interfaces/tutorial_interfaces/msg/sphere.hpp
[33.527s] -- Up-to-date: /home/brairlab/ros2_ws/install/tutorial_interfaces/include/tutorial_interfaces/tutorial_interfaces/msg/detail
[33.527s] -- Installing: /home/brairlab/ros2_ws/install/tutorial_interfaces/include/tutorial_interfaces/tutorial_interfaces/msg/detail/num__traits.hpp
[33.528s] -- Installing: /home/brairlab/ros2_ws/install/tutorial_interfaces/include/tutorial_interfaces/tutorial_interfaces/msg/detail/num__builder.hpp
[33.528s] -- Installing: /home/brairlab/ros2_ws/install/tutorial_interfaces/include/tutorial_interfaces/tutorial_interfaces/msg/detail/num__struct.hpp
[33.528s] -- Installing: /home/brairlab/ros2_ws/install/tutorial_interfaces/include/tutorial_interfaces/tutorial_interfaces/msg/detail/sphere__traits.hpp
[33.528s] -- Installing: /home/brairlab/ros2_ws/install/tutorial_interfaces/include/tutorial_interfaces/tutorial_interfaces/msg/detail/sphere__builder.hpp
[33.528s] -- Installing: /home/brairlab/ros2_ws/install/tutorial_interfaces/include/tutorial_interfaces/tutorial_interfaces/msg/detail/sphere__struct.hpp
[33.528s] -- Installing: /home/brairlab/ros2_ws/install/tutorial_interfaces/include/tutorial_interfaces/tutorial_interfaces/msg/num.hpp
[33.528s] -- Up-to-date: /home/brairlab/ros2_ws/install/tutorial_interfaces/include/tutorial_interfaces/tutorial_interfaces
[33.528s] -- Up-to-date: /home/brairlab/ros2_ws/install/tutorial_interfaces/include/tutorial_interfaces/tutorial_interfaces/srv
[33.528s] -- Up-to-date: /home/brairlab/ros2_ws/install/tutorial_interfaces/include/tutorial_interfaces/tutorial_interfaces/srv/detail
[33.529s] -- Installing: /home/brairlab/ros2_ws/install/tutorial_interfaces/include/tutorial_interfaces/tutorial_interfaces/srv/detail/dds_fastrtps
[33.529s] -- Installing: /home/brairlab/ros2_ws/install/tutorial_interfaces/include/tutorial_interfaces/tutorial_interfaces/srv/detail/add_three_ints__rosidl_typesupport_fastrtps_cpp.hpp
[33.529s] -- Up-to-date: /home/brairlab/ros2_ws/install/tutorial_interfaces/include/tutorial_interfaces/tutorial_interfaces/msg
[33.529s] -- Up-to-date: /home/brairlab/ros2_ws/install/tutorial_interfaces/include/tutorial_interfaces/tutorial_interfaces/msg/detail
[33.529s] -- Installing: /home/brairlab/ros2_ws/install/tutorial_interfaces/include/tutorial_interfaces/tutorial_interfaces/msg/detail/num__rosidl_typesupport_fastrtps_cpp.hpp
[33.529s] -- Installing: /home/brairlab/ros2_ws/install/tutorial_interfaces/include/tutorial_interfaces/tutorial_interfaces/msg/detail/dds_fastrtps
[33.529s] -- Installing: /home/brairlab/ros2_ws/install/tutorial_interfaces/include/tutorial_interfaces/tutorial_interfaces/msg/detail/sphere__rosidl_typesupport_fastrtps_cpp.hpp
[33.529s] -- Installing: /home/brairlab/ros2_ws/install/tutorial_interfaces/include/tutorial_interfaces/tutorial_interfaces/msg/rosidl_typesupport_fastrtps_cpp__visibility_control.h
[33.530s] -- Installing: /home/brairlab/ros2_ws/install/tutorial_interfaces/lib/libtutorial_interfaces__rosidl_typesupport_fastrtps_cpp.so
[33.530s] -- Set runtime path of "/home/brairlab/ros2_ws/install/tutorial_interfaces/lib/libtutorial_interfaces__rosidl_typesupport_fastrtps_cpp.so" to ""
[33.530s] -- Up-to-date: /home/brairlab/ros2_ws/install/tutorial_interfaces/include/tutorial_interfaces/tutorial_interfaces
[33.530s] -- Up-to-date: /home/brairlab/ros2_ws/install/tutorial_interfaces/include/tutorial_interfaces/tutorial_interfaces/srv
[33.530s] -- Up-to-date: /home/brairlab/ros2_ws/install/tutorial_interfaces/include/tutorial_interfaces/tutorial_interfaces/srv/detail
[33.530s] -- Installing: /home/brairlab/ros2_ws/install/tutorial_interfaces/include/tutorial_interfaces/tutorial_interfaces/srv/detail/add_three_ints__type_support.c
[33.530s] -- Installing: /home/brairlab/ros2_ws/install/tutorial_interfaces/include/tutorial_interfaces/tutorial_interfaces/srv/detail/add_three_ints__rosidl_typesupport_introspection_c.h
[33.530s] -- Up-to-date: /home/brairlab/ros2_ws/install/tutorial_interfaces/include/tutorial_interfaces/tutorial_interfaces/msg
[33.531s] -- Up-to-date: /home/brairlab/ros2_ws/install/tutorial_interfaces/include/tutorial_interfaces/tutorial_interfaces/msg/detail
[33.531s] -- Installing: /home/brairlab/ros2_ws/install/tutorial_interfaces/include/tutorial_interfaces/tutorial_interfaces/msg/detail/num__rosidl_typesupport_introspection_c.h
[33.531s] -- Installing: /home/brairlab/ros2_ws/install/tutorial_interfaces/include/tutorial_interfaces/tutorial_interfaces/msg/detail/sphere__rosidl_typesupport_introspection_c.h
[33.531s] -- Installing: /home/brairlab/ros2_ws/install/tutorial_interfaces/include/tutorial_interfaces/tutorial_interfaces/msg/detail/sphere__type_support.c
[33.531s] -- Installing: /home/brairlab/ros2_ws/install/tutorial_interfaces/include/tutorial_interfaces/tutorial_interfaces/msg/detail/num__type_support.c
[33.532s] -- Installing: /home/brairlab/ros2_ws/install/tutorial_interfaces/include/tutorial_interfaces/tutorial_interfaces/msg/rosidl_typesupport_introspection_c__visibility_control.h
[33.532s] -- Installing: /home/brairlab/ros2_ws/install/tutorial_interfaces/lib/libtutorial_interfaces__rosidl_typesupport_introspection_c.so
[33.532s] -- Set runtime path of "/home/brairlab/ros2_ws/install/tutorial_interfaces/lib/libtutorial_interfaces__rosidl_typesupport_introspection_c.so" to ""
[33.532s] -- Installing: /home/brairlab/ros2_ws/install/tutorial_interfaces/lib/libtutorial_interfaces__rosidl_typesupport_c.so
[33.532s] -- Set runtime path of "/home/brairlab/ros2_ws/install/tutorial_interfaces/lib/libtutorial_interfaces__rosidl_typesupport_c.so" to ""
[33.532s] -- Up-to-date: /home/brairlab/ros2_ws/install/tutorial_interfaces/include/tutorial_interfaces/tutorial_interfaces
[33.533s] -- Up-to-date: /home/brairlab/ros2_ws/install/tutorial_interfaces/include/tutorial_interfaces/tutorial_interfaces/srv
[33.533s] -- Up-to-date: /home/brairlab/ros2_ws/install/tutorial_interfaces/include/tutorial_interfaces/tutorial_interfaces/srv/detail
[33.533s] -- Installing: /home/brairlab/ros2_ws/install/tutorial_interfaces/include/tutorial_interfaces/tutorial_interfaces/srv/detail/add_three_ints__rosidl_typesupport_introspection_cpp.hpp
[33.533s] -- Installing: /home/brairlab/ros2_ws/install/tutorial_interfaces/include/tutorial_interfaces/tutorial_interfaces/srv/detail/add_three_ints__type_support.cpp
[33.533s] -- Up-to-date: /home/brairlab/ros2_ws/install/tutorial_interfaces/include/tutorial_interfaces/tutorial_interfaces/msg
[33.533s] -- Up-to-date: /home/brairlab/ros2_ws/install/tutorial_interfaces/include/tutorial_interfaces/tutorial_interfaces/msg/detail
[33.533s] -- Installing: /home/brairlab/ros2_ws/install/tutorial_interfaces/include/tutorial_interfaces/tutorial_interfaces/msg/detail/num__rosidl_typesupport_introspection_cpp.hpp
[33.533s] -- Installing: /home/brairlab/ros2_ws/install/tutorial_interfaces/include/tutorial_interfaces/tutorial_interfaces/msg/detail/sphere__type_support.cpp
[33.534s] -- Installing: /home/brairlab/ros2_ws/install/tutorial_interfaces/include/tutorial_interfaces/tutorial_interfaces/msg/detail/sphere__rosidl_typesupport_introspection_cpp.hpp
[33.534s] -- Installing: /home/brairlab/ros2_ws/install/tutorial_interfaces/include/tutorial_interfaces/tutorial_interfaces/msg/detail/num__type_support.cpp
[33.534s] -- Installing: /home/brairlab/ros2_ws/install/tutorial_interfaces/lib/libtutorial_interfaces__rosidl_typesupport_introspection_cpp.so
[33.534s] -- Set runtime path of "/home/brairlab/ros2_ws/install/tutorial_interfaces/lib/libtutorial_interfaces__rosidl_typesupport_introspection_cpp.so" to ""
[33.534s] -- Installing: /home/brairlab/ros2_ws/install/tutorial_interfaces/lib/libtutorial_interfaces__rosidl_typesupport_cpp.so
[33.534s] -- Set runtime path of "/home/brairlab/ros2_ws/install/tutorial_interfaces/lib/libtutorial_interfaces__rosidl_typesupport_cpp.so" to ""
[33.534s] -- Installing: /home/brairlab/ros2_ws/install/tutorial_interfaces/share/tutorial_interfaces/environment/pythonpath.sh
[33.534s] -- Installing: /home/brairlab/ros2_ws/install/tutorial_interfaces/share/tutorial_interfaces/environment/pythonpath.dsv
[33.535s] -- Installing: /home/brairlab/ros2_ws/install/tutorial_interfaces/local/lib/python3.10/dist-packages/tutorial_interfaces-0.0.0-py3.10.egg-info
[33.535s] -- Installing: /home/brairlab/ros2_ws/install/tutorial_interfaces/local/lib/python3.10/dist-packages/tutorial_interfaces-0.0.0-py3.10.egg-info/top_level.txt
[33.535s] -- Installing: /home/brairlab/ros2_ws/install/tutorial_interfaces/local/lib/python3.10/dist-packages/tutorial_interfaces-0.0.0-py3.10.egg-info/SOURCES.txt
[33.536s] -- Installing: /home/brairlab/ros2_ws/install/tutorial_interfaces/local/lib/python3.10/dist-packages/tutorial_interfaces-0.0.0-py3.10.egg-info/dependency_links.txt
[33.536s] -- Installing: /home/brairlab/ros2_ws/install/tutorial_interfaces/local/lib/python3.10/dist-packages/tutorial_interfaces-0.0.0-py3.10.egg-info/PKG-INFO
[33.536s] -- Installing: /home/brairlab/ros2_ws/install/tutorial_interfaces/local/lib/python3.10/dist-packages/tutorial_interfaces
[33.536s] -- Installing: /home/brairlab/ros2_ws/install/tutorial_interfaces/local/lib/python3.10/dist-packages/tutorial_interfaces/_tutorial_interfaces_s.ep.rosidl_typesupport_fastrtps_c.c
[33.536s] -- Installing: /home/brairlab/ros2_ws/install/tutorial_interfaces/local/lib/python3.10/dist-packages/tutorial_interfaces/srv
[33.536s] -- Installing: /home/brairlab/ros2_ws/install/tutorial_interfaces/local/lib/python3.10/dist-packages/tutorial_interfaces/srv/_add_three_ints_s.c
[33.536s] -- Installing: /home/brairlab/ros2_ws/install/tutorial_interfaces/local/lib/python3.10/dist-packages/tutorial_interfaces/srv/_add_three_ints.py
[33.536s] -- Installing: /home/brairlab/ros2_ws/install/tutorial_interfaces/local/lib/python3.10/dist-packages/tutorial_interfaces/srv/__init__.py
[33.537s] -- Installing: /home/brairlab/ros2_ws/install/tutorial_interfaces/local/lib/python3.10/dist-packages/tutorial_interfaces/tutorial_interfaces_s__rosidl_typesupport_c.cpython-310-x86_64-linux-gnu.so
[33.537s] -- Installing: /home/brairlab/ros2_ws/install/tutorial_interfaces/local/lib/python3.10/dist-packages/tutorial_interfaces/libtutorial_interfaces__rosidl_generator_py.so
[33.537s] -- Installing: /home/brairlab/ros2_ws/install/tutorial_interfaces/local/lib/python3.10/dist-packages/tutorial_interfaces/_tutorial_interfaces_s.ep.rosidl_typesupport_introspection_c.c
[33.537s] -- Installing: /home/brairlab/ros2_ws/install/tutorial_interfaces/local/lib/python3.10/dist-packages/tutorial_interfaces/_tutorial_interfaces_s.ep.rosidl_typesupport_c.c
[33.537s] -- Installing: /home/brairlab/ros2_ws/install/tutorial_interfaces/local/lib/python3.10/dist-packages/tutorial_interfaces/tutorial_interfaces_s__rosidl_typesupport_introspection_c.cpython-310-x86_64-linux-gnu.so
[33.538s] -- Installing: /home/brairlab/ros2_ws/install/tutorial_interfaces/local/lib/python3.10/dist-packages/tutorial_interfaces/tutorial_interfaces_s__rosidl_typesupport_fastrtps_c.cpython-310-x86_64-linux-gnu.so
[33.541s] -- Installing: /home/brairlab/ros2_ws/install/tutorial_interfaces/local/lib/python3.10/dist-packages/tutorial_interfaces/__init__.py
[33.541s] -- Installing: /home/brairlab/ros2_ws/install/tutorial_interfaces/local/lib/python3.10/dist-packages/tutorial_interfaces/msg
[33.541s] -- Installing: /home/brairlab/ros2_ws/install/tutorial_interfaces/local/lib/python3.10/dist-packages/tutorial_interfaces/msg/_num_s.c
[33.541s] -- Installing: /home/brairlab/ros2_ws/install/tutorial_interfaces/local/lib/python3.10/dist-packages/tutorial_interfaces/msg/_num.py
[33.541s] -- Installing: /home/brairlab/ros2_ws/install/tutorial_interfaces/local/lib/python3.10/dist-packages/tutorial_interfaces/msg/_sphere_s.c
[33.541s] -- Installing: /home/brairlab/ros2_ws/install/tutorial_interfaces/local/lib/python3.10/dist-packages/tutorial_interfaces/msg/_sphere.py
[33.541s] -- Installing: /home/brairlab/ros2_ws/install/tutorial_interfaces/local/lib/python3.10/dist-packages/tutorial_interfaces/msg/__init__.py
[33.642s] Listing '/home/brairlab/ros2_ws/install/tutorial_interfaces/local/lib/python3.10/dist-packages/tutorial_interfaces'...
[33.642s] Compiling '/home/brairlab/ros2_ws/install/tutorial_interfaces/local/lib/python3.10/dist-packages/tutorial_interfaces/__init__.py'...
[33.642s] Listing '/home/brairlab/ros2_ws/install/tutorial_interfaces/local/lib/python3.10/dist-packages/tutorial_interfaces/msg'...
[33.642s] Compiling '/home/brairlab/ros2_ws/install/tutorial_interfaces/local/lib/python3.10/dist-packages/tutorial_interfaces/msg/__init__.py'...
[33.643s] Compiling '/home/brairlab/ros2_ws/install/tutorial_interfaces/local/lib/python3.10/dist-packages/tutorial_interfaces/msg/_num.py'...
[33.643s] Compiling '/home/brairlab/ros2_ws/install/tutorial_interfaces/local/lib/python3.10/dist-packages/tutorial_interfaces/msg/_sphere.py'...
[33.643s] Listing '/home/brairlab/ros2_ws/install/tutorial_interfaces/local/lib/python3.10/dist-packages/tutorial_interfaces/srv'...
[33.643s] Compiling '/home/brairlab/ros2_ws/install/tutorial_interfaces/local/lib/python3.10/dist-packages/tutorial_interfaces/srv/__init__.py'...
[33.643s] Compiling '/home/brairlab/ros2_ws/install/tutorial_interfaces/local/lib/python3.10/dist-packages/tutorial_interfaces/srv/_add_three_ints.py'...
[33.644s] -- Installing: /home/brairlab/ros2_ws/install/tutorial_interfaces/local/lib/python3.10/dist-packages/tutorial_interfaces/tutorial_interfaces_s__rosidl_typesupport_fastrtps_c.cpython-310-x86_64-linux-gnu.so
[33.653s] -- Set runtime path of "/home/brairlab/ros2_ws/install/tutorial_interfaces/local/lib/python3.10/dist-packages/tutorial_interfaces/tutorial_interfaces_s__rosidl_typesupport_fastrtps_c.cpython-310-x86_64-linux-gnu.so" to ""
[33.653s] -- Installing: /home/brairlab/ros2_ws/install/tutorial_interfaces/local/lib/python3.10/dist-packages/tutorial_interfaces/tutorial_interfaces_s__rosidl_typesupport_introspection_c.cpython-310-x86_64-linux-gnu.so
[33.653s] -- Set runtime path of "/home/brairlab/ros2_ws/install/tutorial_interfaces/local/lib/python3.10/dist-packages/tutorial_interfaces/tutorial_interfaces_s__rosidl_typesupport_introspection_c.cpython-310-x86_64-linux-gnu.so" to ""
[33.653s] -- Installing: /home/brairlab/ros2_ws/install/tutorial_interfaces/local/lib/python3.10/dist-packages/tutorial_interfaces/tutorial_interfaces_s__rosidl_typesupport_c.cpython-310-x86_64-linux-gnu.so
[33.653s] -- Set runtime path of "/home/brairlab/ros2_ws/install/tutorial_interfaces/local/lib/python3.10/dist-packages/tutorial_interfaces/tutorial_interfaces_s__rosidl_typesupport_c.cpython-310-x86_64-linux-gnu.so" to ""
[33.653s] -- Installing: /home/brairlab/ros2_ws/install/tutorial_interfaces/lib/libtutorial_interfaces__rosidl_generator_py.so
[33.689s] -- Set runtime path of "/home/brairlab/ros2_ws/install/tutorial_interfaces/lib/libtutorial_interfaces__rosidl_generator_py.so" to ""
[33.689s] -- Installing: /home/brairlab/ros2_ws/install/tutorial_interfaces/share/tutorial_interfaces/msg/Num.idl
[33.692s] -- Installing: /home/brairlab/ros2_ws/install/tutorial_interfaces/share/tutorial_interfaces/msg/Sphere.idl
[33.693s] -- Installing: /home/brairlab/ros2_ws/install/tutorial_interfaces/share/tutorial_interfaces/srv/AddThreeInts.idl
[33.695s] -- Installing: /home/brairlab/ros2_ws/install/tutorial_interfaces/share/tutorial_interfaces/msg/Num.msg
[33.699s] -- Installing: /home/brairlab/ros2_ws/install/tutorial_interfaces/share/tutorial_interfaces/msg/Sphere.msg
[33.701s] -- Installing: /home/brairlab/ros2_ws/install/tutorial_interfaces/share/tutorial_interfaces/srv/AddThreeInts.srv
[33.701s] -- Installing: /home/brairlab/ros2_ws/install/tutorial_interfaces/share/tutorial_interfaces/srv/AddThreeInts_Request.msg
[33.706s] -- Installing: /home/brairlab/ros2_ws/install/tutorial_interfaces/share/tutorial_interfaces/srv/AddThreeInts_Response.msg
[33.706s] -- Installing: /home/brairlab/ros2_ws/install/tutorial_interfaces/share/ament_index/resource_index/package_run_dependencies/tutorial_interfaces
[33.706s] -- Installing: /home/brairlab/ros2_ws/install/tutorial_interfaces/share/ament_index/resource_index/parent_prefix_path/tutorial_interfaces
[33.717s] -- Installing: /home/brairlab/ros2_ws/install/tutorial_interfaces/share/tutorial_interfaces/environment/ament_prefix_path.sh
[33.719s] -- Installing: /home/brairlab/ros2_ws/install/tutorial_interfaces/share/tutorial_interfaces/environment/ament_prefix_path.dsv
[33.719s] -- Installing: /home/brairlab/ros2_ws/install/tutorial_interfaces/share/tutorial_interfaces/environment/path.sh
[33.719s] -- Installing: /home/brairlab/ros2_ws/install/tutorial_interfaces/share/tutorial_interfaces/environment/path.dsv
[33.719s] -- Installing: /home/brairlab/ros2_ws/install/tutorial_interfaces/share/tutorial_interfaces/local_setup.bash
[33.719s] -- Installing: /home/brairlab/ros2_ws/install/tutorial_interfaces/share/tutorial_interfaces/local_setup.sh
[33.719s] -- Installing: /home/brairlab/ros2_ws/install/tutorial_interfaces/share/tutorial_interfaces/local_setup.zsh
[33.719s] -- Installing: /home/brairlab/ros2_ws/install/tutorial_interfaces/share/tutorial_interfaces/local_setup.dsv
[33.720s] -- Installing: /home/brairlab/ros2_ws/install/tutorial_interfaces/share/tutorial_interfaces/package.dsv
[33.720s] -- Installing: /home/brairlab/ros2_ws/install/tutorial_interfaces/share/ament_index/resource_index/packages/tutorial_interfaces
[33.720s] -- Installing: /home/brairlab/ros2_ws/install/tutorial_interfaces/share/tutorial_interfaces/cmake/export_tutorial_interfaces__rosidl_generator_cExport.cmake
[33.720s] -- Installing: /home/brairlab/ros2_ws/install/tutorial_interfaces/share/tutorial_interfaces/cmake/export_tutorial_interfaces__rosidl_generator_cExport-noconfig.cmake
[33.733s] -- Installing: /home/brairlab/ros2_ws/install/tutorial_interfaces/share/tutorial_interfaces/cmake/export_tutorial_interfaces__rosidl_typesupport_fastrtps_cExport.cmake
[33.735s] -- Installing: /home/brairlab/ros2_ws/install/tutorial_interfaces/share/tutorial_interfaces/cmake/export_tutorial_interfaces__rosidl_typesupport_fastrtps_cExport-noconfig.cmake
[33.736s] -- Installing: /home/brairlab/ros2_ws/install/tutorial_interfaces/share/tutorial_interfaces/cmake/export_tutorial_interfaces__rosidl_generator_cppExport.cmake
[33.736s] -- Installing: /home/brairlab/ros2_ws/install/tutorial_interfaces/share/tutorial_interfaces/cmake/export_tutorial_interfaces__rosidl_typesupport_fastrtps_cppExport.cmake
[33.738s] -- Installing: /home/brairlab/ros2_ws/install/tutorial_interfaces/share/tutorial_interfaces/cmake/export_tutorial_interfaces__rosidl_typesupport_fastrtps_cppExport-noconfig.cmake
[33.738s] -- Installing: /home/brairlab/ros2_ws/install/tutorial_interfaces/share/tutorial_interfaces/cmake/tutorial_interfaces__rosidl_typesupport_introspection_cExport.cmake
[33.738s] -- Installing: /home/brairlab/ros2_ws/install/tutorial_interfaces/share/tutorial_interfaces/cmake/tutorial_interfaces__rosidl_typesupport_introspection_cExport-noconfig.cmake
[33.738s] -- Installing: /home/brairlab/ros2_ws/install/tutorial_interfaces/share/tutorial_interfaces/cmake/tutorial_interfaces__rosidl_typesupport_cExport.cmake
[33.738s] -- Installing: /home/brairlab/ros2_ws/install/tutorial_interfaces/share/tutorial_interfaces/cmake/tutorial_interfaces__rosidl_typesupport_cExport-noconfig.cmake
[33.738s] -- Installing: /home/brairlab/ros2_ws/install/tutorial_interfaces/share/tutorial_interfaces/cmake/tutorial_interfaces__rosidl_typesupport_introspection_cppExport.cmake
[33.739s] -- Installing: /home/brairlab/ros2_ws/install/tutorial_interfaces/share/tutorial_interfaces/cmake/tutorial_interfaces__rosidl_typesupport_introspection_cppExport-noconfig.cmake
[33.739s] -- Installing: /home/brairlab/ros2_ws/install/tutorial_interfaces/share/tutorial_interfaces/cmake/tutorial_interfaces__rosidl_typesupport_cppExport.cmake
[33.739s] -- Installing: /home/brairlab/ros2_ws/install/tutorial_interfaces/share/tutorial_interfaces/cmake/tutorial_interfaces__rosidl_typesupport_cppExport-noconfig.cmake
[33.739s] -- Installing: /home/brairlab/ros2_ws/install/tutorial_interfaces/share/tutorial_interfaces/cmake/export_tutorial_interfaces__rosidl_generator_pyExport.cmake
[33.740s] -- Installing: /home/brairlab/ros2_ws/install/tutorial_interfaces/share/tutorial_interfaces/cmake/export_tutorial_interfaces__rosidl_generator_pyExport-noconfig.cmake
[33.740s] -- Installing: /home/brairlab/ros2_ws/install/tutorial_interfaces/share/tutorial_interfaces/cmake/rosidl_cmake-extras.cmake
[33.740s] -- Installing: /home/brairlab/ros2_ws/install/tutorial_interfaces/share/tutorial_interfaces/cmake/ament_cmake_export_dependencies-extras.cmake
[33.740s] -- Installing: /home/brairlab/ros2_ws/install/tutorial_interfaces/share/tutorial_interfaces/cmake/ament_cmake_export_include_directories-extras.cmake
[33.741s] -- Installing: /home/brairlab/ros2_ws/install/tutorial_interfaces/share/tutorial_interfaces/cmake/ament_cmake_export_libraries-extras.cmake
[33.741s] -- Installing: /home/brairlab/ros2_ws/install/tutorial_interfaces/share/tutorial_interfaces/cmake/ament_cmake_export_targets-extras.cmake
[33.742s] -- Installing: /home/brairlab/ros2_ws/install/tutorial_interfaces/share/tutorial_interfaces/cmake/rosidl_cmake_export_typesupport_targets-extras.cmake
[33.742s] -- Installing: /home/brairlab/ros2_ws/install/tutorial_interfaces/share/tutorial_interfaces/cmake/rosidl_cmake_export_typesupport_libraries-extras.cmake
[33.742s] -- Installing: /home/brairlab/ros2_ws/install/tutorial_interfaces/share/tutorial_interfaces/cmake/tutorial_interfacesConfig.cmake
[33.742s] -- Installing: /home/brairlab/ros2_ws/install/tutorial_interfaces/share/tutorial_interfaces/cmake/tutorial_interfacesConfig-version.cmake
[33.742s] -- Installing: /home/brairlab/ros2_ws/install/tutorial_interfaces/share/tutorial_interfaces/package.xml
[33.754s] Invoked command in '/home/brairlab/ros2_ws/build/tutorial_interfaces' returned '0': CMAKE_PREFIX_PATH=/opt/ros/humble /usr/bin/cmake --install /home/brairlab/ros2_ws/build/tutorial_interfaces
