[0.276s] DEBUG:colcon:Command line arguments: ['/usr/bin/colcon', 'list', '-p', '--base-paths', '/home/brairlab/ros2_ws']
[0.276s] DEBUG:colcon:Parsed command line arguments: Namespace(log_base=None, log_level=None, verb_name='list', build_base='build', ignore_user_meta=False, metas=['./colcon.meta'], base_paths=['/home/brairlab/ros2_ws'], packages_ignore=None, packages_ignore_regex=None, paths=None, packages_up_to=None, packages_up_to_regex=None, packages_above=None, packages_above_and_dependencies=None, packages_above_depth=None, packages_select_by_dep=None, packages_skip_by_dep=None, packages_skip_up_to=None, packages_select_build_failed=False, packages_skip_build_finished=False, packages_select_test_failures=False, packages_skip_test_passed=False, packages_select=None, packages_skip=None, packages_select_regex=None, packages_skip_regex=None, packages_start=None, packages_end=None, allow_overriding=[], topological_order=False, names_only=False, paths_only=True, topological_graph=False, topological_graph_dot=False, topological_graph_density=False, topological_graph_legend=False, topological_graph_dot_cluster=False, topological_graph_dot_include_skipped=False, verb_parser=<colcon_defaults.argument_parser.defaults.DefaultArgumentsDecorator object at 0x7a0ea05fb520>, verb_extension=<colcon_package_information.verb.list.ListVerb object at 0x7a0ea05fa500>, main=<bound method ListVerb.main of <colcon_package_information.verb.list.ListVerb object at 0x7a0ea05fa500>>)
[1.521s] Level 1:colcon.colcon_core.package_discovery:discover_packages(colcon_meta) check parameters
[1.521s] Level 1:colcon.colcon_core.package_discovery:discover_packages(recursive) check parameters
[1.521s] Level 1:colcon.colcon_core.package_discovery:discover_packages(ignore) check parameters
[1.521s] Level 1:colcon.colcon_core.package_discovery:discover_packages(path) check parameters
[1.521s] Level 1:colcon.colcon_core.package_discovery:discover_packages(recursive) discover
[1.521s] INFO:colcon.colcon_core.package_discovery:Crawling recursively for packages in '/home/brairlab/ros2_ws'
[1.521s] Level 1:colcon.colcon_core.package_identification:_identify(/home/brairlab/ros2_ws) by extensions ['ignore', 'ignore_ament_install']
[1.521s] Level 1:colcon.colcon_core.package_identification:_identify(/home/brairlab/ros2_ws) by extension 'ignore'
[1.521s] Level 1:colcon.colcon_core.package_identification:_identify(/home/brairlab/ros2_ws) by extension 'ignore_ament_install'
[1.522s] Level 1:colcon.colcon_core.package_identification:_identify(/home/brairlab/ros2_ws) by extensions ['colcon_pkg']
[1.522s] Level 1:colcon.colcon_core.package_identification:_identify(/home/brairlab/ros2_ws) by extension 'colcon_pkg'
[1.522s] Level 1:colcon.colcon_core.package_identification:_identify(/home/brairlab/ros2_ws) by extensions ['colcon_meta']
[1.522s] Level 1:colcon.colcon_core.package_identification:_identify(/home/brairlab/ros2_ws) by extension 'colcon_meta'
[1.522s] Level 1:colcon.colcon_core.package_identification:_identify(/home/brairlab/ros2_ws) by extensions ['ros']
[1.522s] Level 1:colcon.colcon_core.package_identification:_identify(/home/brairlab/ros2_ws) by extension 'ros'
[1.783s] Level 1:colcon.colcon_core.package_identification:_identify(/home/brairlab/ros2_ws) by extensions ['cmake', 'python']
[1.783s] Level 1:colcon.colcon_core.package_identification:_identify(/home/brairlab/ros2_ws) by extension 'cmake'
[1.784s] Level 1:colcon.colcon_core.package_identification:_identify(/home/brairlab/ros2_ws) by extension 'python'
[1.801s] Level 1:colcon.colcon_core.package_identification:_identify(/home/brairlab/ros2_ws) by extensions ['python_setup_py']
[1.801s] Level 1:colcon.colcon_core.package_identification:_identify(/home/brairlab/ros2_ws) by extension 'python_setup_py'
[1.802s] Level 1:colcon.colcon_core.package_identification:_identify(/home/brairlab/ros2_ws/build) by extensions ['ignore', 'ignore_ament_install']
[1.802s] Level 1:colcon.colcon_core.package_identification:_identify(/home/brairlab/ros2_ws/build) by extension 'ignore'
[1.802s] Level 1:colcon.colcon_core.package_identification:_identify(/home/brairlab/ros2_ws/build) ignored
[1.818s] Level 1:colcon.colcon_core.package_identification:_identify(/home/brairlab/ros2_ws/install) by extensions ['ignore', 'ignore_ament_install']
[1.818s] Level 1:colcon.colcon_core.package_identification:_identify(/home/brairlab/ros2_ws/install) by extension 'ignore'
[1.818s] Level 1:colcon.colcon_core.package_identification:_identify(/home/brairlab/ros2_ws/install) ignored
[1.818s] Level 1:colcon.colcon_core.package_identification:_identify(/home/brairlab/ros2_ws/log) by extensions ['ignore', 'ignore_ament_install']
[1.819s] Level 1:colcon.colcon_core.package_identification:_identify(/home/brairlab/ros2_ws/log) by extension 'ignore'
[1.819s] Level 1:colcon.colcon_core.package_identification:_identify(/home/brairlab/ros2_ws/log) ignored
[1.819s] Level 1:colcon.colcon_core.package_identification:_identify(/home/brairlab/ros2_ws/src) by extensions ['ignore', 'ignore_ament_install']
[1.819s] Level 1:colcon.colcon_core.package_identification:_identify(/home/brairlab/ros2_ws/src) by extension 'ignore'
[1.819s] Level 1:colcon.colcon_core.package_identification:_identify(/home/brairlab/ros2_ws/src) by extension 'ignore_ament_install'
[1.819s] Level 1:colcon.colcon_core.package_identification:_identify(/home/brairlab/ros2_ws/src) by extensions ['colcon_pkg']
[1.819s] Level 1:colcon.colcon_core.package_identification:_identify(/home/brairlab/ros2_ws/src) by extension 'colcon_pkg'
[1.820s] Level 1:colcon.colcon_core.package_identification:_identify(/home/brairlab/ros2_ws/src) by extensions ['colcon_meta']
[1.820s] Level 1:colcon.colcon_core.package_identification:_identify(/home/brairlab/ros2_ws/src) by extension 'colcon_meta'
[1.820s] Level 1:colcon.colcon_core.package_identification:_identify(/home/brairlab/ros2_ws/src) by extensions ['ros']
[1.820s] Level 1:colcon.colcon_core.package_identification:_identify(/home/brairlab/ros2_ws/src) by extension 'ros'
[1.820s] Level 1:colcon.colcon_core.package_identification:_identify(/home/brairlab/ros2_ws/src) by extensions ['cmake', 'python']
[1.820s] Level 1:colcon.colcon_core.package_identification:_identify(/home/brairlab/ros2_ws/src) by extension 'cmake'
[1.820s] Level 1:colcon.colcon_core.package_identification:_identify(/home/brairlab/ros2_ws/src) by extension 'python'
[1.820s] Level 1:colcon.colcon_core.package_identification:_identify(/home/brairlab/ros2_ws/src) by extensions ['python_setup_py']
[1.820s] Level 1:colcon.colcon_core.package_identification:_identify(/home/brairlab/ros2_ws/src) by extension 'python_setup_py'
[1.856s] Level 1:colcon.colcon_core.package_identification:_identify(/home/brairlab/ros2_ws/src/my_package) by extensions ['ignore', 'ignore_ament_install']
[1.857s] Level 1:colcon.colcon_core.package_identification:_identify(/home/brairlab/ros2_ws/src/my_package) by extension 'ignore'
[1.857s] Level 1:colcon.colcon_core.package_identification:_identify(/home/brairlab/ros2_ws/src/my_package) by extension 'ignore_ament_install'
[1.857s] Level 1:colcon.colcon_core.package_identification:_identify(/home/brairlab/ros2_ws/src/my_package) by extensions ['colcon_pkg']
[1.860s] Level 1:colcon.colcon_core.package_identification:_identify(/home/brairlab/ros2_ws/src/my_package) by extension 'colcon_pkg'
[1.860s] Level 1:colcon.colcon_core.package_identification:_identify(/home/brairlab/ros2_ws/src/my_package) by extensions ['colcon_meta']
[1.860s] Level 1:colcon.colcon_core.package_identification:_identify(/home/brairlab/ros2_ws/src/my_package) by extension 'colcon_meta'
[1.860s] Level 1:colcon.colcon_core.package_identification:_identify(/home/brairlab/ros2_ws/src/my_package) by extensions ['ros']
[1.860s] Level 1:colcon.colcon_core.package_identification:_identify(/home/brairlab/ros2_ws/src/my_package) by extension 'ros'
[1.916s] DEBUG:colcon.colcon_core.package_identification:Package '/home/brairlab/ros2_ws/src/my_package' with type 'ros.ament_python' and name 'my_package'
[1.917s] Level 1:colcon.colcon_core.package_identification:_identify(/home/brairlab/ros2_ws/src/py_pubs) by extensions ['ignore', 'ignore_ament_install']
[1.926s] Level 1:colcon.colcon_core.package_identification:_identify(/home/brairlab/ros2_ws/src/py_pubs) by extension 'ignore'
[1.928s] Level 1:colcon.colcon_core.package_identification:_identify(/home/brairlab/ros2_ws/src/py_pubs) by extension 'ignore_ament_install'
[1.928s] Level 1:colcon.colcon_core.package_identification:_identify(/home/brairlab/ros2_ws/src/py_pubs) by extensions ['colcon_pkg']
[1.933s] Level 1:colcon.colcon_core.package_identification:_identify(/home/brairlab/ros2_ws/src/py_pubs) by extension 'colcon_pkg'
[1.933s] Level 1:colcon.colcon_core.package_identification:_identify(/home/brairlab/ros2_ws/src/py_pubs) by extensions ['colcon_meta']
[1.933s] Level 1:colcon.colcon_core.package_identification:_identify(/home/brairlab/ros2_ws/src/py_pubs) by extension 'colcon_meta'
[1.934s] Level 1:colcon.colcon_core.package_identification:_identify(/home/brairlab/ros2_ws/src/py_pubs) by extensions ['ros']
[1.934s] Level 1:colcon.colcon_core.package_identification:_identify(/home/brairlab/ros2_ws/src/py_pubs) by extension 'ros'
[1.957s] DEBUG:colcon.colcon_core.package_identification:Package '/home/brairlab/ros2_ws/src/py_pubs' with type 'ros.ament_python' and name 'py_pubs'
[1.965s] Level 1:colcon.colcon_core.package_discovery:discover_packages(recursive) using defaults
