[0.679s] DEBUG:colcon:Command line arguments: ['/usr/bin/colcon', 'build']
[0.680s] DEBUG:colcon:Parsed command line arguments: Namespace(log_base=None, log_level=None, verb_name='build', build_base='build', install_base='install', merge_install=False, symlink_install=False, test_result_base=None, continue_on_error=False, executor='parallel', parallel_workers=4, event_handlers=None, ignore_user_meta=False, metas=['./colcon.meta'], base_paths=['.'], packages_ignore=None, packages_ignore_regex=None, paths=None, packages_up_to=None, packages_up_to_regex=None, packages_above=None, packages_above_and_dependencies=None, packages_above_depth=None, packages_select_by_dep=None, packages_skip_by_dep=None, packages_skip_up_to=None, packages_select_build_failed=False, packages_skip_build_finished=False, packages_select_test_failures=False, packages_skip_test_passed=False, packages_select=None, packages_skip=None, packages_select_regex=None, packages_skip_regex=None, packages_start=None, packages_end=None, allow_overriding=[], cmake_args=None, cmake_target=None, cmake_target_skip_unavailable=False, cmake_clean_cache=False, cmake_clean_first=False, cmake_force_configure=False, ament_cmake_args=None, catkin_cmake_args=None, catkin_skip_building_tests=False, verb_parser=<colcon_defaults.argument_parser.defaults.DefaultArgumentsDecorator object at 0x77bc7a50e710>, verb_extension=<colcon_core.verb.build.BuildVerb object at 0x77bc7a50e140>, main=<bound method BuildVerb.main of <colcon_core.verb.build.BuildVerb object at 0x77bc7a50e140>>)
[1.783s] Level 1:colcon.colcon_core.package_discovery:discover_packages(colcon_meta) check parameters
[1.784s] Level 1:colcon.colcon_core.package_discovery:discover_packages(recursive) check parameters
[1.784s] Level 1:colcon.colcon_core.package_discovery:discover_packages(ignore) check parameters
[1.784s] Level 1:colcon.colcon_core.package_discovery:discover_packages(path) check parameters
[1.784s] Level 1:colcon.colcon_core.package_discovery:discover_packages(colcon_meta) discover
[1.785s] Level 1:colcon.colcon_core.package_discovery:discover_packages(recursive) discover
[1.785s] INFO:colcon.colcon_core.package_discovery:Crawling recursively for packages in '/home/brairlab/ros2_ws'
[1.785s] Level 1:colcon.colcon_core.package_identification:_identify(.) by extensions ['ignore', 'ignore_ament_install']
[1.786s] Level 1:colcon.colcon_core.package_identification:_identify(.) by extension 'ignore'
[1.786s] Level 1:colcon.colcon_core.package_identification:_identify(.) by extension 'ignore_ament_install'
[1.786s] Level 1:colcon.colcon_core.package_identification:_identify(.) by extensions ['colcon_pkg']
[1.789s] Level 1:colcon.colcon_core.package_identification:_identify(.) by extension 'colcon_pkg'
[1.789s] Level 1:colcon.colcon_core.package_identification:_identify(.) by extensions ['colcon_meta']
[1.789s] Level 1:colcon.colcon_core.package_identification:_identify(.) by extension 'colcon_meta'
[1.789s] Level 1:colcon.colcon_core.package_identification:_identify(.) by extensions ['ros']
[1.790s] Level 1:colcon.colcon_core.package_identification:_identify(.) by extension 'ros'
[1.816s] Level 1:colcon.colcon_core.package_identification:_identify(.) by extensions ['cmake', 'python']
[1.817s] Level 1:colcon.colcon_core.package_identification:_identify(.) by extension 'cmake'
[1.817s] Level 1:colcon.colcon_core.package_identification:_identify(.) by extension 'python'
[1.817s] Level 1:colcon.colcon_core.package_identification:_identify(.) by extensions ['python_setup_py']
[1.817s] Level 1:colcon.colcon_core.package_identification:_identify(.) by extension 'python_setup_py'
[1.817s] Level 1:colcon.colcon_core.package_identification:_identify(build) by extensions ['ignore', 'ignore_ament_install']
[1.818s] Level 1:colcon.colcon_core.package_identification:_identify(build) by extension 'ignore'
[1.818s] Level 1:colcon.colcon_core.package_identification:_identify(build) ignored
[1.818s] Level 1:colcon.colcon_core.package_identification:_identify(install) by extensions ['ignore', 'ignore_ament_install']
[1.818s] Level 1:colcon.colcon_core.package_identification:_identify(install) by extension 'ignore'
[1.818s] Level 1:colcon.colcon_core.package_identification:_identify(install) ignored
[1.818s] Level 1:colcon.colcon_core.package_identification:_identify(log) by extensions ['ignore', 'ignore_ament_install']
[1.819s] Level 1:colcon.colcon_core.package_identification:_identify(log) by extension 'ignore'
[1.819s] Level 1:colcon.colcon_core.package_identification:_identify(log) ignored
[1.819s] Level 1:colcon.colcon_core.package_identification:_identify(src) by extensions ['ignore', 'ignore_ament_install']
[1.819s] Level 1:colcon.colcon_core.package_identification:_identify(src) by extension 'ignore'
[1.819s] Level 1:colcon.colcon_core.package_identification:_identify(src) by extension 'ignore_ament_install'
[1.819s] Level 1:colcon.colcon_core.package_identification:_identify(src) by extensions ['colcon_pkg']
[1.819s] Level 1:colcon.colcon_core.package_identification:_identify(src) by extension 'colcon_pkg'
[1.819s] Level 1:colcon.colcon_core.package_identification:_identify(src) by extensions ['colcon_meta']
[1.820s] Level 1:colcon.colcon_core.package_identification:_identify(src) by extension 'colcon_meta'
[1.820s] Level 1:colcon.colcon_core.package_identification:_identify(src) by extensions ['ros']
[1.820s] Level 1:colcon.colcon_core.package_identification:_identify(src) by extension 'ros'
[1.820s] Level 1:colcon.colcon_core.package_identification:_identify(src) by extensions ['cmake', 'python']
[1.820s] Level 1:colcon.colcon_core.package_identification:_identify(src) by extension 'cmake'
[1.820s] Level 1:colcon.colcon_core.package_identification:_identify(src) by extension 'python'
[1.820s] Level 1:colcon.colcon_core.package_identification:_identify(src) by extensions ['python_setup_py']
[1.820s] Level 1:colcon.colcon_core.package_identification:_identify(src) by extension 'python_setup_py'
[1.821s] Level 1:colcon.colcon_core.package_identification:_identify(src/action_tutorials_interfaces) by extensions ['ignore', 'ignore_ament_install']
[1.821s] Level 1:colcon.colcon_core.package_identification:_identify(src/action_tutorials_interfaces) by extension 'ignore'
[1.821s] Level 1:colcon.colcon_core.package_identification:_identify(src/action_tutorials_interfaces) by extension 'ignore_ament_install'
[1.821s] Level 1:colcon.colcon_core.package_identification:_identify(src/action_tutorials_interfaces) by extensions ['colcon_pkg']
[1.821s] Level 1:colcon.colcon_core.package_identification:_identify(src/action_tutorials_interfaces) by extension 'colcon_pkg'
[1.821s] Level 1:colcon.colcon_core.package_identification:_identify(src/action_tutorials_interfaces) by extensions ['colcon_meta']
[1.821s] Level 1:colcon.colcon_core.package_identification:_identify(src/action_tutorials_interfaces) by extension 'colcon_meta'
[1.821s] Level 1:colcon.colcon_core.package_identification:_identify(src/action_tutorials_interfaces) by extensions ['ros']
[1.821s] Level 1:colcon.colcon_core.package_identification:_identify(src/action_tutorials_interfaces) by extension 'ros'
[1.829s] DEBUG:colcon.colcon_core.package_identification:Package 'src/action_tutorials_interfaces' with type 'ros.ament_cmake' and name 'action_tutorials_interfaces'
[1.830s] Level 1:colcon.colcon_core.package_identification:_identify(src/action_tutorials_py) by extensions ['ignore', 'ignore_ament_install']
[1.830s] Level 1:colcon.colcon_core.package_identification:_identify(src/action_tutorials_py) by extension 'ignore'
[1.830s] Level 1:colcon.colcon_core.package_identification:_identify(src/action_tutorials_py) by extension 'ignore_ament_install'
[1.831s] Level 1:colcon.colcon_core.package_identification:_identify(src/action_tutorials_py) by extensions ['colcon_pkg']
[1.831s] Level 1:colcon.colcon_core.package_identification:_identify(src/action_tutorials_py) by extension 'colcon_pkg'
[1.831s] Level 1:colcon.colcon_core.package_identification:_identify(src/action_tutorials_py) by extensions ['colcon_meta']
[1.831s] Level 1:colcon.colcon_core.package_identification:_identify(src/action_tutorials_py) by extension 'colcon_meta'
[1.831s] Level 1:colcon.colcon_core.package_identification:_identify(src/action_tutorials_py) by extensions ['ros']
[1.831s] Level 1:colcon.colcon_core.package_identification:_identify(src/action_tutorials_py) by extension 'ros'
[1.833s] DEBUG:colcon.colcon_core.package_identification:Package 'src/action_tutorials_py' with type 'ros.ament_python' and name 'action_tutorials_py'
[1.833s] Level 1:colcon.colcon_core.package_identification:_identify(src/build) by extensions ['ignore', 'ignore_ament_install']
[1.833s] Level 1:colcon.colcon_core.package_identification:_identify(src/build) by extension 'ignore'
[1.834s] Level 1:colcon.colcon_core.package_identification:_identify(src/build) ignored
[1.834s] Level 1:colcon.colcon_core.package_identification:_identify(src/install) by extensions ['ignore', 'ignore_ament_install']
[1.834s] Level 1:colcon.colcon_core.package_identification:_identify(src/install) by extension 'ignore'
[1.834s] Level 1:colcon.colcon_core.package_identification:_identify(src/install) ignored
[1.834s] Level 1:colcon.colcon_core.package_identification:_identify(src/log) by extensions ['ignore', 'ignore_ament_install']
[1.835s] Level 1:colcon.colcon_core.package_identification:_identify(src/log) by extension 'ignore'
[1.835s] Level 1:colcon.colcon_core.package_identification:_identify(src/log) ignored
[1.835s] Level 1:colcon.colcon_core.package_identification:_identify(src/my_package) by extensions ['ignore', 'ignore_ament_install']
[1.835s] Level 1:colcon.colcon_core.package_identification:_identify(src/my_package) by extension 'ignore'
[1.835s] Level 1:colcon.colcon_core.package_identification:_identify(src/my_package) by extension 'ignore_ament_install'
[1.835s] Level 1:colcon.colcon_core.package_identification:_identify(src/my_package) by extensions ['colcon_pkg']
[1.835s] Level 1:colcon.colcon_core.package_identification:_identify(src/my_package) by extension 'colcon_pkg'
[1.835s] Level 1:colcon.colcon_core.package_identification:_identify(src/my_package) by extensions ['colcon_meta']
[1.835s] Level 1:colcon.colcon_core.package_identification:_identify(src/my_package) by extension 'colcon_meta'
[1.835s] Level 1:colcon.colcon_core.package_identification:_identify(src/my_package) by extensions ['ros']
[1.835s] Level 1:colcon.colcon_core.package_identification:_identify(src/my_package) by extension 'ros'
[1.837s] DEBUG:colcon.colcon_core.package_identification:Package 'src/my_package' with type 'ros.ament_python' and name 'my_package'
[1.838s] Level 1:colcon.colcon_core.package_identification:_identify(src/py_pubs) by extensions ['ignore', 'ignore_ament_install']
[1.838s] Level 1:colcon.colcon_core.package_identification:_identify(src/py_pubs) by extension 'ignore'
[1.838s] Level 1:colcon.colcon_core.package_identification:_identify(src/py_pubs) by extension 'ignore_ament_install'
[1.838s] Level 1:colcon.colcon_core.package_identification:_identify(src/py_pubs) by extensions ['colcon_pkg']
[1.838s] Level 1:colcon.colcon_core.package_identification:_identify(src/py_pubs) by extension 'colcon_pkg'
[1.838s] Level 1:colcon.colcon_core.package_identification:_identify(src/py_pubs) by extensions ['colcon_meta']
[1.838s] Level 1:colcon.colcon_core.package_identification:_identify(src/py_pubs) by extension 'colcon_meta'
[1.838s] Level 1:colcon.colcon_core.package_identification:_identify(src/py_pubs) by extensions ['ros']
[1.838s] Level 1:colcon.colcon_core.package_identification:_identify(src/py_pubs) by extension 'ros'
[1.840s] DEBUG:colcon.colcon_core.package_identification:Package 'src/py_pubs' with type 'ros.ament_python' and name 'py_pubs'
[1.841s] Level 1:colcon.colcon_core.package_identification:_identify(src/py_srvcli) by extensions ['ignore', 'ignore_ament_install']
[1.841s] Level 1:colcon.colcon_core.package_identification:_identify(src/py_srvcli) by extension 'ignore'
[1.841s] Level 1:colcon.colcon_core.package_identification:_identify(src/py_srvcli) by extension 'ignore_ament_install'
[1.841s] Level 1:colcon.colcon_core.package_identification:_identify(src/py_srvcli) by extensions ['colcon_pkg']
[1.841s] Level 1:colcon.colcon_core.package_identification:_identify(src/py_srvcli) by extension 'colcon_pkg'
[1.841s] Level 1:colcon.colcon_core.package_identification:_identify(src/py_srvcli) by extensions ['colcon_meta']
[1.841s] Level 1:colcon.colcon_core.package_identification:_identify(src/py_srvcli) by extension 'colcon_meta'
[1.841s] Level 1:colcon.colcon_core.package_identification:_identify(src/py_srvcli) by extensions ['ros']
[1.841s] Level 1:colcon.colcon_core.package_identification:_identify(src/py_srvcli) by extension 'ros'
[1.843s] DEBUG:colcon.colcon_core.package_identification:Package 'src/py_srvcli' with type 'ros.ament_python' and name 'py_srvcli'
[1.843s] Level 1:colcon.colcon_core.package_identification:_identify(src/python_parameters) by extensions ['ignore', 'ignore_ament_install']
[1.844s] Level 1:colcon.colcon_core.package_identification:_identify(src/python_parameters) by extension 'ignore'
[1.844s] Level 1:colcon.colcon_core.package_identification:_identify(src/python_parameters) by extension 'ignore_ament_install'
[1.844s] Level 1:colcon.colcon_core.package_identification:_identify(src/python_parameters) by extensions ['colcon_pkg']
[1.844s] Level 1:colcon.colcon_core.package_identification:_identify(src/python_parameters) by extension 'colcon_pkg'
[1.844s] Level 1:colcon.colcon_core.package_identification:_identify(src/python_parameters) by extensions ['colcon_meta']
[1.844s] Level 1:colcon.colcon_core.package_identification:_identify(src/python_parameters) by extension 'colcon_meta'
[1.844s] Level 1:colcon.colcon_core.package_identification:_identify(src/python_parameters) by extensions ['ros']
[1.844s] Level 1:colcon.colcon_core.package_identification:_identify(src/python_parameters) by extension 'ros'
[1.846s] DEBUG:colcon.colcon_core.package_identification:Package 'src/python_parameters' with type 'ros.ament_python' and name 'python_parameters'
[1.846s] Level 1:colcon.colcon_core.package_identification:_identify(src/tutorial_interfaces) by extensions ['ignore', 'ignore_ament_install']
[1.847s] Level 1:colcon.colcon_core.package_identification:_identify(src/tutorial_interfaces) by extension 'ignore'
[1.847s] Level 1:colcon.colcon_core.package_identification:_identify(src/tutorial_interfaces) by extension 'ignore_ament_install'
[1.847s] Level 1:colcon.colcon_core.package_identification:_identify(src/tutorial_interfaces) by extensions ['colcon_pkg']
[1.847s] Level 1:colcon.colcon_core.package_identification:_identify(src/tutorial_interfaces) by extension 'colcon_pkg'
[1.847s] Level 1:colcon.colcon_core.package_identification:_identify(src/tutorial_interfaces) by extensions ['colcon_meta']
[1.847s] Level 1:colcon.colcon_core.package_identification:_identify(src/tutorial_interfaces) by extension 'colcon_meta'
[1.847s] Level 1:colcon.colcon_core.package_identification:_identify(src/tutorial_interfaces) by extensions ['ros']
[1.847s] Level 1:colcon.colcon_core.package_identification:_identify(src/tutorial_interfaces) by extension 'ros'
[1.849s] DEBUG:colcon.colcon_core.package_identification:Package 'src/tutorial_interfaces' with type 'ros.ament_cmake' and name 'tutorial_interfaces'
[1.849s] Level 1:colcon.colcon_core.package_discovery:discover_packages(recursive) using defaults
[1.849s] Level 1:colcon.colcon_core.package_discovery:discover_packages(ignore) discover
[1.849s] Level 1:colcon.colcon_core.package_discovery:discover_packages(ignore) using defaults
[1.849s] Level 1:colcon.colcon_core.package_discovery:discover_packages(path) discover
[1.849s] Level 1:colcon.colcon_core.package_discovery:discover_packages(path) using defaults
[1.924s] Level 1:colcon.colcon_core.package_discovery:discover_packages(prefix_path) check parameters
[1.924s] Level 1:colcon.colcon_core.package_discovery:discover_packages(prefix_path) discover
[1.941s] DEBUG:colcon.colcon_installed_package_information.package_discovery:Found 184 installed packages in /opt/ros/humble
[1.943s] Level 1:colcon.colcon_core.package_discovery:discover_packages(prefix_path) using defaults
[2.138s] Level 5:colcon.colcon_core.verb:set package 'action_tutorials_interfaces' build argument 'cmake_args' from command line to 'None'
[2.138s] Level 5:colcon.colcon_core.verb:set package 'action_tutorials_interfaces' build argument 'cmake_target' from command line to 'None'
[2.139s] Level 5:colcon.colcon_core.verb:set package 'action_tutorials_interfaces' build argument 'cmake_target_skip_unavailable' from command line to 'False'
[2.139s] Level 5:colcon.colcon_core.verb:set package 'action_tutorials_interfaces' build argument 'cmake_clean_cache' from command line to 'False'
[2.139s] Level 5:colcon.colcon_core.verb:set package 'action_tutorials_interfaces' build argument 'cmake_clean_first' from command line to 'False'
[2.139s] Level 5:colcon.colcon_core.verb:set package 'action_tutorials_interfaces' build argument 'cmake_force_configure' from command line to 'False'
[2.139s] Level 5:colcon.colcon_core.verb:set package 'action_tutorials_interfaces' build argument 'ament_cmake_args' from command line to 'None'
[2.139s] Level 5:colcon.colcon_core.verb:set package 'action_tutorials_interfaces' build argument 'catkin_cmake_args' from command line to 'None'
[2.139s] Level 5:colcon.colcon_core.verb:set package 'action_tutorials_interfaces' build argument 'catkin_skip_building_tests' from command line to 'False'
[2.139s] DEBUG:colcon.colcon_core.verb:Building package 'action_tutorials_interfaces' with the following arguments: {'ament_cmake_args': None, 'build_base': '/home/brairlab/ros2_ws/build/action_tutorials_interfaces', 'catkin_cmake_args': None, 'catkin_skip_building_tests': False, 'cmake_args': None, 'cmake_clean_cache': False, 'cmake_clean_first': False, 'cmake_force_configure': False, 'cmake_target': None, 'cmake_target_skip_unavailable': False, 'install_base': '/home/brairlab/ros2_ws/install/action_tutorials_interfaces', 'merge_install': False, 'path': '/home/brairlab/ros2_ws/src/action_tutorials_interfaces', 'symlink_install': False, 'test_result_base': None}
[2.140s] Level 5:colcon.colcon_core.verb:set package 'my_package' build argument 'cmake_args' from command line to 'None'
[2.141s] Level 5:colcon.colcon_core.verb:set package 'my_package' build argument 'cmake_target' from command line to 'None'
[2.142s] Level 5:colcon.colcon_core.verb:set package 'my_package' build argument 'cmake_target_skip_unavailable' from command line to 'False'
[2.142s] Level 5:colcon.colcon_core.verb:set package 'my_package' build argument 'cmake_clean_cache' from command line to 'False'
[2.142s] Level 5:colcon.colcon_core.verb:set package 'my_package' build argument 'cmake_clean_first' from command line to 'False'
[2.142s] Level 5:colcon.colcon_core.verb:set package 'my_package' build argument 'cmake_force_configure' from command line to 'False'
[2.142s] Level 5:colcon.colcon_core.verb:set package 'my_package' build argument 'ament_cmake_args' from command line to 'None'
[2.142s] Level 5:colcon.colcon_core.verb:set package 'my_package' build argument 'catkin_cmake_args' from command line to 'None'
[2.143s] Level 5:colcon.colcon_core.verb:set package 'my_package' build argument 'catkin_skip_building_tests' from command line to 'False'
[2.143s] DEBUG:colcon.colcon_core.verb:Building package 'my_package' with the following arguments: {'ament_cmake_args': None, 'build_base': '/home/brairlab/ros2_ws/build/my_package', 'catkin_cmake_args': None, 'catkin_skip_building_tests': False, 'cmake_args': None, 'cmake_clean_cache': False, 'cmake_clean_first': False, 'cmake_force_configure': False, 'cmake_target': None, 'cmake_target_skip_unavailable': False, 'install_base': '/home/brairlab/ros2_ws/install/my_package', 'merge_install': False, 'path': '/home/brairlab/ros2_ws/src/my_package', 'symlink_install': False, 'test_result_base': None}
[2.144s] Level 5:colcon.colcon_core.verb:set package 'py_pubs' build argument 'cmake_args' from command line to 'None'
[2.144s] Level 5:colcon.colcon_core.verb:set package 'py_pubs' build argument 'cmake_target' from command line to 'None'
[2.144s] Level 5:colcon.colcon_core.verb:set package 'py_pubs' build argument 'cmake_target_skip_unavailable' from command line to 'False'
[2.144s] Level 5:colcon.colcon_core.verb:set package 'py_pubs' build argument 'cmake_clean_cache' from command line to 'False'
[2.144s] Level 5:colcon.colcon_core.verb:set package 'py_pubs' build argument 'cmake_clean_first' from command line to 'False'
[2.145s] Level 5:colcon.colcon_core.verb:set package 'py_pubs' build argument 'cmake_force_configure' from command line to 'False'
[2.145s] Level 5:colcon.colcon_core.verb:set package 'py_pubs' build argument 'ament_cmake_args' from command line to 'None'
[2.145s] Level 5:colcon.colcon_core.verb:set package 'py_pubs' build argument 'catkin_cmake_args' from command line to 'None'
[2.145s] Level 5:colcon.colcon_core.verb:set package 'py_pubs' build argument 'catkin_skip_building_tests' from command line to 'False'
[2.145s] DEBUG:colcon.colcon_core.verb:Building package 'py_pubs' with the following arguments: {'ament_cmake_args': None, 'build_base': '/home/brairlab/ros2_ws/build/py_pubs', 'catkin_cmake_args': None, 'catkin_skip_building_tests': False, 'cmake_args': None, 'cmake_clean_cache': False, 'cmake_clean_first': False, 'cmake_force_configure': False, 'cmake_target': None, 'cmake_target_skip_unavailable': False, 'install_base': '/home/brairlab/ros2_ws/install/py_pubs', 'merge_install': False, 'path': '/home/brairlab/ros2_ws/src/py_pubs', 'symlink_install': False, 'test_result_base': None}
[2.145s] Level 5:colcon.colcon_core.verb:set package 'py_srvcli' build argument 'cmake_args' from command line to 'None'
[2.146s] Level 5:colcon.colcon_core.verb:set package 'py_srvcli' build argument 'cmake_target' from command line to 'None'
[2.146s] Level 5:colcon.colcon_core.verb:set package 'py_srvcli' build argument 'cmake_target_skip_unavailable' from command line to 'False'
[2.146s] Level 5:colcon.colcon_core.verb:set package 'py_srvcli' build argument 'cmake_clean_cache' from command line to 'False'
[2.146s] Level 5:colcon.colcon_core.verb:set package 'py_srvcli' build argument 'cmake_clean_first' from command line to 'False'
[2.146s] Level 5:colcon.colcon_core.verb:set package 'py_srvcli' build argument 'cmake_force_configure' from command line to 'False'
[2.146s] Level 5:colcon.colcon_core.verb:set package 'py_srvcli' build argument 'ament_cmake_args' from command line to 'None'
[2.146s] Level 5:colcon.colcon_core.verb:set package 'py_srvcli' build argument 'catkin_cmake_args' from command line to 'None'
[2.146s] Level 5:colcon.colcon_core.verb:set package 'py_srvcli' build argument 'catkin_skip_building_tests' from command line to 'False'
[2.146s] DEBUG:colcon.colcon_core.verb:Building package 'py_srvcli' with the following arguments: {'ament_cmake_args': None, 'build_base': '/home/brairlab/ros2_ws/build/py_srvcli', 'catkin_cmake_args': None, 'catkin_skip_building_tests': False, 'cmake_args': None, 'cmake_clean_cache': False, 'cmake_clean_first': False, 'cmake_force_configure': False, 'cmake_target': None, 'cmake_target_skip_unavailable': False, 'install_base': '/home/brairlab/ros2_ws/install/py_srvcli', 'merge_install': False, 'path': '/home/brairlab/ros2_ws/src/py_srvcli', 'symlink_install': False, 'test_result_base': None}
[2.146s] Level 5:colcon.colcon_core.verb:set package 'python_parameters' build argument 'cmake_args' from command line to 'None'
[2.147s] Level 5:colcon.colcon_core.verb:set package 'python_parameters' build argument 'cmake_target' from command line to 'None'
[2.147s] Level 5:colcon.colcon_core.verb:set package 'python_parameters' build argument 'cmake_target_skip_unavailable' from command line to 'False'
[2.147s] Level 5:colcon.colcon_core.verb:set package 'python_parameters' build argument 'cmake_clean_cache' from command line to 'False'
[2.147s] Level 5:colcon.colcon_core.verb:set package 'python_parameters' build argument 'cmake_clean_first' from command line to 'False'
[2.147s] Level 5:colcon.colcon_core.verb:set package 'python_parameters' build argument 'cmake_force_configure' from command line to 'False'
[2.147s] Level 5:colcon.colcon_core.verb:set package 'python_parameters' build argument 'ament_cmake_args' from command line to 'None'
[2.147s] Level 5:colcon.colcon_core.verb:set package 'python_parameters' build argument 'catkin_cmake_args' from command line to 'None'
[2.147s] Level 5:colcon.colcon_core.verb:set package 'python_parameters' build argument 'catkin_skip_building_tests' from command line to 'False'
[2.147s] DEBUG:colcon.colcon_core.verb:Building package 'python_parameters' with the following arguments: {'ament_cmake_args': None, 'build_base': '/home/brairlab/ros2_ws/build/python_parameters', 'catkin_cmake_args': None, 'catkin_skip_building_tests': False, 'cmake_args': None, 'cmake_clean_cache': False, 'cmake_clean_first': False, 'cmake_force_configure': False, 'cmake_target': None, 'cmake_target_skip_unavailable': False, 'install_base': '/home/brairlab/ros2_ws/install/python_parameters', 'merge_install': False, 'path': '/home/brairlab/ros2_ws/src/python_parameters', 'symlink_install': False, 'test_result_base': None}
[2.148s] Level 5:colcon.colcon_core.verb:set package 'tutorial_interfaces' build argument 'cmake_args' from command line to 'None'
[2.148s] Level 5:colcon.colcon_core.verb:set package 'tutorial_interfaces' build argument 'cmake_target' from command line to 'None'
[2.148s] Level 5:colcon.colcon_core.verb:set package 'tutorial_interfaces' build argument 'cmake_target_skip_unavailable' from command line to 'False'
[2.148s] Level 5:colcon.colcon_core.verb:set package 'tutorial_interfaces' build argument 'cmake_clean_cache' from command line to 'False'
[2.148s] Level 5:colcon.colcon_core.verb:set package 'tutorial_interfaces' build argument 'cmake_clean_first' from command line to 'False'
[2.148s] Level 5:colcon.colcon_core.verb:set package 'tutorial_interfaces' build argument 'cmake_force_configure' from command line to 'False'
[2.148s] Level 5:colcon.colcon_core.verb:set package 'tutorial_interfaces' build argument 'ament_cmake_args' from command line to 'None'
[2.148s] Level 5:colcon.colcon_core.verb:set package 'tutorial_interfaces' build argument 'catkin_cmake_args' from command line to 'None'
[2.148s] Level 5:colcon.colcon_core.verb:set package 'tutorial_interfaces' build argument 'catkin_skip_building_tests' from command line to 'False'
[2.148s] DEBUG:colcon.colcon_core.verb:Building package 'tutorial_interfaces' with the following arguments: {'ament_cmake_args': None, 'build_base': '/home/brairlab/ros2_ws/build/tutorial_interfaces', 'catkin_cmake_args': None, 'catkin_skip_building_tests': False, 'cmake_args': None, 'cmake_clean_cache': False, 'cmake_clean_first': False, 'cmake_force_configure': False, 'cmake_target': None, 'cmake_target_skip_unavailable': False, 'install_base': '/home/brairlab/ros2_ws/install/tutorial_interfaces', 'merge_install': False, 'path': '/home/brairlab/ros2_ws/src/tutorial_interfaces', 'symlink_install': False, 'test_result_base': None}
[2.149s] Level 5:colcon.colcon_core.verb:set package 'action_tutorials_py' build argument 'cmake_args' from command line to 'None'
[2.149s] Level 5:colcon.colcon_core.verb:set package 'action_tutorials_py' build argument 'cmake_target' from command line to 'None'
[2.149s] Level 5:colcon.colcon_core.verb:set package 'action_tutorials_py' build argument 'cmake_target_skip_unavailable' from command line to 'False'
[2.149s] Level 5:colcon.colcon_core.verb:set package 'action_tutorials_py' build argument 'cmake_clean_cache' from command line to 'False'
[2.149s] Level 5:colcon.colcon_core.verb:set package 'action_tutorials_py' build argument 'cmake_clean_first' from command line to 'False'
[2.149s] Level 5:colcon.colcon_core.verb:set package 'action_tutorials_py' build argument 'cmake_force_configure' from command line to 'False'
[2.149s] Level 5:colcon.colcon_core.verb:set package 'action_tutorials_py' build argument 'ament_cmake_args' from command line to 'None'
[2.149s] Level 5:colcon.colcon_core.verb:set package 'action_tutorials_py' build argument 'catkin_cmake_args' from command line to 'None'
[2.149s] Level 5:colcon.colcon_core.verb:set package 'action_tutorials_py' build argument 'catkin_skip_building_tests' from command line to 'False'
[2.149s] DEBUG:colcon.colcon_core.verb:Building package 'action_tutorials_py' with the following arguments: {'ament_cmake_args': None, 'build_base': '/home/brairlab/ros2_ws/build/action_tutorials_py', 'catkin_cmake_args': None, 'catkin_skip_building_tests': False, 'cmake_args': None, 'cmake_clean_cache': False, 'cmake_clean_first': False, 'cmake_force_configure': False, 'cmake_target': None, 'cmake_target_skip_unavailable': False, 'install_base': '/home/brairlab/ros2_ws/install/action_tutorials_py', 'merge_install': False, 'path': '/home/brairlab/ros2_ws/src/action_tutorials_py', 'symlink_install': False, 'test_result_base': None}
[2.149s] INFO:colcon.colcon_core.executor:Executing jobs using 'parallel' executor
[2.160s] DEBUG:colcon.colcon_parallel_executor.executor.parallel:run_until_complete
[2.160s] INFO:colcon.colcon_ros.task.ament_cmake.build:Building ROS package in '/home/brairlab/ros2_ws/src/action_tutorials_interfaces' with build type 'ament_cmake'
[2.161s] INFO:colcon.colcon_cmake.task.cmake.build:Building CMake package in '/home/brairlab/ros2_ws/src/action_tutorials_interfaces'
[2.177s] INFO:colcon.colcon_core.plugin_system:Skipping extension 'colcon_core.shell.bat': Not used on non-Windows systems
[2.180s] INFO:colcon.colcon_core.shell:Skip shell extension 'powershell' for command environment: Not usable outside of PowerShell
[2.182s] DEBUG:colcon.colcon_core.shell:Skip shell extension 'dsv' for command environment
[2.201s] INFO:colcon.colcon_ros.task.ament_python.build:Building ROS package in '/home/brairlab/ros2_ws/src/my_package' with build type 'ament_python'
[2.201s] Level 1:colcon.colcon_core.shell:create_environment_hook('my_package', 'ament_prefix_path')
[2.202s] INFO:colcon.colcon_core.shell:Creating environment hook '/home/brairlab/ros2_ws/install/my_package/share/my_package/hook/ament_prefix_path.ps1'
[2.207s] INFO:colcon.colcon_core.shell:Creating environment descriptor '/home/brairlab/ros2_ws/install/my_package/share/my_package/hook/ament_prefix_path.dsv'
[2.210s] INFO:colcon.colcon_core.shell:Creating environment hook '/home/brairlab/ros2_ws/install/my_package/share/my_package/hook/ament_prefix_path.sh'
[2.213s] INFO:colcon.colcon_core.shell:Skip shell extension 'powershell' for command environment: Not usable outside of PowerShell
[2.214s] DEBUG:colcon.colcon_core.shell:Skip shell extension 'dsv' for command environment
[2.227s] INFO:colcon.colcon_ros.task.ament_python.build:Building ROS package in '/home/brairlab/ros2_ws/src/py_pubs' with build type 'ament_python'
[2.227s] Level 1:colcon.colcon_core.shell:create_environment_hook('py_pubs', 'ament_prefix_path')
[2.228s] INFO:colcon.colcon_core.shell:Creating environment hook '/home/brairlab/ros2_ws/install/py_pubs/share/py_pubs/hook/ament_prefix_path.ps1'
[2.232s] INFO:colcon.colcon_core.shell:Creating environment descriptor '/home/brairlab/ros2_ws/install/py_pubs/share/py_pubs/hook/ament_prefix_path.dsv'
[2.234s] INFO:colcon.colcon_core.shell:Creating environment hook '/home/brairlab/ros2_ws/install/py_pubs/share/py_pubs/hook/ament_prefix_path.sh'
[2.235s] INFO:colcon.colcon_core.shell:Skip shell extension 'powershell' for command environment: Not usable outside of PowerShell
[2.236s] DEBUG:colcon.colcon_core.shell:Skip shell extension 'dsv' for command environment
[2.246s] INFO:colcon.colcon_ros.task.ament_python.build:Building ROS package in '/home/brairlab/ros2_ws/src/py_srvcli' with build type 'ament_python'
[2.247s] Level 1:colcon.colcon_core.shell:create_environment_hook('py_srvcli', 'ament_prefix_path')
[2.248s] INFO:colcon.colcon_core.shell:Creating environment hook '/home/brairlab/ros2_ws/install/py_srvcli/share/py_srvcli/hook/ament_prefix_path.ps1'
[2.249s] INFO:colcon.colcon_core.shell:Creating environment descriptor '/home/brairlab/ros2_ws/install/py_srvcli/share/py_srvcli/hook/ament_prefix_path.dsv'
[2.251s] INFO:colcon.colcon_core.shell:Creating environment hook '/home/brairlab/ros2_ws/install/py_srvcli/share/py_srvcli/hook/ament_prefix_path.sh'
[2.252s] INFO:colcon.colcon_core.shell:Skip shell extension 'powershell' for command environment: Not usable outside of PowerShell
[2.253s] DEBUG:colcon.colcon_core.shell:Skip shell extension 'dsv' for command environment
[2.433s] DEBUG:colcon.colcon_core.event_handler.log_command:Invoking command in '/home/brairlab/ros2_ws/build/action_tutorials_interfaces': CMAKE_PREFIX_PATH=/opt/ros/humble /usr/bin/cmake --build /home/brairlab/ros2_ws/build/action_tutorials_interfaces -- -j4 -l4
[2.951s] INFO:colcon.colcon_core.task.python.build:Building Python package in '/home/brairlab/ros2_ws/src/my_package'
[2.951s] INFO:colcon.colcon_core.shell:Skip shell extension 'powershell' for command environment: Not usable outside of PowerShell
[2.952s] DEBUG:colcon.colcon_core.shell:Skip shell extension 'dsv' for command environment
[4.308s] INFO:colcon.colcon_core.task.python.build:Building Python package in '/home/brairlab/ros2_ws/src/py_pubs'
[4.311s] INFO:colcon.colcon_core.shell:Skip shell extension 'powershell' for command environment: Not usable outside of PowerShell
[4.311s] DEBUG:colcon.colcon_core.shell:Skip shell extension 'dsv' for command environment
[4.758s] INFO:colcon.colcon_core.task.python.build:Building Python package in '/home/brairlab/ros2_ws/src/py_srvcli'
[4.759s] INFO:colcon.colcon_core.shell:Skip shell extension 'powershell' for command environment: Not usable outside of PowerShell
[4.759s] DEBUG:colcon.colcon_core.shell:Skip shell extension 'dsv' for command environment
[6.353s] DEBUG:colcon.colcon_core.event_handler.log_command:Invoking command in '/home/brairlab/ros2_ws/src/py_srvcli': PYTHONPATH=/home/brairlab/ros2_ws/build/py_srvcli/prefix_override:/usr/lib/python3/dist-packages/colcon_core/task/python/colcon_distutils_commands:/home/brairlab/ros2_ws/install/py_srvcli/lib/python3.10/site-packages:${PYTHONPATH} /usr/bin/python3 -W ignore:setup.py install is deprecated -W ignore:easy_install command is deprecated setup.py egg_info --egg-base ../../build/py_srvcli build --build-base /home/brairlab/ros2_ws/build/py_srvcli/build install --record /home/brairlab/ros2_ws/build/py_srvcli/install.log --single-version-externally-managed install_data
[6.427s] DEBUG:colcon.colcon_core.event_handler.log_command:Invoking command in '/home/brairlab/ros2_ws/src/my_package': PYTHONPATH=/home/brairlab/ros2_ws/build/my_package/prefix_override:/usr/lib/python3/dist-packages/colcon_core/task/python/colcon_distutils_commands:/home/brairlab/ros2_ws/install/my_package/lib/python3.10/site-packages:${PYTHONPATH} /usr/bin/python3 -W ignore:setup.py install is deprecated -W ignore:easy_install command is deprecated setup.py egg_info --egg-base ../../build/my_package build --build-base /home/brairlab/ros2_ws/build/my_package/build install --record /home/brairlab/ros2_ws/build/my_package/install.log --single-version-externally-managed install_data
[6.497s] DEBUG:colcon.colcon_core.event_handler.log_command:Invoking command in '/home/brairlab/ros2_ws/src/py_pubs': PYTHONPATH=/home/brairlab/ros2_ws/build/py_pubs/prefix_override:/usr/lib/python3/dist-packages/colcon_core/task/python/colcon_distutils_commands:/home/brairlab/ros2_ws/install/py_pubs/lib/python3.10/site-packages:${PYTHONPATH} /usr/bin/python3 -W ignore:setup.py install is deprecated -W ignore:easy_install command is deprecated setup.py egg_info --egg-base ../../build/py_pubs build --build-base /home/brairlab/ros2_ws/build/py_pubs/build install --record /home/brairlab/ros2_ws/build/py_pubs/install.log --single-version-externally-managed install_data
[14.098s] DEBUG:colcon.colcon_core.event_handler.log_command:Invoked command in '/home/brairlab/ros2_ws/build/action_tutorials_interfaces' returned '0': CMAKE_PREFIX_PATH=/opt/ros/humble /usr/bin/cmake --build /home/brairlab/ros2_ws/build/action_tutorials_interfaces -- -j4 -l4
[14.611s] DEBUG:colcon.colcon_core.event_handler.log_command:Invoking command in '/home/brairlab/ros2_ws/build/action_tutorials_interfaces': CMAKE_PREFIX_PATH=/opt/ros/humble /usr/bin/cmake --install /home/brairlab/ros2_ws/build/action_tutorials_interfaces
[14.768s] DEBUG:colcon.colcon_core.event_handler.log_command:Invoked command in '/home/brairlab/ros2_ws/src/py_srvcli' returned '0': PYTHONPATH=/home/brairlab/ros2_ws/build/py_srvcli/prefix_override:/usr/lib/python3/dist-packages/colcon_core/task/python/colcon_distutils_commands:/home/brairlab/ros2_ws/install/py_srvcli/lib/python3.10/site-packages:${PYTHONPATH} /usr/bin/python3 -W ignore:setup.py install is deprecated -W ignore:easy_install command is deprecated setup.py egg_info --egg-base ../../build/py_srvcli build --build-base /home/brairlab/ros2_ws/build/py_srvcli/build install --record /home/brairlab/ros2_ws/build/py_srvcli/install.log --single-version-externally-managed install_data
[15.573s] Level 1:colcon.colcon_core.environment:checking '/home/brairlab/ros2_ws/install/py_srvcli' for CMake module files
[15.577s] Level 1:colcon.colcon_core.environment:checking '/home/brairlab/ros2_ws/install/py_srvcli' for CMake config files
[15.605s] Level 1:colcon.colcon_core.environment:checking '/home/brairlab/ros2_ws/install/py_srvcli/lib'
[15.606s] Level 1:colcon.colcon_core.environment:checking '/home/brairlab/ros2_ws/install/py_srvcli/bin'
[15.606s] Level 1:colcon.colcon_core.environment:checking '/home/brairlab/ros2_ws/install/py_srvcli/lib/pkgconfig/py_srvcli.pc'
[15.607s] Level 1:colcon.colcon_core.environment:checking '/home/brairlab/ros2_ws/install/py_srvcli/lib/python3.10/site-packages'
[15.607s] Level 1:colcon.colcon_core.shell:create_environment_hook('py_srvcli', 'pythonpath')
[15.608s] INFO:colcon.colcon_core.shell:Creating environment hook '/home/brairlab/ros2_ws/install/py_srvcli/share/py_srvcli/hook/pythonpath.ps1'
[15.699s] INFO:colcon.colcon_core.shell:Creating environment descriptor '/home/brairlab/ros2_ws/install/py_srvcli/share/py_srvcli/hook/pythonpath.dsv'
[15.722s] INFO:colcon.colcon_core.shell:Creating environment hook '/home/brairlab/ros2_ws/install/py_srvcli/share/py_srvcli/hook/pythonpath.sh'
[15.730s] Level 1:colcon.colcon_core.environment:checking '/home/brairlab/ros2_ws/install/py_srvcli/bin'
[15.731s] Level 1:colcon.colcon_core.environment:create_environment_scripts_only(py_srvcli)
[15.749s] INFO:colcon.colcon_core.shell:Creating package script '/home/brairlab/ros2_ws/install/py_srvcli/share/py_srvcli/package.ps1'
[15.805s] INFO:colcon.colcon_core.shell:Creating package descriptor '/home/brairlab/ros2_ws/install/py_srvcli/share/py_srvcli/package.dsv'
[15.849s] INFO:colcon.colcon_core.shell:Creating package script '/home/brairlab/ros2_ws/install/py_srvcli/share/py_srvcli/package.sh'
[15.881s] INFO:colcon.colcon_core.shell:Creating package script '/home/brairlab/ros2_ws/install/py_srvcli/share/py_srvcli/package.bash'
[15.960s] INFO:colcon.colcon_core.shell:Creating package script '/home/brairlab/ros2_ws/install/py_srvcli/share/py_srvcli/package.zsh'
[16.034s] Level 1:colcon.colcon_core.environment:create_file_with_runtime_dependencies(/home/brairlab/ros2_ws/install/py_srvcli/share/colcon-core/packages/py_srvcli)
[16.205s] INFO:colcon.colcon_ros.task.ament_python.build:Building ROS package in '/home/brairlab/ros2_ws/src/python_parameters' with build type 'ament_python'
[16.237s] Level 1:colcon.colcon_core.shell:create_environment_hook('python_parameters', 'ament_prefix_path')
[16.327s] INFO:colcon.colcon_core.shell:Creating environment hook '/home/brairlab/ros2_ws/install/python_parameters/share/python_parameters/hook/ament_prefix_path.ps1'
[16.347s] INFO:colcon.colcon_core.shell:Creating environment descriptor '/home/brairlab/ros2_ws/install/python_parameters/share/python_parameters/hook/ament_prefix_path.dsv'
[16.349s] INFO:colcon.colcon_core.shell:Creating environment hook '/home/brairlab/ros2_ws/install/python_parameters/share/python_parameters/hook/ament_prefix_path.sh'
[16.393s] INFO:colcon.colcon_core.shell:Skip shell extension 'powershell' for command environment: Not usable outside of PowerShell
[16.411s] DEBUG:colcon.colcon_core.shell:Skip shell extension 'dsv' for command environment
[16.612s] Level 1:colcon.colcon_core.environment:checking '/home/brairlab/ros2_ws/install/my_package' for CMake module files
[16.624s] Level 1:colcon.colcon_core.environment:checking '/home/brairlab/ros2_ws/install/my_package' for CMake config files
[16.640s] DEBUG:colcon.colcon_core.event_handler.log_command:Invoked command in '/home/brairlab/ros2_ws/src/my_package' returned '0': PYTHONPATH=/home/brairlab/ros2_ws/build/my_package/prefix_override:/usr/lib/python3/dist-packages/colcon_core/task/python/colcon_distutils_commands:/home/brairlab/ros2_ws/install/my_package/lib/python3.10/site-packages:${PYTHONPATH} /usr/bin/python3 -W ignore:setup.py install is deprecated -W ignore:easy_install command is deprecated setup.py egg_info --egg-base ../../build/my_package build --build-base /home/brairlab/ros2_ws/build/my_package/build install --record /home/brairlab/ros2_ws/build/my_package/install.log --single-version-externally-managed install_data
[16.653s] Level 1:colcon.colcon_core.environment:checking '/home/brairlab/ros2_ws/install/my_package/lib'
[16.653s] Level 1:colcon.colcon_core.environment:checking '/home/brairlab/ros2_ws/install/my_package/bin'
[16.653s] Level 1:colcon.colcon_core.environment:checking '/home/brairlab/ros2_ws/install/my_package/lib/pkgconfig/my_package.pc'
[16.653s] Level 1:colcon.colcon_core.environment:checking '/home/brairlab/ros2_ws/install/my_package/lib/python3.10/site-packages'
[16.653s] Level 1:colcon.colcon_core.shell:create_environment_hook('my_package', 'pythonpath')
[16.654s] INFO:colcon.colcon_core.shell:Creating environment hook '/home/brairlab/ros2_ws/install/my_package/share/my_package/hook/pythonpath.ps1'
[16.658s] INFO:colcon.colcon_core.shell:Creating environment descriptor '/home/brairlab/ros2_ws/install/my_package/share/my_package/hook/pythonpath.dsv'
[16.660s] INFO:colcon.colcon_core.shell:Creating environment hook '/home/brairlab/ros2_ws/install/my_package/share/my_package/hook/pythonpath.sh'
[16.662s] Level 1:colcon.colcon_core.environment:checking '/home/brairlab/ros2_ws/install/my_package/bin'
[16.662s] Level 1:colcon.colcon_core.environment:create_environment_scripts_only(my_package)
[16.663s] INFO:colcon.colcon_core.shell:Creating package script '/home/brairlab/ros2_ws/install/my_package/share/my_package/package.ps1'
[16.666s] INFO:colcon.colcon_core.shell:Creating package descriptor '/home/brairlab/ros2_ws/install/my_package/share/my_package/package.dsv'
[16.669s] INFO:colcon.colcon_core.shell:Creating package script '/home/brairlab/ros2_ws/install/my_package/share/my_package/package.sh'
[16.671s] INFO:colcon.colcon_core.shell:Creating package script '/home/brairlab/ros2_ws/install/my_package/share/my_package/package.bash'
[16.672s] INFO:colcon.colcon_core.shell:Creating package script '/home/brairlab/ros2_ws/install/my_package/share/my_package/package.zsh'
[16.741s] Level 1:colcon.colcon_core.environment:create_file_with_runtime_dependencies(/home/brairlab/ros2_ws/install/my_package/share/colcon-core/packages/my_package)
[16.741s] Level 1:colcon.colcon_core.environment:create_environment_scripts_only(action_tutorials_interfaces)
[16.742s] Level 1:colcon.colcon_core.environment:checking '/home/brairlab/ros2_ws/install/action_tutorials_interfaces' for CMake module files
[16.742s] Level 1:colcon.colcon_core.environment:checking '/home/brairlab/ros2_ws/install/action_tutorials_interfaces' for CMake config files
[16.792s] Level 1:colcon.colcon_core.shell:create_environment_hook('action_tutorials_interfaces', 'cmake_prefix_path')
[16.793s] INFO:colcon.colcon_core.shell:Creating environment hook '/home/brairlab/ros2_ws/install/action_tutorials_interfaces/share/action_tutorials_interfaces/hook/cmake_prefix_path.ps1'
[16.797s] DEBUG:colcon.colcon_core.event_handler.log_command:Invoked command in '/home/brairlab/ros2_ws/build/action_tutorials_interfaces' returned '0': CMAKE_PREFIX_PATH=/opt/ros/humble /usr/bin/cmake --install /home/brairlab/ros2_ws/build/action_tutorials_interfaces
[16.800s] INFO:colcon.colcon_core.shell:Creating environment descriptor '/home/brairlab/ros2_ws/install/action_tutorials_interfaces/share/action_tutorials_interfaces/hook/cmake_prefix_path.dsv'
[16.805s] INFO:colcon.colcon_core.shell:Creating environment hook '/home/brairlab/ros2_ws/install/action_tutorials_interfaces/share/action_tutorials_interfaces/hook/cmake_prefix_path.sh'
[16.813s] Level 1:colcon.colcon_core.environment:checking '/home/brairlab/ros2_ws/install/action_tutorials_interfaces/lib'
[16.817s] Level 1:colcon.colcon_core.shell:create_environment_hook('action_tutorials_interfaces', 'ld_library_path_lib')
[16.817s] INFO:colcon.colcon_core.shell:Creating environment hook '/home/brairlab/ros2_ws/install/action_tutorials_interfaces/share/action_tutorials_interfaces/hook/ld_library_path_lib.ps1'
[16.820s] INFO:colcon.colcon_core.shell:Creating environment descriptor '/home/brairlab/ros2_ws/install/action_tutorials_interfaces/share/action_tutorials_interfaces/hook/ld_library_path_lib.dsv'
[16.826s] INFO:colcon.colcon_core.shell:Creating environment hook '/home/brairlab/ros2_ws/install/action_tutorials_interfaces/share/action_tutorials_interfaces/hook/ld_library_path_lib.sh'
[16.828s] Level 1:colcon.colcon_core.environment:checking '/home/brairlab/ros2_ws/install/action_tutorials_interfaces/bin'
[16.828s] Level 1:colcon.colcon_core.environment:checking '/home/brairlab/ros2_ws/install/action_tutorials_interfaces/lib/pkgconfig/action_tutorials_interfaces.pc'
[16.829s] Level 1:colcon.colcon_core.environment:checking '/home/brairlab/ros2_ws/install/action_tutorials_interfaces/lib/python3.10/site-packages'
[16.830s] Level 1:colcon.colcon_core.environment:checking '/home/brairlab/ros2_ws/install/action_tutorials_interfaces/bin'
[16.835s] INFO:colcon.colcon_core.shell:Creating package script '/home/brairlab/ros2_ws/install/action_tutorials_interfaces/share/action_tutorials_interfaces/package.ps1'
[16.837s] INFO:colcon.colcon_core.shell:Creating package descriptor '/home/brairlab/ros2_ws/install/action_tutorials_interfaces/share/action_tutorials_interfaces/package.dsv'
[16.839s] INFO:colcon.colcon_core.shell:Creating package script '/home/brairlab/ros2_ws/install/action_tutorials_interfaces/share/action_tutorials_interfaces/package.sh'
[16.841s] INFO:colcon.colcon_core.shell:Creating package script '/home/brairlab/ros2_ws/install/action_tutorials_interfaces/share/action_tutorials_interfaces/package.bash'
[16.847s] INFO:colcon.colcon_core.shell:Creating package script '/home/brairlab/ros2_ws/install/action_tutorials_interfaces/share/action_tutorials_interfaces/package.zsh'
[16.874s] Level 1:colcon.colcon_core.environment:create_file_with_runtime_dependencies(/home/brairlab/ros2_ws/install/action_tutorials_interfaces/share/colcon-core/packages/action_tutorials_interfaces)
[16.883s] Level 1:colcon.colcon_core.environment:create_environment_scripts_only(action_tutorials_interfaces)
[16.883s] Level 1:colcon.colcon_core.environment:checking '/home/brairlab/ros2_ws/install/action_tutorials_interfaces' for CMake module files
[16.885s] Level 1:colcon.colcon_core.environment:checking '/home/brairlab/ros2_ws/install/action_tutorials_interfaces' for CMake config files
[16.885s] Level 1:colcon.colcon_core.shell:create_environment_hook('action_tutorials_interfaces', 'cmake_prefix_path')
[16.888s] INFO:colcon.colcon_core.shell:Creating environment hook '/home/brairlab/ros2_ws/install/action_tutorials_interfaces/share/action_tutorials_interfaces/hook/cmake_prefix_path.ps1'
[16.890s] INFO:colcon.colcon_core.shell:Creating environment descriptor '/home/brairlab/ros2_ws/install/action_tutorials_interfaces/share/action_tutorials_interfaces/hook/cmake_prefix_path.dsv'
[16.895s] INFO:colcon.colcon_core.shell:Creating environment hook '/home/brairlab/ros2_ws/install/action_tutorials_interfaces/share/action_tutorials_interfaces/hook/cmake_prefix_path.sh'
[16.897s] Level 1:colcon.colcon_core.environment:checking '/home/brairlab/ros2_ws/install/action_tutorials_interfaces/lib'
[16.898s] Level 1:colcon.colcon_core.shell:create_environment_hook('action_tutorials_interfaces', 'ld_library_path_lib')
[16.900s] INFO:colcon.colcon_core.shell:Creating environment hook '/home/brairlab/ros2_ws/install/action_tutorials_interfaces/share/action_tutorials_interfaces/hook/ld_library_path_lib.ps1'
[16.902s] INFO:colcon.colcon_core.shell:Creating environment descriptor '/home/brairlab/ros2_ws/install/action_tutorials_interfaces/share/action_tutorials_interfaces/hook/ld_library_path_lib.dsv'
[16.903s] INFO:colcon.colcon_core.shell:Creating environment hook '/home/brairlab/ros2_ws/install/action_tutorials_interfaces/share/action_tutorials_interfaces/hook/ld_library_path_lib.sh'
[16.905s] Level 1:colcon.colcon_core.environment:checking '/home/brairlab/ros2_ws/install/action_tutorials_interfaces/bin'
[16.905s] Level 1:colcon.colcon_core.environment:checking '/home/brairlab/ros2_ws/install/action_tutorials_interfaces/lib/pkgconfig/action_tutorials_interfaces.pc'
[16.906s] Level 1:colcon.colcon_core.environment:checking '/home/brairlab/ros2_ws/install/action_tutorials_interfaces/lib/python3.10/site-packages'
[16.907s] Level 1:colcon.colcon_core.environment:checking '/home/brairlab/ros2_ws/install/action_tutorials_interfaces/bin'
[16.910s] INFO:colcon.colcon_core.shell:Creating package script '/home/brairlab/ros2_ws/install/action_tutorials_interfaces/share/action_tutorials_interfaces/package.ps1'
[16.912s] INFO:colcon.colcon_core.shell:Creating package descriptor '/home/brairlab/ros2_ws/install/action_tutorials_interfaces/share/action_tutorials_interfaces/package.dsv'
[16.932s] INFO:colcon.colcon_core.shell:Creating package script '/home/brairlab/ros2_ws/install/action_tutorials_interfaces/share/action_tutorials_interfaces/package.sh'
[16.938s] INFO:colcon.colcon_core.shell:Creating package script '/home/brairlab/ros2_ws/install/action_tutorials_interfaces/share/action_tutorials_interfaces/package.bash'
[16.941s] INFO:colcon.colcon_core.shell:Creating package script '/home/brairlab/ros2_ws/install/action_tutorials_interfaces/share/action_tutorials_interfaces/package.zsh'
[16.942s] Level 1:colcon.colcon_core.environment:create_file_with_runtime_dependencies(/home/brairlab/ros2_ws/install/action_tutorials_interfaces/share/colcon-core/packages/action_tutorials_interfaces)
[16.949s] Level 1:colcon.colcon_core.environment:checking '/home/brairlab/ros2_ws/install/py_pubs' for CMake module files
[16.970s] DEBUG:colcon.colcon_core.event_handler.log_command:Invoked command in '/home/brairlab/ros2_ws/src/py_pubs' returned '0': PYTHONPATH=/home/brairlab/ros2_ws/build/py_pubs/prefix_override:/usr/lib/python3/dist-packages/colcon_core/task/python/colcon_distutils_commands:/home/brairlab/ros2_ws/install/py_pubs/lib/python3.10/site-packages:${PYTHONPATH} /usr/bin/python3 -W ignore:setup.py install is deprecated -W ignore:easy_install command is deprecated setup.py egg_info --egg-base ../../build/py_pubs build --build-base /home/brairlab/ros2_ws/build/py_pubs/build install --record /home/brairlab/ros2_ws/build/py_pubs/install.log --single-version-externally-managed install_data
[16.971s] Level 1:colcon.colcon_core.environment:checking '/home/brairlab/ros2_ws/install/py_pubs' for CMake config files
[16.977s] Level 1:colcon.colcon_core.environment:checking '/home/brairlab/ros2_ws/install/py_pubs/lib'
[16.978s] Level 1:colcon.colcon_core.environment:checking '/home/brairlab/ros2_ws/install/py_pubs/bin'
[16.978s] Level 1:colcon.colcon_core.environment:checking '/home/brairlab/ros2_ws/install/py_pubs/lib/pkgconfig/py_pubs.pc'
[16.979s] Level 1:colcon.colcon_core.environment:checking '/home/brairlab/ros2_ws/install/py_pubs/lib/python3.10/site-packages'
[16.981s] Level 1:colcon.colcon_core.shell:create_environment_hook('py_pubs', 'pythonpath')
[16.982s] INFO:colcon.colcon_core.shell:Creating environment hook '/home/brairlab/ros2_ws/install/py_pubs/share/py_pubs/hook/pythonpath.ps1'
[17.028s] INFO:colcon.colcon_core.shell:Creating environment descriptor '/home/brairlab/ros2_ws/install/py_pubs/share/py_pubs/hook/pythonpath.dsv'
[17.031s] INFO:colcon.colcon_core.shell:Creating environment hook '/home/brairlab/ros2_ws/install/py_pubs/share/py_pubs/hook/pythonpath.sh'
[17.034s] Level 1:colcon.colcon_core.environment:checking '/home/brairlab/ros2_ws/install/py_pubs/bin'
[17.034s] Level 1:colcon.colcon_core.environment:create_environment_scripts_only(py_pubs)
[17.034s] INFO:colcon.colcon_core.shell:Creating package script '/home/brairlab/ros2_ws/install/py_pubs/share/py_pubs/package.ps1'
[17.043s] INFO:colcon.colcon_core.shell:Creating package descriptor '/home/brairlab/ros2_ws/install/py_pubs/share/py_pubs/package.dsv'
[17.051s] INFO:colcon.colcon_core.shell:Creating package script '/home/brairlab/ros2_ws/install/py_pubs/share/py_pubs/package.sh'
[17.056s] INFO:colcon.colcon_core.shell:Creating package script '/home/brairlab/ros2_ws/install/py_pubs/share/py_pubs/package.bash'
[17.062s] INFO:colcon.colcon_core.shell:Creating package script '/home/brairlab/ros2_ws/install/py_pubs/share/py_pubs/package.zsh'
[17.071s] Level 1:colcon.colcon_core.environment:create_file_with_runtime_dependencies(/home/brairlab/ros2_ws/install/py_pubs/share/colcon-core/packages/py_pubs)
[17.074s] INFO:colcon.colcon_ros.task.ament_cmake.build:Building ROS package in '/home/brairlab/ros2_ws/src/tutorial_interfaces' with build type 'ament_cmake'
[17.075s] INFO:colcon.colcon_cmake.task.cmake.build:Building CMake package in '/home/brairlab/ros2_ws/src/tutorial_interfaces'
[17.075s] INFO:colcon.colcon_core.shell:Skip shell extension 'powershell' for command environment: Not usable outside of PowerShell
[17.076s] DEBUG:colcon.colcon_core.shell:Skip shell extension 'dsv' for command environment
[17.156s] INFO:colcon.colcon_ros.task.ament_python.build:Building ROS package in '/home/brairlab/ros2_ws/src/action_tutorials_py' with build type 'ament_python'
[17.156s] Level 1:colcon.colcon_core.shell:create_environment_hook('action_tutorials_py', 'ament_prefix_path')
[17.157s] INFO:colcon.colcon_core.shell:Creating environment hook '/home/brairlab/ros2_ws/install/action_tutorials_py/share/action_tutorials_py/hook/ament_prefix_path.ps1'
[17.247s] INFO:colcon.colcon_core.shell:Creating environment descriptor '/home/brairlab/ros2_ws/install/action_tutorials_py/share/action_tutorials_py/hook/ament_prefix_path.dsv'
[17.338s] INFO:colcon.colcon_core.shell:Creating environment hook '/home/brairlab/ros2_ws/install/action_tutorials_py/share/action_tutorials_py/hook/ament_prefix_path.sh'
[17.351s] INFO:colcon.colcon_core.shell:Skip shell extension 'powershell' for command environment: Not usable outside of PowerShell
[17.351s] DEBUG:colcon.colcon_core.shell:Skip shell extension 'dsv' for command environment
[18.516s] INFO:colcon.colcon_core.task.python.build:Building Python package in '/home/brairlab/ros2_ws/src/python_parameters'
[18.517s] INFO:colcon.colcon_core.shell:Skip shell extension 'powershell' for command environment: Not usable outside of PowerShell
[18.517s] DEBUG:colcon.colcon_core.shell:Skip shell extension 'dsv' for command environment
[18.635s] DEBUG:colcon.colcon_core.event_handler.log_command:Invoking command in '/home/brairlab/ros2_ws/build/tutorial_interfaces': CMAKE_PREFIX_PATH=/opt/ros/humble /usr/bin/cmake /home/brairlab/ros2_ws/src/tutorial_interfaces -DCMAKE_INSTALL_PREFIX=/home/brairlab/ros2_ws/install/tutorial_interfaces
[19.365s] INFO:colcon.colcon_core.task.python.build:Building Python package in '/home/brairlab/ros2_ws/src/action_tutorials_py'
[19.366s] INFO:colcon.colcon_core.shell:Skip shell extension 'powershell' for command environment: Not usable outside of PowerShell
[19.366s] DEBUG:colcon.colcon_core.shell:Skip shell extension 'dsv' for command environment
[20.529s] DEBUG:colcon.colcon_core.event_handler.log_command:Invoking command in '/home/brairlab/ros2_ws/src/python_parameters': PYTHONPATH=/home/brairlab/ros2_ws/build/python_parameters/prefix_override:/usr/lib/python3/dist-packages/colcon_core/task/python/colcon_distutils_commands:/home/brairlab/ros2_ws/install/python_parameters/lib/python3.10/site-packages:${PYTHONPATH} /usr/bin/python3 -W ignore:setup.py install is deprecated -W ignore:easy_install command is deprecated setup.py egg_info --egg-base ../../build/python_parameters build --build-base /home/brairlab/ros2_ws/build/python_parameters/build install --record /home/brairlab/ros2_ws/build/python_parameters/install.log --single-version-externally-managed install_data
[20.707s] DEBUG:colcon.colcon_core.event_handler.log_command:Invoking command in '/home/brairlab/ros2_ws/src/action_tutorials_py': AMENT_PREFIX_PATH=/home/brairlab/ros2_ws/install/action_tutorials_interfaces:${AMENT_PREFIX_PATH} CMAKE_PREFIX_PATH=/home/brairlab/ros2_ws/install/action_tutorials_interfaces LD_LIBRARY_PATH=/home/brairlab/ros2_ws/install/action_tutorials_interfaces/lib:${LD_LIBRARY_PATH} PYTHONPATH=/home/brairlab/ros2_ws/build/action_tutorials_py/prefix_override:/usr/lib/python3/dist-packages/colcon_core/task/python/colcon_distutils_commands:/home/brairlab/ros2_ws/install/action_tutorials_py/lib/python3.10/site-packages:/home/brairlab/ros2_ws/install/action_tutorials_interfaces/local/lib/python3.10/dist-packages:${PYTHONPATH} /usr/bin/python3 -W ignore:setup.py install is deprecated -W ignore:easy_install command is deprecated setup.py egg_info --egg-base ../../build/action_tutorials_py build --build-base /home/brairlab/ros2_ws/build/action_tutorials_py/build install --record /home/brairlab/ros2_ws/build/action_tutorials_py/install.log --single-version-externally-managed install_data
[21.112s] Level 1:colcon.colcon_core.environment:checking '/home/brairlab/ros2_ws/install/python_parameters' for CMake module files
[21.117s] DEBUG:colcon.colcon_core.event_handler.log_command:Invoked command in '/home/brairlab/ros2_ws/src/python_parameters' returned '0': PYTHONPATH=/home/brairlab/ros2_ws/build/python_parameters/prefix_override:/usr/lib/python3/dist-packages/colcon_core/task/python/colcon_distutils_commands:/home/brairlab/ros2_ws/install/python_parameters/lib/python3.10/site-packages:${PYTHONPATH} /usr/bin/python3 -W ignore:setup.py install is deprecated -W ignore:easy_install command is deprecated setup.py egg_info --egg-base ../../build/python_parameters build --build-base /home/brairlab/ros2_ws/build/python_parameters/build install --record /home/brairlab/ros2_ws/build/python_parameters/install.log --single-version-externally-managed install_data
[21.128s] Level 1:colcon.colcon_core.environment:checking '/home/brairlab/ros2_ws/install/python_parameters' for CMake config files
[21.132s] Level 1:colcon.colcon_core.environment:checking '/home/brairlab/ros2_ws/install/python_parameters/lib'
[21.132s] Level 1:colcon.colcon_core.environment:checking '/home/brairlab/ros2_ws/install/python_parameters/bin'
[21.132s] Level 1:colcon.colcon_core.environment:checking '/home/brairlab/ros2_ws/install/python_parameters/lib/pkgconfig/python_parameters.pc'
[21.133s] Level 1:colcon.colcon_core.environment:checking '/home/brairlab/ros2_ws/install/python_parameters/lib/python3.10/site-packages'
[21.133s] Level 1:colcon.colcon_core.shell:create_environment_hook('python_parameters', 'pythonpath')
[21.133s] INFO:colcon.colcon_core.shell:Creating environment hook '/home/brairlab/ros2_ws/install/python_parameters/share/python_parameters/hook/pythonpath.ps1'
[21.134s] INFO:colcon.colcon_core.shell:Creating environment descriptor '/home/brairlab/ros2_ws/install/python_parameters/share/python_parameters/hook/pythonpath.dsv'
[21.144s] INFO:colcon.colcon_core.shell:Creating environment hook '/home/brairlab/ros2_ws/install/python_parameters/share/python_parameters/hook/pythonpath.sh'
[21.150s] Level 1:colcon.colcon_core.environment:checking '/home/brairlab/ros2_ws/install/python_parameters/bin'
[21.150s] Level 1:colcon.colcon_core.environment:create_environment_scripts_only(python_parameters)
[21.151s] INFO:colcon.colcon_core.shell:Creating package script '/home/brairlab/ros2_ws/install/python_parameters/share/python_parameters/package.ps1'
[21.152s] INFO:colcon.colcon_core.shell:Creating package descriptor '/home/brairlab/ros2_ws/install/python_parameters/share/python_parameters/package.dsv'
[21.153s] INFO:colcon.colcon_core.shell:Creating package script '/home/brairlab/ros2_ws/install/python_parameters/share/python_parameters/package.sh'
[21.154s] INFO:colcon.colcon_core.shell:Creating package script '/home/brairlab/ros2_ws/install/python_parameters/share/python_parameters/package.bash'
[21.154s] INFO:colcon.colcon_core.shell:Creating package script '/home/brairlab/ros2_ws/install/python_parameters/share/python_parameters/package.zsh'
[21.155s] Level 1:colcon.colcon_core.environment:create_file_with_runtime_dependencies(/home/brairlab/ros2_ws/install/python_parameters/share/colcon-core/packages/python_parameters)
[21.229s] Level 1:colcon.colcon_core.environment:checking '/home/brairlab/ros2_ws/install/action_tutorials_py' for CMake module files
[21.230s] DEBUG:colcon.colcon_core.event_handler.log_command:Invoked command in '/home/brairlab/ros2_ws/src/action_tutorials_py' returned '0': AMENT_PREFIX_PATH=/home/brairlab/ros2_ws/install/action_tutorials_interfaces:${AMENT_PREFIX_PATH} CMAKE_PREFIX_PATH=/home/brairlab/ros2_ws/install/action_tutorials_interfaces LD_LIBRARY_PATH=/home/brairlab/ros2_ws/install/action_tutorials_interfaces/lib:${LD_LIBRARY_PATH} PYTHONPATH=/home/brairlab/ros2_ws/build/action_tutorials_py/prefix_override:/usr/lib/python3/dist-packages/colcon_core/task/python/colcon_distutils_commands:/home/brairlab/ros2_ws/install/action_tutorials_py/lib/python3.10/site-packages:/home/brairlab/ros2_ws/install/action_tutorials_interfaces/local/lib/python3.10/dist-packages:${PYTHONPATH} /usr/bin/python3 -W ignore:setup.py install is deprecated -W ignore:easy_install command is deprecated setup.py egg_info --egg-base ../../build/action_tutorials_py build --build-base /home/brairlab/ros2_ws/build/action_tutorials_py/build install --record /home/brairlab/ros2_ws/build/action_tutorials_py/install.log --single-version-externally-managed install_data
[21.231s] Level 1:colcon.colcon_core.environment:checking '/home/brairlab/ros2_ws/install/action_tutorials_py' for CMake config files
[21.232s] Level 1:colcon.colcon_core.environment:checking '/home/brairlab/ros2_ws/install/action_tutorials_py/lib'
[21.232s] Level 1:colcon.colcon_core.environment:checking '/home/brairlab/ros2_ws/install/action_tutorials_py/bin'
[21.232s] Level 1:colcon.colcon_core.environment:checking '/home/brairlab/ros2_ws/install/action_tutorials_py/lib/pkgconfig/action_tutorials_py.pc'
[21.233s] Level 1:colcon.colcon_core.environment:checking '/home/brairlab/ros2_ws/install/action_tutorials_py/lib/python3.10/site-packages'
[21.233s] Level 1:colcon.colcon_core.shell:create_environment_hook('action_tutorials_py', 'pythonpath')
[21.239s] INFO:colcon.colcon_core.shell:Creating environment hook '/home/brairlab/ros2_ws/install/action_tutorials_py/share/action_tutorials_py/hook/pythonpath.ps1'
[21.254s] INFO:colcon.colcon_core.shell:Creating environment descriptor '/home/brairlab/ros2_ws/install/action_tutorials_py/share/action_tutorials_py/hook/pythonpath.dsv'
[21.262s] INFO:colcon.colcon_core.shell:Creating environment hook '/home/brairlab/ros2_ws/install/action_tutorials_py/share/action_tutorials_py/hook/pythonpath.sh'
[21.275s] Level 1:colcon.colcon_core.environment:checking '/home/brairlab/ros2_ws/install/action_tutorials_py/bin'
[21.275s] Level 1:colcon.colcon_core.environment:create_environment_scripts_only(action_tutorials_py)
[21.276s] INFO:colcon.colcon_core.shell:Creating package script '/home/brairlab/ros2_ws/install/action_tutorials_py/share/action_tutorials_py/package.ps1'
[21.278s] INFO:colcon.colcon_core.shell:Creating package descriptor '/home/brairlab/ros2_ws/install/action_tutorials_py/share/action_tutorials_py/package.dsv'
[21.287s] INFO:colcon.colcon_core.shell:Creating package script '/home/brairlab/ros2_ws/install/action_tutorials_py/share/action_tutorials_py/package.sh'
[21.289s] INFO:colcon.colcon_core.shell:Creating package script '/home/brairlab/ros2_ws/install/action_tutorials_py/share/action_tutorials_py/package.bash'
[21.291s] INFO:colcon.colcon_core.shell:Creating package script '/home/brairlab/ros2_ws/install/action_tutorials_py/share/action_tutorials_py/package.zsh'
[21.294s] Level 1:colcon.colcon_core.environment:create_file_with_runtime_dependencies(/home/brairlab/ros2_ws/install/action_tutorials_py/share/colcon-core/packages/action_tutorials_py)
[23.717s] DEBUG:colcon.colcon_core.event_handler.log_command:Invoked command in '/home/brairlab/ros2_ws/build/tutorial_interfaces' returned '0': CMAKE_PREFIX_PATH=/opt/ros/humble /usr/bin/cmake /home/brairlab/ros2_ws/src/tutorial_interfaces -DCMAKE_INSTALL_PREFIX=/home/brairlab/ros2_ws/install/tutorial_interfaces
[23.719s] DEBUG:colcon.colcon_core.event_handler.log_command:Invoking command in '/home/brairlab/ros2_ws/build/tutorial_interfaces': CMAKE_PREFIX_PATH=/opt/ros/humble /usr/bin/cmake --build /home/brairlab/ros2_ws/build/tutorial_interfaces -- -j4 -l4
[50.535s] DEBUG:colcon.colcon_core.event_handler.log_command:Invoked command in '/home/brairlab/ros2_ws/build/tutorial_interfaces' returned '0': CMAKE_PREFIX_PATH=/opt/ros/humble /usr/bin/cmake --build /home/brairlab/ros2_ws/build/tutorial_interfaces -- -j4 -l4
[50.549s] DEBUG:colcon.colcon_core.event_handler.log_command:Invoking command in '/home/brairlab/ros2_ws/build/tutorial_interfaces': CMAKE_PREFIX_PATH=/opt/ros/humble /usr/bin/cmake --install /home/brairlab/ros2_ws/build/tutorial_interfaces
[50.890s] Level 1:colcon.colcon_core.environment:create_environment_scripts_only(tutorial_interfaces)
[50.891s] Level 1:colcon.colcon_core.environment:checking '/home/brairlab/ros2_ws/install/tutorial_interfaces' for CMake module files
[50.894s] DEBUG:colcon.colcon_core.event_handler.log_command:Invoked command in '/home/brairlab/ros2_ws/build/tutorial_interfaces' returned '0': CMAKE_PREFIX_PATH=/opt/ros/humble /usr/bin/cmake --install /home/brairlab/ros2_ws/build/tutorial_interfaces
[50.896s] Level 1:colcon.colcon_core.environment:checking '/home/brairlab/ros2_ws/install/tutorial_interfaces' for CMake config files
[50.904s] Level 1:colcon.colcon_core.shell:create_environment_hook('tutorial_interfaces', 'cmake_prefix_path')
[50.905s] INFO:colcon.colcon_core.shell:Creating environment hook '/home/brairlab/ros2_ws/install/tutorial_interfaces/share/tutorial_interfaces/hook/cmake_prefix_path.ps1'
[50.918s] INFO:colcon.colcon_core.shell:Creating environment descriptor '/home/brairlab/ros2_ws/install/tutorial_interfaces/share/tutorial_interfaces/hook/cmake_prefix_path.dsv'
[50.927s] INFO:colcon.colcon_core.shell:Creating environment hook '/home/brairlab/ros2_ws/install/tutorial_interfaces/share/tutorial_interfaces/hook/cmake_prefix_path.sh'
[50.937s] Level 1:colcon.colcon_core.environment:checking '/home/brairlab/ros2_ws/install/tutorial_interfaces/lib'
[50.938s] Level 1:colcon.colcon_core.shell:create_environment_hook('tutorial_interfaces', 'ld_library_path_lib')
[50.938s] INFO:colcon.colcon_core.shell:Creating environment hook '/home/brairlab/ros2_ws/install/tutorial_interfaces/share/tutorial_interfaces/hook/ld_library_path_lib.ps1'
[50.940s] INFO:colcon.colcon_core.shell:Creating environment descriptor '/home/brairlab/ros2_ws/install/tutorial_interfaces/share/tutorial_interfaces/hook/ld_library_path_lib.dsv'
[50.940s] INFO:colcon.colcon_core.shell:Creating environment hook '/home/brairlab/ros2_ws/install/tutorial_interfaces/share/tutorial_interfaces/hook/ld_library_path_lib.sh'
[50.941s] Level 1:colcon.colcon_core.environment:checking '/home/brairlab/ros2_ws/install/tutorial_interfaces/bin'
[50.941s] Level 1:colcon.colcon_core.environment:checking '/home/brairlab/ros2_ws/install/tutorial_interfaces/lib/pkgconfig/tutorial_interfaces.pc'
[50.941s] Level 1:colcon.colcon_core.environment:checking '/home/brairlab/ros2_ws/install/tutorial_interfaces/lib/python3.10/site-packages'
[50.942s] Level 1:colcon.colcon_core.environment:checking '/home/brairlab/ros2_ws/install/tutorial_interfaces/bin'
[50.942s] INFO:colcon.colcon_core.shell:Creating package script '/home/brairlab/ros2_ws/install/tutorial_interfaces/share/tutorial_interfaces/package.ps1'
[50.953s] INFO:colcon.colcon_core.shell:Creating package descriptor '/home/brairlab/ros2_ws/install/tutorial_interfaces/share/tutorial_interfaces/package.dsv'
[50.958s] INFO:colcon.colcon_core.shell:Creating package script '/home/brairlab/ros2_ws/install/tutorial_interfaces/share/tutorial_interfaces/package.sh'
[50.962s] INFO:colcon.colcon_core.shell:Creating package script '/home/brairlab/ros2_ws/install/tutorial_interfaces/share/tutorial_interfaces/package.bash'
[50.969s] INFO:colcon.colcon_core.shell:Creating package script '/home/brairlab/ros2_ws/install/tutorial_interfaces/share/tutorial_interfaces/package.zsh'
[50.975s] Level 1:colcon.colcon_core.environment:create_file_with_runtime_dependencies(/home/brairlab/ros2_ws/install/tutorial_interfaces/share/colcon-core/packages/tutorial_interfaces)
[50.978s] Level 1:colcon.colcon_core.environment:create_environment_scripts_only(tutorial_interfaces)
[50.978s] Level 1:colcon.colcon_core.environment:checking '/home/brairlab/ros2_ws/install/tutorial_interfaces' for CMake module files
[50.980s] Level 1:colcon.colcon_core.environment:checking '/home/brairlab/ros2_ws/install/tutorial_interfaces' for CMake config files
[50.981s] Level 1:colcon.colcon_core.shell:create_environment_hook('tutorial_interfaces', 'cmake_prefix_path')
[50.981s] INFO:colcon.colcon_core.shell:Creating environment hook '/home/brairlab/ros2_ws/install/tutorial_interfaces/share/tutorial_interfaces/hook/cmake_prefix_path.ps1'
[50.983s] INFO:colcon.colcon_core.shell:Creating environment descriptor '/home/brairlab/ros2_ws/install/tutorial_interfaces/share/tutorial_interfaces/hook/cmake_prefix_path.dsv'
[50.986s] INFO:colcon.colcon_core.shell:Creating environment hook '/home/brairlab/ros2_ws/install/tutorial_interfaces/share/tutorial_interfaces/hook/cmake_prefix_path.sh'
[50.988s] Level 1:colcon.colcon_core.environment:checking '/home/brairlab/ros2_ws/install/tutorial_interfaces/lib'
[50.989s] Level 1:colcon.colcon_core.shell:create_environment_hook('tutorial_interfaces', 'ld_library_path_lib')
[50.990s] INFO:colcon.colcon_core.shell:Creating environment hook '/home/brairlab/ros2_ws/install/tutorial_interfaces/share/tutorial_interfaces/hook/ld_library_path_lib.ps1'
[50.991s] INFO:colcon.colcon_core.shell:Creating environment descriptor '/home/brairlab/ros2_ws/install/tutorial_interfaces/share/tutorial_interfaces/hook/ld_library_path_lib.dsv'
[50.993s] INFO:colcon.colcon_core.shell:Creating environment hook '/home/brairlab/ros2_ws/install/tutorial_interfaces/share/tutorial_interfaces/hook/ld_library_path_lib.sh'
[50.995s] Level 1:colcon.colcon_core.environment:checking '/home/brairlab/ros2_ws/install/tutorial_interfaces/bin'
[50.995s] Level 1:colcon.colcon_core.environment:checking '/home/brairlab/ros2_ws/install/tutorial_interfaces/lib/pkgconfig/tutorial_interfaces.pc'
[50.996s] Level 1:colcon.colcon_core.environment:checking '/home/brairlab/ros2_ws/install/tutorial_interfaces/lib/python3.10/site-packages'
[50.996s] Level 1:colcon.colcon_core.environment:checking '/home/brairlab/ros2_ws/install/tutorial_interfaces/bin'
[50.997s] INFO:colcon.colcon_core.shell:Creating package script '/home/brairlab/ros2_ws/install/tutorial_interfaces/share/tutorial_interfaces/package.ps1'
[50.999s] INFO:colcon.colcon_core.shell:Creating package descriptor '/home/brairlab/ros2_ws/install/tutorial_interfaces/share/tutorial_interfaces/package.dsv'
[51.000s] INFO:colcon.colcon_core.shell:Creating package script '/home/brairlab/ros2_ws/install/tutorial_interfaces/share/tutorial_interfaces/package.sh'
[51.002s] INFO:colcon.colcon_core.shell:Creating package script '/home/brairlab/ros2_ws/install/tutorial_interfaces/share/tutorial_interfaces/package.bash'
[51.003s] INFO:colcon.colcon_core.shell:Creating package script '/home/brairlab/ros2_ws/install/tutorial_interfaces/share/tutorial_interfaces/package.zsh'
[51.007s] Level 1:colcon.colcon_core.environment:create_file_with_runtime_dependencies(/home/brairlab/ros2_ws/install/tutorial_interfaces/share/colcon-core/packages/tutorial_interfaces)
[51.016s] DEBUG:colcon.colcon_parallel_executor.executor.parallel:closing loop
[51.019s] DEBUG:colcon.colcon_parallel_executor.executor.parallel:loop closed
[51.020s] DEBUG:colcon.colcon_parallel_executor.executor.parallel:run_until_complete finished with '0'
[51.021s] DEBUG:colcon.colcon_core.event_reactor:joining thread
[51.089s] INFO:colcon.colcon_core.plugin_system:Skipping extension 'colcon_notification.desktop_notification.terminal_notifier': Not used on non-Darwin systems
[51.089s] INFO:colcon.colcon_core.plugin_system:Skipping extension 'colcon_notification.desktop_notification.win32': Not used on non-Windows systems
[51.089s] INFO:colcon.colcon_notification.desktop_notification:Sending desktop notification using 'notify2'
[51.159s] DEBUG:colcon.colcon_core.event_reactor:joined thread
[51.160s] INFO:colcon.colcon_core.shell:Creating prefix script '/home/brairlab/ros2_ws/install/local_setup.ps1'
[51.177s] INFO:colcon.colcon_core.shell:Creating prefix util module '/home/brairlab/ros2_ws/install/_local_setup_util_ps1.py'
[51.188s] INFO:colcon.colcon_core.shell:Creating prefix chain script '/home/brairlab/ros2_ws/install/setup.ps1'
[51.209s] INFO:colcon.colcon_core.shell:Creating prefix script '/home/brairlab/ros2_ws/install/local_setup.sh'
[51.217s] INFO:colcon.colcon_core.shell:Creating prefix util module '/home/brairlab/ros2_ws/install/_local_setup_util_sh.py'
[51.269s] INFO:colcon.colcon_core.shell:Creating prefix chain script '/home/brairlab/ros2_ws/install/setup.sh'
[51.309s] INFO:colcon.colcon_core.shell:Creating prefix script '/home/brairlab/ros2_ws/install/local_setup.bash'
[51.314s] INFO:colcon.colcon_core.shell:Creating prefix chain script '/home/brairlab/ros2_ws/install/setup.bash'
[51.321s] INFO:colcon.colcon_core.shell:Creating prefix script '/home/brairlab/ros2_ws/install/local_setup.zsh'
[51.343s] INFO:colcon.colcon_core.shell:Creating prefix chain script '/home/brairlab/ros2_ws/install/setup.zsh'
