[0.903s] Invoking command in '/home/brairlab/ros2_ws/src/py_srvcli': PYTHONPATH=/home/brairlab/ros2_ws/build/py_srvcli/prefix_override:/usr/lib/python3/dist-packages/colcon_core/task/python/colcon_distutils_commands:/home/brairlab/ros2_ws/install/py_srvcli/lib/python3.10/site-packages:${PYTHONPATH} /usr/bin/python3 -W ignore:setup.py install is deprecated -W ignore:easy_install command is deprecated setup.py egg_info --egg-base ../../build/py_srvcli build --build-base /home/brairlab/ros2_ws/build/py_srvcli/build install --record /home/brairlab/ros2_ws/build/py_srvcli/install.log --single-version-externally-managed install_data
[1.200s] running egg_info
[1.200s] writing ../../build/py_srvcli/py_srvcli.egg-info/PKG-INFO
[1.200s] writing dependency_links to ../../build/py_srvcli/py_srvcli.egg-info/dependency_links.txt
[1.201s] writing entry points to ../../build/py_srvcli/py_srvcli.egg-info/entry_points.txt
[1.201s] writing requirements to ../../build/py_srvcli/py_srvcli.egg-info/requires.txt
[1.202s] writing top-level names to ../../build/py_srvcli/py_srvcli.egg-info/top_level.txt
[1.205s] reading manifest file '../../build/py_srvcli/py_srvcli.egg-info/SOURCES.txt'
[1.205s] adding license file 'LICENSE'
[1.206s] writing manifest file '../../build/py_srvcli/py_srvcli.egg-info/SOURCES.txt'
[1.206s] running build
[1.207s] running build_py
[1.207s] copying py_srvcli/service_member_function.py -> /home/brairlab/ros2_ws/build/py_srvcli/build/lib/py_srvcli
[1.207s] running install
[1.208s] running install_lib
[1.209s] copying /home/brairlab/ros2_ws/build/py_srvcli/build/lib/py_srvcli/service_member_function.py -> /home/brairlab/ros2_ws/install/py_srvcli/lib/python3.10/site-packages/py_srvcli
[1.211s] byte-compiling /home/brairlab/ros2_ws/install/py_srvcli/lib/python3.10/site-packages/py_srvcli/service_member_function.py to service_member_function.cpython-310.pyc
[1.211s] running install_data
[1.211s] running install_egg_info
[1.213s] removing '/home/brairlab/ros2_ws/install/py_srvcli/lib/python3.10/site-packages/py_srvcli-0.0.0-py3.10.egg-info' (and everything under it)
[1.214s] Copying ../../build/py_srvcli/py_srvcli.egg-info to /home/brairlab/ros2_ws/install/py_srvcli/lib/python3.10/site-packages/py_srvcli-0.0.0-py3.10.egg-info
[1.215s] running install_scripts
[1.249s] Installing client script to /home/brairlab/ros2_ws/install/py_srvcli/lib/py_srvcli
[1.250s] Installing service script to /home/brairlab/ros2_ws/install/py_srvcli/lib/py_srvcli
[1.252s] writing list of installed files to '/home/brairlab/ros2_ws/build/py_srvcli/install.log'
[1.299s] Invoked command in '/home/brairlab/ros2_ws/src/py_srvcli' returned '0': PYTHONPATH=/home/brairlab/ros2_ws/build/py_srvcli/prefix_override:/usr/lib/python3/dist-packages/colcon_core/task/python/colcon_distutils_commands:/home/brairlab/ros2_ws/install/py_srvcli/lib/python3.10/site-packages:${PYTHONPATH} /usr/bin/python3 -W ignore:setup.py install is deprecated -W ignore:easy_install command is deprecated setup.py egg_info --egg-base ../../build/py_srvcli build --build-base /home/brairlab/ros2_ws/build/py_srvcli/build install --record /home/brairlab/ros2_ws/build/py_srvcli/install.log --single-version-externally-managed install_data
