[1.164s] Invoking command in '/home/brairlab/ros2_ws/src/python_parameters': PYTHONPATH=/home/brairlab/ros2_ws/src/build/python_parameters/prefix_override:/usr/lib/python3/dist-packages/colcon_core/task/python/colcon_distutils_commands:/home/brairlab/ros2_ws/src/install/python_parameters/lib/python3.10/site-packages:${PYTHONPATH} /usr/bin/python3 -W ignore:setup.py install is deprecated -W ignore:easy_install command is deprecated setup.py egg_info --egg-base ../build/python_parameters build --build-base /home/brairlab/ros2_ws/src/build/python_parameters/build install --record /home/brairlab/ros2_ws/src/build/python_parameters/install.log --single-version-externally-managed install_data
[1.471s] running egg_info
[1.476s] writing ../build/python_parameters/python_parameters.egg-info/PKG-INFO
[1.477s] writing dependency_links to ../build/python_parameters/python_parameters.egg-info/dependency_links.txt
[1.482s] writing entry points to ../build/python_parameters/python_parameters.egg-info/entry_points.txt
[1.483s] writing requirements to ../build/python_parameters/python_parameters.egg-info/requires.txt
[1.483s] writing top-level names to ../build/python_parameters/python_parameters.egg-info/top_level.txt
[1.485s] reading manifest file '../build/python_parameters/python_parameters.egg-info/SOURCES.txt'
[1.485s] adding license file 'LICENSE'
[1.486s] writing manifest file '../build/python_parameters/python_parameters.egg-info/SOURCES.txt'
[1.486s] running build
[1.486s] running build_py
[1.487s] running install
[1.488s] running install_lib
[1.489s] running install_data
[1.490s] copying launch/param_launch.xml -> /home/brairlab/ros2_ws/src/install/python_parameters/share/python_parameters/launch
[1.490s] running install_egg_info
[1.492s] removing '/home/brairlab/ros2_ws/src/install/python_parameters/lib/python3.10/site-packages/python_parameters-0.0.0-py3.10.egg-info' (and everything under it)
[1.495s] Copying ../build/python_parameters/python_parameters.egg-info to /home/brairlab/ros2_ws/src/install/python_parameters/lib/python3.10/site-packages/python_parameters-0.0.0-py3.10.egg-info
[1.495s] running install_scripts
[1.528s] Installing minimal_param_node script to /home/brairlab/ros2_ws/src/install/python_parameters/lib/python_parameters
[1.530s] writing list of installed files to '/home/brairlab/ros2_ws/src/build/python_parameters/install.log'
[1.589s] Invoked command in '/home/brairlab/ros2_ws/src/python_parameters' returned '0': PYTHONPATH=/home/brairlab/ros2_ws/src/build/python_parameters/prefix_override:/usr/lib/python3/dist-packages/colcon_core/task/python/colcon_distutils_commands:/home/brairlab/ros2_ws/src/install/python_parameters/lib/python3.10/site-packages:${PYTHONPATH} /usr/bin/python3 -W ignore:setup.py install is deprecated -W ignore:easy_install command is deprecated setup.py egg_info --egg-base ../build/python_parameters build --build-base /home/brairlab/ros2_ws/src/build/python_parameters/build install --record /home/brairlab/ros2_ws/src/build/python_parameters/install.log --single-version-externally-managed install_data
