[4.194s] Invoking command in '/home/brairlab/ros2_ws/src/python_parameters': PYTHONPATH=/home/brairlab/ros2_ws/build/python_parameters/prefix_override:/usr/lib/python3/dist-packages/colcon_core/task/python/colcon_distutils_commands:/home/brairlab/ros2_ws/install/python_parameters/lib/python3.10/site-packages:${PYTHONPATH} /usr/bin/python3 -W ignore:setup.py install is deprecated -W ignore:easy_install command is deprecated setup.py egg_info --egg-base ../../build/python_parameters build --build-base /home/brairlab/ros2_ws/build/python_parameters/build install --record /home/brairlab/ros2_ws/build/python_parameters/install.log --single-version-externally-managed install_data
[4.573s] running egg_info
[4.608s] writing ../../build/python_parameters/python_parameters.egg-info/PKG-INFO
[4.632s] writing dependency_links to ../../build/python_parameters/python_parameters.egg-info/dependency_links.txt
[4.632s] writing entry points to ../../build/python_parameters/python_parameters.egg-info/entry_points.txt
[4.632s] writing requirements to ../../build/python_parameters/python_parameters.egg-info/requires.txt
[4.632s] writing top-level names to ../../build/python_parameters/python_parameters.egg-info/top_level.txt
[4.643s] reading manifest file '../../build/python_parameters/python_parameters.egg-info/SOURCES.txt'
[4.643s] adding license file 'LICENSE'
[4.645s] writing manifest file '../../build/python_parameters/python_parameters.egg-info/SOURCES.txt'
[4.645s] running build
[4.645s] running build_py
[4.646s] running install
[4.647s] running install_lib
[4.655s] running install_data
[4.658s] running install_egg_info
[4.664s] removing '/home/brairlab/ros2_ws/install/python_parameters/lib/python3.10/site-packages/python_parameters-0.0.0-py3.10.egg-info' (and everything under it)
[4.665s] Copying ../../build/python_parameters/python_parameters.egg-info to /home/brairlab/ros2_ws/install/python_parameters/lib/python3.10/site-packages/python_parameters-0.0.0-py3.10.egg-info
[4.715s] running install_scripts
[4.726s] Installing minimal_param_node script to /home/brairlab/ros2_ws/install/python_parameters/lib/python_parameters
[4.731s] writing list of installed files to '/home/brairlab/ros2_ws/build/python_parameters/install.log'
[4.782s] Invoked command in '/home/brairlab/ros2_ws/src/python_parameters' returned '0': PYTHONPATH=/home/brairlab/ros2_ws/build/python_parameters/prefix_override:/usr/lib/python3/dist-packages/colcon_core/task/python/colcon_distutils_commands:/home/brairlab/ros2_ws/install/python_parameters/lib/python3.10/site-packages:${PYTHONPATH} /usr/bin/python3 -W ignore:setup.py install is deprecated -W ignore:easy_install command is deprecated setup.py egg_info --egg-base ../../build/python_parameters build --build-base /home/brairlab/ros2_ws/build/python_parameters/build install --record /home/brairlab/ros2_ws/build/python_parameters/install.log --single-version-externally-managed install_data
