[2.131s] Invoking command in '/home/brairlab/ros2_ws/src/my_package': PYTHONPATH=/home/brairlab/ros2_ws/build/my_package/prefix_override:/usr/lib/python3/dist-packages/colcon_core/task/python/colcon_distutils_commands:/home/brairlab/ros2_ws/install/my_package/lib/python3.10/site-packages:${PYTHONPATH} /usr/bin/python3 -W ignore:setup.py install is deprecated -W ignore:easy_install command is deprecated setup.py egg_info --egg-base ../../build/my_package build --build-base /home/brairlab/ros2_ws/build/my_package/build install --record /home/brairlab/ros2_ws/build/my_package/install.log --single-version-externally-managed install_data
[2.503s] running egg_info
[2.509s] writing ../../build/my_package/my_package.egg-info/PKG-INFO
[2.509s] writing dependency_links to ../../build/my_package/my_package.egg-info/dependency_links.txt
[2.511s] writing entry points to ../../build/my_package/my_package.egg-info/entry_points.txt
[2.512s] writing requirements to ../../build/my_package/my_package.egg-info/requires.txt
[2.513s] writing top-level names to ../../build/my_package/my_package.egg-info/top_level.txt
[2.517s] reading manifest file '../../build/my_package/my_package.egg-info/SOURCES.txt'
[2.517s] adding license file 'LICENSE'
[2.517s] writing manifest file '../../build/my_package/my_package.egg-info/SOURCES.txt'
[2.517s] running build
[2.518s] running build_py
[2.518s] running install
[2.518s] running install_lib
[2.521s] running install_data
[2.521s] running install_egg_info
[2.530s] removing '/home/brairlab/ros2_ws/install/my_package/lib/python3.10/site-packages/my_package-0.0.0-py3.10.egg-info' (and everything under it)
[2.530s] Copying ../../build/my_package/my_package.egg-info to /home/brairlab/ros2_ws/install/my_package/lib/python3.10/site-packages/my_package-0.0.0-py3.10.egg-info
[2.530s] running install_scripts
[2.568s] Installing my_node script to /home/brairlab/ros2_ws/install/my_package/lib/my_package
[2.570s] writing list of installed files to '/home/brairlab/ros2_ws/build/my_package/install.log'
[2.615s] Invoked command in '/home/brairlab/ros2_ws/src/my_package' returned '0': PYTHONPATH=/home/brairlab/ros2_ws/build/my_package/prefix_override:/usr/lib/python3/dist-packages/colcon_core/task/python/colcon_distutils_commands:/home/brairlab/ros2_ws/install/my_package/lib/python3.10/site-packages:${PYTHONPATH} /usr/bin/python3 -W ignore:setup.py install is deprecated -W ignore:easy_install command is deprecated setup.py egg_info --egg-base ../../build/my_package build --build-base /home/brairlab/ros2_ws/build/my_package/build install --record /home/brairlab/ros2_ws/build/my_package/install.log --single-version-externally-managed install_data
