[7.320s] Invoking command in '/home/brairlab/ros2_ws/src/py_pubs': PYTHONPATH=/home/brairlab/ros2_ws/build/py_pubs/prefix_override:/usr/lib/python3/dist-packages/colcon_core/task/python/colcon_distutils_commands:/home/brairlab/ros2_ws/install/py_pubs/lib/python3.10/site-packages:${PYTHONPATH} /usr/bin/python3 -W ignore:setup.py install is deprecated -W ignore:easy_install command is deprecated setup.py egg_info --egg-base ../../build/py_pubs build --build-base /home/brairlab/ros2_ws/build/py_pubs/build install --record /home/brairlab/ros2_ws/build/py_pubs/install.log --single-version-externally-managed install_data
[9.616s] running egg_info
[9.616s] writing ../../build/py_pubs/py_pubs.egg-info/PKG-INFO
[9.616s] writing dependency_links to ../../build/py_pubs/py_pubs.egg-info/dependency_links.txt
[9.616s] writing entry points to ../../build/py_pubs/py_pubs.egg-info/entry_points.txt
[9.616s] writing requirements to ../../build/py_pubs/py_pubs.egg-info/requires.txt
[9.616s] writing top-level names to ../../build/py_pubs/py_pubs.egg-info/top_level.txt
[9.621s] reading manifest file '../../build/py_pubs/py_pubs.egg-info/SOURCES.txt'
[9.639s] adding license file 'LICENSE'
[9.639s] writing manifest file '../../build/py_pubs/py_pubs.egg-info/SOURCES.txt'
[9.639s] running build
[9.639s] running build_py
[9.639s] running install
[9.639s] running install_lib
[9.640s] running install_data
[9.645s] running install_egg_info
[9.648s] removing '/home/brairlab/ros2_ws/install/py_pubs/lib/python3.10/site-packages/py_pubs-0.0.0-py3.10.egg-info' (and everything under it)
[9.706s] Copying ../../build/py_pubs/py_pubs.egg-info to /home/brairlab/ros2_ws/install/py_pubs/lib/python3.10/site-packages/py_pubs-0.0.0-py3.10.egg-info
[9.795s] running install_scripts
[10.120s] Installing listener script to /home/brairlab/ros2_ws/install/py_pubs/lib/py_pubs
[10.120s] Installing talker script to /home/brairlab/ros2_ws/install/py_pubs/lib/py_pubs
[10.120s] writing list of installed files to '/home/brairlab/ros2_ws/build/py_pubs/install.log'
[11.825s] Invoked command in '/home/brairlab/ros2_ws/src/py_pubs' returned '0': PYTHONPATH=/home/brairlab/ros2_ws/build/py_pubs/prefix_override:/usr/lib/python3/dist-packages/colcon_core/task/python/colcon_distutils_commands:/home/brairlab/ros2_ws/install/py_pubs/lib/python3.10/site-packages:${PYTHONPATH} /usr/bin/python3 -W ignore:setup.py install is deprecated -W ignore:easy_install command is deprecated setup.py egg_info --egg-base ../../build/py_pubs build --build-base /home/brairlab/ros2_ws/build/py_pubs/build install --record /home/brairlab/ros2_ws/build/py_pubs/install.log --single-version-externally-managed install_data
