[0.887s] Invoking command in '/home/brairlab/ros2_ws/src/python_parameters': PYTHONPATH=/home/brairlab/ros2_ws/build/python_parameters/prefix_override:/usr/lib/python3/dist-packages/colcon_core/task/python/colcon_distutils_commands:/home/brairlab/ros2_ws/install/python_parameters/lib/python3.10/site-packages:${PYTHONPATH} /usr/bin/python3 -W ignore:setup.py install is deprecated -W ignore:easy_install command is deprecated setup.py egg_info --egg-base ../../build/python_parameters build --build-base /home/brairlab/ros2_ws/build/python_parameters/build install --record /home/brairlab/ros2_ws/build/python_parameters/install.log --single-version-externally-managed install_data
[1.154s] running egg_info
[1.154s] creating ../../build/python_parameters/python_parameters.egg-info
[1.154s] writing ../../build/python_parameters/python_parameters.egg-info/PKG-INFO
[1.154s] writing dependency_links to ../../build/python_parameters/python_parameters.egg-info/dependency_links.txt
[1.156s] writing entry points to ../../build/python_parameters/python_parameters.egg-info/entry_points.txt
[1.156s] writing requirements to ../../build/python_parameters/python_parameters.egg-info/requires.txt
[1.156s] writing top-level names to ../../build/python_parameters/python_parameters.egg-info/top_level.txt
[1.156s] writing manifest file '../../build/python_parameters/python_parameters.egg-info/SOURCES.txt'
[1.159s] reading manifest file '../../build/python_parameters/python_parameters.egg-info/SOURCES.txt'
[1.159s] adding license file 'LICENSE'
[1.159s] writing manifest file '../../build/python_parameters/python_parameters.egg-info/SOURCES.txt'
[1.159s] running build
[1.159s] running build_py
[1.159s] creating /home/brairlab/ros2_ws/build/python_parameters/build
[1.159s] creating /home/brairlab/ros2_ws/build/python_parameters/build/lib
[1.160s] creating /home/brairlab/ros2_ws/build/python_parameters/build/lib/python_parameters
[1.160s] copying python_parameters/python_parameters_node.py -> /home/brairlab/ros2_ws/build/python_parameters/build/lib/python_parameters
[1.160s] copying python_parameters/__init__.py -> /home/brairlab/ros2_ws/build/python_parameters/build/lib/python_parameters
[1.160s] running install
[1.160s] running install_lib
[1.161s] creating /home/brairlab/ros2_ws/install/python_parameters/lib/python3.10/site-packages/python_parameters
[1.161s] copying /home/brairlab/ros2_ws/build/python_parameters/build/lib/python_parameters/python_parameters_node.py -> /home/brairlab/ros2_ws/install/python_parameters/lib/python3.10/site-packages/python_parameters
[1.161s] copying /home/brairlab/ros2_ws/build/python_parameters/build/lib/python_parameters/__init__.py -> /home/brairlab/ros2_ws/install/python_parameters/lib/python3.10/site-packages/python_parameters
[1.162s] byte-compiling /home/brairlab/ros2_ws/install/python_parameters/lib/python3.10/site-packages/python_parameters/python_parameters_node.py to python_parameters_node.cpython-310.pyc
[1.162s] byte-compiling /home/brairlab/ros2_ws/install/python_parameters/lib/python3.10/site-packages/python_parameters/__init__.py to __init__.cpython-310.pyc
[1.163s] running install_data
[1.163s] creating /home/brairlab/ros2_ws/install/python_parameters/share/ament_index
[1.163s] creating /home/brairlab/ros2_ws/install/python_parameters/share/ament_index/resource_index
[1.163s] creating /home/brairlab/ros2_ws/install/python_parameters/share/ament_index/resource_index/packages
[1.163s] copying resource/python_parameters -> /home/brairlab/ros2_ws/install/python_parameters/share/ament_index/resource_index/packages
[1.164s] copying package.xml -> /home/brairlab/ros2_ws/install/python_parameters/share/python_parameters
[1.164s] running install_egg_info
[1.167s] Copying ../../build/python_parameters/python_parameters.egg-info to /home/brairlab/ros2_ws/install/python_parameters/lib/python3.10/site-packages/python_parameters-0.0.0-py3.10.egg-info
[1.189s] running install_scripts
[1.217s] Installing minimal_param_node script to /home/brairlab/ros2_ws/install/python_parameters/lib/python_parameters
[1.218s] writing list of installed files to '/home/brairlab/ros2_ws/build/python_parameters/install.log'
[1.251s] Invoked command in '/home/brairlab/ros2_ws/src/python_parameters' returned '0': PYTHONPATH=/home/brairlab/ros2_ws/build/python_parameters/prefix_override:/usr/lib/python3/dist-packages/colcon_core/task/python/colcon_distutils_commands:/home/brairlab/ros2_ws/install/python_parameters/lib/python3.10/site-packages:${PYTHONPATH} /usr/bin/python3 -W ignore:setup.py install is deprecated -W ignore:easy_install command is deprecated setup.py egg_info --egg-base ../../build/python_parameters build --build-base /home/brairlab/ros2_ws/build/python_parameters/build install --record /home/brairlab/ros2_ws/build/python_parameters/install.log --single-version-externally-managed install_data
