[0.020s] Invoking command in '/home/brairlab/ros2_ws/build/tutorial_interfaces': CMAKE_PREFIX_PATH=/opt/ros/humble /usr/bin/cmake /home/brairlab/ros2_ws/src/tutorial_interfaces -DCMAKE_INSTALL_PREFIX=/home/brairlab/ros2_ws/install/tutorial_interfaces
[0.037s] -- Found ament_cmake: 1.3.10 (/opt/ros/humble/share/ament_cmake/cmake)
[0.235s] -- Found geometry_msgs: 4.2.4 (/opt/ros/humble/share/geometry_msgs/cmake)
[0.266s] -- Found rosidl_generator_c: 3.1.5 (/opt/ros/humble/share/rosidl_generator_c/cmake)
[0.273s] -- Found rosidl_adapter: 3.1.5 (/opt/ros/humble/share/rosidl_adapter/cmake)
[0.280s] -- Found rosidl_generator_cpp: 3.1.5 (/opt/ros/humble/share/rosidl_generator_cpp/cmake)
[0.292s] -- Using all available rosidl_typesupport_c: rosidl_typesupport_fastrtps_c;rosidl_typesupport_introspection_c
[0.312s] -- Using all available rosidl_typesupport_cpp: rosidl_typesupport_fastrtps_cpp;rosidl_typesupport_introspection_cpp
[0.379s] -- Found rosidl_default_generators: 1.2.0 (/opt/ros/humble/share/rosidl_default_generators/cmake)
[0.621s] -- Configuring incomplete, errors occurred!
[0.626s] See also "/home/brairlab/ros2_ws/build/tutorial_interfaces/CMakeFiles/CMakeOutput.log".
[0.627s] [31mCMake Error at /opt/ros/humble/share/rosidl_adapter/cmake/rosidl_adapt_interfaces.cmake:59 (message):
[0.627s]   execute_process(/usr/bin/python3 -m rosidl_adapter --package-name
[0.627s]   tutorial_interfaces --arguments-file
[0.627s]   /home/brairlab/ros2_ws/build/tutorial_interfaces/rosidl_adapter__arguments__tutorial_interfaces.json
[0.627s]   --output-dir
[0.627s]   /home/brairlab/ros2_ws/build/tutorial_interfaces/rosidl_adapter/tutorial_interfaces
[0.627s]   --output-file
[0.627s]   /home/brairlab/ros2_ws/build/tutorial_interfaces/rosidl_adapter/tutorial_interfaces.idls)
[0.627s]   returned error code 1:
[0.627s] 
[0.627s]   Error processing 'geometry_msgs/point center' of
[0.627s]   'tutorial_interfaces/Sphere': ''point' is an invalid message name.  It
[0.627s]   should have the pattern '^[A-Z][A-Za-z0-9]*$''
[0.627s] 
[0.627s]   Traceback (most recent call last):
[0.627s] 
[0.627s]     File "/usr/lib/python3.10/runpy.py", line 196, in _run_module_as_main
[0.627s]       return _run_code(code, main_globals, None,
[0.627s]     File "/usr/lib/python3.10/runpy.py", line 86, in _run_code
[0.627s]       exec(code, run_globals)
[0.628s]     File "/opt/ros/humble/local/lib/python3.10/dist-packages/rosidl_adapter/__main__.py", line 19, in <module>
[0.628s]       sys.exit(main())
[0.628s]     File "/opt/ros/humble/local/lib/python3.10/dist-packages/rosidl_adapter/main.py", line 53, in main
[0.628s]       abs_idl_file = convert_to_idl(
[0.628s]     File "/opt/ros/humble/local/lib/python3.10/dist-packages/rosidl_adapter/__init__.py", line 19, in convert_to_idl
[0.628s]       return convert_msg_to_idl(
[0.628s]     File "/opt/ros/humble/local/lib/python3.10/dist-packages/rosidl_adapter/msg/__init__.py", line 28, in convert_msg_to_idl
[0.628s]       msg = parse_message_string(package_name, input_file.stem, content)
[0.628s]     File "/opt/ros/humble/local/lib/python3.10/dist-packages/rosidl_adapter/parser.py", line 520, in parse_message_string
[0.628s]       Type(type_string, context_package_name=pkg_name),
[0.628s]     File "/opt/ros/humble/local/lib/python3.10/dist-packages/rosidl_adapter/parser.py", line 277, in __init__
[0.628s]       super(Type, self).__init__(
[0.628s]     File "/opt/ros/humble/local/lib/python3.10/dist-packages/rosidl_adapter/parser.py", line 205, in __init__
[0.628s]       raise InvalidResourceName(
[0.628s] 
[0.628s]   rosidl_adapter.parser.InvalidResourceName: 'point' is an invalid message
[0.628s]   name.  It should have the pattern '^[A-Z][A-Za-z0-9]*$'
[0.628s] 
[0.628s] Call Stack (most recent call first):
[0.628s]   /opt/ros/humble/share/rosidl_cmake/cmake/rosidl_generate_interfaces.cmake:130 (rosidl_adapt_interfaces)
[0.628s]   CMakeLists.txt:16 (rosidl_generate_interfaces)
[0.628s] 
[0.629s] [0m
[0.634s] Invoked command in '/home/brairlab/ros2_ws/build/tutorial_interfaces' returned '1': CMAKE_PREFIX_PATH=/opt/ros/humble /usr/bin/cmake /home/brairlab/ros2_ws/src/tutorial_interfaces -DCMAKE_INSTALL_PREFIX=/home/brairlab/ros2_ws/install/tutorial_interfaces
