[4.107s] Invoking command in '/home/brairlab/ros2_ws/src/py_srvcli': PYTHONPATH=/home/brairlab/ros2_ws/build/py_srvcli/prefix_override:/usr/lib/python3/dist-packages/colcon_core/task/python/colcon_distutils_commands:/home/brairlab/ros2_ws/install/py_srvcli/lib/python3.10/site-packages:${PYTHONPATH} /usr/bin/python3 -W ignore:setup.py install is deprecated -W ignore:easy_install command is deprecated setup.py egg_info --egg-base ../../build/py_srvcli build --build-base /home/brairlab/ros2_ws/build/py_srvcli/build install --record /home/brairlab/ros2_ws/build/py_srvcli/install.log --single-version-externally-managed install_data
[11.019s] running egg_info
[11.044s] writing ../../build/py_srvcli/py_srvcli.egg-info/PKG-INFO
[11.044s] writing dependency_links to ../../build/py_srvcli/py_srvcli.egg-info/dependency_links.txt
[11.044s] writing entry points to ../../build/py_srvcli/py_srvcli.egg-info/entry_points.txt
[11.044s] writing requirements to ../../build/py_srvcli/py_srvcli.egg-info/requires.txt
[11.045s] writing top-level names to ../../build/py_srvcli/py_srvcli.egg-info/top_level.txt
[11.045s] reading manifest file '../../build/py_srvcli/py_srvcli.egg-info/SOURCES.txt'
[11.045s] adding license file 'LICENSE'
[11.045s] writing manifest file '../../build/py_srvcli/py_srvcli.egg-info/SOURCES.txt'
[11.045s] running build
[11.045s] running build_py
[11.045s] running install
[11.046s] running install_lib
[11.048s] running install_data
[11.157s] running install_egg_info
[11.161s] removing '/home/brairlab/ros2_ws/install/py_srvcli/lib/python3.10/site-packages/py_srvcli-0.0.0-py3.10.egg-info' (and everything under it)
[11.175s] Copying ../../build/py_srvcli/py_srvcli.egg-info to /home/brairlab/ros2_ws/install/py_srvcli/lib/python3.10/site-packages/py_srvcli-0.0.0-py3.10.egg-info
[11.180s] running install_scripts
[11.853s] Installing client script to /home/brairlab/ros2_ws/install/py_srvcli/lib/py_srvcli
[11.902s] Installing service script to /home/brairlab/ros2_ws/install/py_srvcli/lib/py_srvcli
[11.926s] writing list of installed files to '/home/brairlab/ros2_ws/build/py_srvcli/install.log'
[12.521s] Invoked command in '/home/brairlab/ros2_ws/src/py_srvcli' returned '0': PYTHONPATH=/home/brairlab/ros2_ws/build/py_srvcli/prefix_override:/usr/lib/python3/dist-packages/colcon_core/task/python/colcon_distutils_commands:/home/brairlab/ros2_ws/install/py_srvcli/lib/python3.10/site-packages:${PYTHONPATH} /usr/bin/python3 -W ignore:setup.py install is deprecated -W ignore:easy_install command is deprecated setup.py egg_info --egg-base ../../build/py_srvcli build --build-base /home/brairlab/ros2_ws/build/py_srvcli/build install --record /home/brairlab/ros2_ws/build/py_srvcli/install.log --single-version-externally-managed install_data
