[1.315s] Invoking command in '/home/brairlab/ros2_ws/src/py_pubs': PYTHONPATH=/home/brairlab/ros2_ws/build/py_pubs/prefix_override:/usr/lib/python3/dist-packages/colcon_core/task/python/colcon_distutils_commands:/home/brairlab/ros2_ws/install/py_pubs/lib/python3.10/site-packages:${PYTHONPATH} /usr/bin/python3 -W ignore:setup.py install is deprecated -W ignore:easy_install command is deprecated setup.py egg_info --egg-base ../../build/py_pubs build --build-base /home/brairlab/ros2_ws/build/py_pubs/build install --record /home/brairlab/ros2_ws/build/py_pubs/install.log --single-version-externally-managed install_data
[1.645s] running egg_info
[1.674s] writing ../../build/py_pubs/py_pubs.egg-info/PKG-INFO
[1.699s] writing dependency_links to ../../build/py_pubs/py_pubs.egg-info/dependency_links.txt
[1.702s] writing entry points to ../../build/py_pubs/py_pubs.egg-info/entry_points.txt
[1.712s] writing requirements to ../../build/py_pubs/py_pubs.egg-info/requires.txt
[1.713s] writing top-level names to ../../build/py_pubs/py_pubs.egg-info/top_level.txt
[1.720s] reading manifest file '../../build/py_pubs/py_pubs.egg-info/SOURCES.txt'
[1.720s] adding license file 'LICENSE'
[1.720s] writing manifest file '../../build/py_pubs/py_pubs.egg-info/SOURCES.txt'
[1.720s] running build
[1.720s] running build_py
[1.721s] copying py_pubs/subscriber_member_function.py -> /home/brairlab/ros2_ws/build/py_pubs/build/lib/py_pubs
[1.721s] running install
[1.722s] running install_lib
[1.725s] copying /home/brairlab/ros2_ws/build/py_pubs/build/lib/py_pubs/subscriber_member_function.py -> /home/brairlab/ros2_ws/install/py_pubs/lib/python3.10/site-packages/py_pubs
[1.727s] byte-compiling /home/brairlab/ros2_ws/install/py_pubs/lib/python3.10/site-packages/py_pubs/subscriber_member_function.py to subscriber_member_function.cpython-310.pyc
[1.730s] running install_data
[1.730s] running install_egg_info
[1.756s] removing '/home/brairlab/ros2_ws/install/py_pubs/lib/python3.10/site-packages/py_pubs-0.0.0-py3.10.egg-info' (and everything under it)
[1.797s] Copying ../../build/py_pubs/py_pubs.egg-info to /home/brairlab/ros2_ws/install/py_pubs/lib/python3.10/site-packages/py_pubs-0.0.0-py3.10.egg-info
[1.804s] running install_scripts
[1.845s] Installing listener script to /home/brairlab/ros2_ws/install/py_pubs/lib/py_pubs
[1.845s] Installing talker script to /home/brairlab/ros2_ws/install/py_pubs/lib/py_pubs
[1.845s] writing list of installed files to '/home/brairlab/ros2_ws/build/py_pubs/install.log'
[1.912s] Invoked command in '/home/brairlab/ros2_ws/src/py_pubs' returned '0': PYTHONPATH=/home/brairlab/ros2_ws/build/py_pubs/prefix_override:/usr/lib/python3/dist-packages/colcon_core/task/python/colcon_distutils_commands:/home/brairlab/ros2_ws/install/py_pubs/lib/python3.10/site-packages:${PYTHONPATH} /usr/bin/python3 -W ignore:setup.py install is deprecated -W ignore:easy_install command is deprecated setup.py egg_info --egg-base ../../build/py_pubs build --build-base /home/brairlab/ros2_ws/build/py_pubs/build install --record /home/brairlab/ros2_ws/build/py_pubs/install.log --single-version-externally-managed install_data
